Archive member included to satisfy reference by file (symbol)

/app/stm32cubeide/plugins/com.st.stm32cube.ide.mcu.externaltools.gnu-tools-for-stm32.10.3-2021.10.linux64_1.0.200.202301161003/tools/bin/../lib/gcc/arm-none-eabi/10.3.1/../../../../arm-none-eabi/lib/thumb/v7e-m+fp/hard/libc_nano.a(lib_a-errno.o)
                              ./Core/Src/syscalls.o (__errno)
/app/stm32cubeide/plugins/com.st.stm32cube.ide.mcu.externaltools.gnu-tools-for-stm32.10.3-2021.10.linux64_1.0.200.202301161003/tools/bin/../lib/gcc/arm-none-eabi/10.3.1/../../../../arm-none-eabi/lib/thumb/v7e-m+fp/hard/libc_nano.a(lib_a-exit.o)
                              /app/stm32cubeide/plugins/com.st.stm32cube.ide.mcu.externaltools.gnu-tools-for-stm32.10.3-2021.10.linux64_1.0.200.202301161003/tools/bin/../lib/gcc/arm-none-eabi/10.3.1/../../../../arm-none-eabi/lib/thumb/v7e-m+fp/hard/crt0.o (exit)
/app/stm32cubeide/plugins/com.st.stm32cube.ide.mcu.externaltools.gnu-tools-for-stm32.10.3-2021.10.linux64_1.0.200.202301161003/tools/bin/../lib/gcc/arm-none-eabi/10.3.1/../../../../arm-none-eabi/lib/thumb/v7e-m+fp/hard/libc_nano.a(lib_a-impure.o)
                              /app/stm32cubeide/plugins/com.st.stm32cube.ide.mcu.externaltools.gnu-tools-for-stm32.10.3-2021.10.linux64_1.0.200.202301161003/tools/bin/../lib/gcc/arm-none-eabi/10.3.1/../../../../arm-none-eabi/lib/thumb/v7e-m+fp/hard/libc_nano.a(lib_a-exit.o) (_global_impure_ptr)
/app/stm32cubeide/plugins/com.st.stm32cube.ide.mcu.externaltools.gnu-tools-for-stm32.10.3-2021.10.linux64_1.0.200.202301161003/tools/bin/../lib/gcc/arm-none-eabi/10.3.1/../../../../arm-none-eabi/lib/thumb/v7e-m+fp/hard/libc_nano.a(lib_a-init.o)
                              /app/stm32cubeide/plugins/com.st.stm32cube.ide.mcu.externaltools.gnu-tools-for-stm32.10.3-2021.10.linux64_1.0.200.202301161003/tools/bin/../lib/gcc/arm-none-eabi/10.3.1/../../../../arm-none-eabi/lib/thumb/v7e-m+fp/hard/crt0.o (__libc_init_array)
/app/stm32cubeide/plugins/com.st.stm32cube.ide.mcu.externaltools.gnu-tools-for-stm32.10.3-2021.10.linux64_1.0.200.202301161003/tools/bin/../lib/gcc/arm-none-eabi/10.3.1/../../../../arm-none-eabi/lib/thumb/v7e-m+fp/hard/libc_nano.a(lib_a-memcpy-stub.o)
                              ./Core/Src/vl53l1_api.o (memcpy)
/app/stm32cubeide/plugins/com.st.stm32cube.ide.mcu.externaltools.gnu-tools-for-stm32.10.3-2021.10.linux64_1.0.200.202301161003/tools/bin/../lib/gcc/arm-none-eabi/10.3.1/../../../../arm-none-eabi/lib/thumb/v7e-m+fp/hard/libc_nano.a(lib_a-memset.o)
                              /app/stm32cubeide/plugins/com.st.stm32cube.ide.mcu.externaltools.gnu-tools-for-stm32.10.3-2021.10.linux64_1.0.200.202301161003/tools/bin/../lib/gcc/arm-none-eabi/10.3.1/../../../../arm-none-eabi/lib/thumb/v7e-m+fp/hard/crt0.o (memset)
/app/stm32cubeide/plugins/com.st.stm32cube.ide.mcu.externaltools.gnu-tools-for-stm32.10.3-2021.10.linux64_1.0.200.202301161003/tools/bin/../lib/gcc/arm-none-eabi/10.3.1/../../../../arm-none-eabi/lib/thumb/v7e-m+fp/hard/libc_nano.a(lib_a-sprintf.o)
                              ./Core/Src/bno055_stm32_hal.o (sprintf)
/app/stm32cubeide/plugins/com.st.stm32cube.ide.mcu.externaltools.gnu-tools-for-stm32.10.3-2021.10.linux64_1.0.200.202301161003/tools/bin/../lib/gcc/arm-none-eabi/10.3.1/../../../../arm-none-eabi/lib/thumb/v7e-m+fp/hard/libc_nano.a(lib_a-strlen.o)
                              ./Core/Src/bno055_stm32_hal.o (strlen)
/app/stm32cubeide/plugins/com.st.stm32cube.ide.mcu.externaltools.gnu-tools-for-stm32.10.3-2021.10.linux64_1.0.200.202301161003/tools/bin/../lib/gcc/arm-none-eabi/10.3.1/../../../../arm-none-eabi/lib/thumb/v7e-m+fp/hard/libc_nano.a(lib_a-strncpy.o)
                              ./Core/Src/vl53l1_api.o (strncpy)
/app/stm32cubeide/plugins/com.st.stm32cube.ide.mcu.externaltools.gnu-tools-for-stm32.10.3-2021.10.linux64_1.0.200.202301161003/tools/bin/../lib/gcc/arm-none-eabi/10.3.1/../../../../arm-none-eabi/lib/thumb/v7e-m+fp/hard/libc_nano.a(lib_a-nano-svfprintf.o)
                              /app/stm32cubeide/plugins/com.st.stm32cube.ide.mcu.externaltools.gnu-tools-for-stm32.10.3-2021.10.linux64_1.0.200.202301161003/tools/bin/../lib/gcc/arm-none-eabi/10.3.1/../../../../arm-none-eabi/lib/thumb/v7e-m+fp/hard/libc_nano.a(lib_a-sprintf.o) (_svfprintf_r)
/app/stm32cubeide/plugins/com.st.stm32cube.ide.mcu.externaltools.gnu-tools-for-stm32.10.3-2021.10.linux64_1.0.200.202301161003/tools/bin/../lib/gcc/arm-none-eabi/10.3.1/../../../../arm-none-eabi/lib/thumb/v7e-m+fp/hard/libc_nano.a(lib_a-nano-vfprintf_i.o)
                              /app/stm32cubeide/plugins/com.st.stm32cube.ide.mcu.externaltools.gnu-tools-for-stm32.10.3-2021.10.linux64_1.0.200.202301161003/tools/bin/../lib/gcc/arm-none-eabi/10.3.1/../../../../arm-none-eabi/lib/thumb/v7e-m+fp/hard/libc_nano.a(lib_a-nano-svfprintf.o) (_printf_i)
[...]
Memory Configuration

Name             Origin             Length             Attributes
FLASH            0x0000000008100000 0x0000000000100000 xr
RAM              0x0000000010000000 0x0000000000048000 xrw
*default*        0x0000000000000000 0xffffffffffffffff

Linker script and memory map

LOAD /app/stm32cubeide/plugins/com.st.stm32cube.ide.mcu.externaltools.gnu-tools-for-stm32.10.3-2021.10.linux64_1.0.200.202301161003/tools/bin/../lib/gcc/arm-none-eabi/10.3.1/thumb/v7e-m+fp/hard/crti.o
LOAD /app/stm32cubeide/plugins/com.st.stm32cube.ide.mcu.externaltools.gnu-tools-for-stm32.10.3-2021.10.linux64_1.0.200.202301161003/tools/bin/../lib/gcc/arm-none-eabi/10.3.1/thumb/v7e-m+fp/hard/crtbegin.o
LOAD /app/stm32cubeide/plugins/com.st.stm32cube.ide.mcu.externaltools.gnu-tools-for-stm32.10.3-2021.10.linux64_1.0.200.202301161003/tools/bin/../lib/gcc/arm-none-eabi/10.3.1/../../../../arm-none-eabi/lib/thumb/v7e-m+fp/hard/crt0.o
LOAD ./Common/Src/system_stm32h7xx_dualcore_boot_cm4_cm7.o
LOAD ./Core/Src/Motors_PID_and_manager.o
LOAD ./Core/Src/Servos_PID_and_manager.o
LOAD ./Core/Src/bno055.o
LOAD ./Core/Src/bno055_stm32_hal.o
LOAD ./Core/Src/main.o
LOAD ./Core/Src/stm32h7xx_hal_msp.o
LOAD ./Core/Src/stm32h7xx_it.o
LOAD ./Core/Src/syscalls.o
LOAD ./Core/Src/sysmem.o
LOAD ./Core/Src/vl53l1_api.o
LOAD ./Core/Src/vl53l1_api_calibration.o
LOAD ./Core/Src/vl53l1_api_core.o
LOAD ./Core/Src/vl53l1_api_debug.o
LOAD ./Core/Src/vl53l1_api_preset_modes.o
LOAD ./Core/Src/vl53l1_api_strings.o
LOAD ./Core/Src/vl53l1_core.o
LOAD ./Core/Src/vl53l1_core_support.o
LOAD ./Core/Src/vl53l1_error_strings.o
LOAD ./Core/Src/vl53l1_platform.o
LOAD ./Core/Src/vl53l1_platform_init.o
LOAD ./Core/Src/vl53l1_platform_log.o
LOAD ./Core/Src/vl53l1_register_funcs.o
LOAD ./Core/Src/vl53l1_silicon_core.o
LOAD ./Core/Src/vl53l1_wait.o
LOAD ./Core/Startup/startup_stm32h745zitx.o
LOAD ./Drivers/STM32H7xx_HAL_Driver/stm32h7xx_hal.o
LOAD ./Drivers/STM32H7xx_HAL_Driver/stm32h7xx_hal_cortex.o
LOAD ./Drivers/STM32H7xx_HAL_Driver/stm32h7xx_hal_dma.o
LOAD ./Drivers/STM32H7xx_HAL_Driver/stm32h7xx_hal_dma_ex.o
LOAD ./Drivers/STM32H7xx_HAL_Driver/stm32h7xx_hal_exti.o
LOAD ./Drivers/STM32H7xx_HAL_Driver/stm32h7xx_hal_flash.o
LOAD ./Drivers/STM32H7xx_HAL_Driver/stm32h7xx_hal_flash_ex.o
LOAD ./Drivers/STM32H7xx_HAL_Driver/stm32h7xx_hal_gpio.o
LOAD ./Drivers/STM32H7xx_HAL_Driver/stm32h7xx_hal_hsem.o
LOAD ./Drivers/STM32H7xx_HAL_Driver/stm32h7xx_hal_i2c.o
LOAD ./Drivers/STM32H7xx_HAL_Driver/stm32h7xx_hal_i2c_ex.o
LOAD ./Drivers/STM32H7xx_HAL_Driver/stm32h7xx_hal_mdma.o
LOAD ./Drivers/STM32H7xx_HAL_Driver/stm32h7xx_hal_pwr.o
LOAD ./Drivers/STM32H7xx_HAL_Driver/stm32h7xx_hal_pwr_ex.o
LOAD ./Drivers/STM32H7xx_HAL_Driver/stm32h7xx_hal_rcc.o
LOAD ./Drivers/STM32H7xx_HAL_Driver/stm32h7xx_hal_rcc_ex.o
LOAD ./Drivers/STM32H7xx_HAL_Driver/stm32h7xx_hal_tim.o
LOAD ./Drivers/STM32H7xx_HAL_Driver/stm32h7xx_hal_tim_ex.o
LOAD ./Drivers/STM32H7xx_HAL_Driver/stm32h7xx_hal_uart.o
LOAD ./Drivers/STM32H7xx_HAL_Driver/stm32h7xx_hal_uart_ex.o
START GROUP
LOAD /app/stm32cubeide/plugins/com.st.stm32cube.ide.mcu.externaltools.gnu-tools-for-stm32.10.3-2021.10.linux64_1.0.200.202301161003/tools/bin/../lib/gcc/arm-none-eabi/10.3.1/../../../../arm-none-eabi/lib/thumb/v7e-m+fp/hard/libc_nano.a
LOAD /app/stm32cubeide/plugins/com.st.stm32cube.ide.mcu.externaltools.gnu-tools-for-stm32.10.3-2021.10.linux64_1.0.200.202301161003/tools/bin/../lib/gcc/arm-none-eabi/10.3.1/../../../../arm-none-eabi/lib/thumb/v7e-m+fp/hard/libm.a
END GROUP
START GROUP
LOAD /app/stm32cubeide/plugins/com.st.stm32cube.ide.mcu.externaltools.gnu-tools-for-stm32.10.3-2021.10.linux64_1.0.200.202301161003/tools/bin/../lib/gcc/arm-none-eabi/10.3.1/thumb/v7e-m+fp/hard/libgcc.a
LOAD /app/stm32cubeide/plugins/com.st.stm32cube.ide.mcu.externaltools.gnu-tools-for-stm32.10.3-2021.10.linux64_1.0.200.202301161003/tools/bin/../lib/gcc/arm-none-eabi/10.3.1/../../../../arm-none-eabi/lib/thumb/v7e-m+fp/hard/libc_nano.a
END GROUP
START GROUP
LOAD /app/stm32cubeide/plugins/com.st.stm32cube.ide.mcu.externaltools.gnu-tools-for-stm32.10.3-2021.10.linux64_1.0.200.202301161003/tools/bin/../lib/gcc/arm-none-eabi/10.3.1/thumb/v7e-m+fp/hard/libgcc.a
LOAD /app/stm32cubeide/plugins/com.st.stm32cube.ide.mcu.externaltools.gnu-tools-for-stm32.10.3-2021.10.linux64_1.0.200.202301161003/tools/bin/../lib/gcc/arm-none-eabi/10.3.1/../../../../arm-none-eabi/lib/thumb/v7e-m+fp/hard/libc_nano.a
LOAD /app/stm32cubeide/plugins/com.st.stm32cube.ide.mcu.externaltools.gnu-tools-for-stm32.10.3-2021.10.linux64_1.0.200.202301161003/tools/bin/../lib/gcc/arm-none-eabi/10.3.1/../../../../arm-none-eabi/lib/thumb/v7e-m+fp/hard/libnosys.a
END GROUP
START GROUP
LOAD /app/stm32cubeide/plugins/com.st.stm32cube.ide.mcu.externaltools.gnu-tools-for-stm32.10.3-2021.10.linux64_1.0.200.202301161003/tools/bin/../lib/gcc/arm-none-eabi/10.3.1/thumb/v7e-m+fp/hard/libgcc.a
LOAD /app/stm32cubeide/plugins/com.st.stm32cube.ide.mcu.externaltools.gnu-tools-for-stm32.10.3-2021.10.linux64_1.0.200.202301161003/tools/bin/../lib/gcc/arm-none-eabi/10.3.1/../../../../arm-none-eabi/lib/thumb/v7e-m+fp/hard/libc_nano.a
LOAD /app/stm32cubeide/plugins/com.st.stm32cube.ide.mcu.externaltools.gnu-tools-for-stm32.10.3-2021.10.linux64_1.0.200.202301161003/tools/bin/../lib/gcc/arm-none-eabi/10.3.1/../../../../arm-none-eabi/lib/thumb/v7e-m+fp/hard/libnosys.a
END GROUP
LOAD /app/stm32cubeide/plugins/com.st.stm32cube.ide.mcu.externaltools.gnu-tools-for-stm32.10.3-2021.10.linux64_1.0.200.202301161003/tools/bin/../lib/gcc/arm-none-eabi/10.3.1/thumb/v7e-m+fp/hard/crtend.o
LOAD /app/stm32cubeide/plugins/com.st.stm32cube.ide.mcu.externaltools.gnu-tools-for-stm32.10.3-2021.10.linux64_1.0.200.202301161003/tools/bin/../lib/gcc/arm-none-eabi/10.3.1/thumb/v7e-m+fp/hard/crtn.o
                0x0000000010048000                _estack = (ORIGIN (RAM) + LENGTH (RAM))
                0x0000000000000200                _Min_Heap_Size = 0x200
                0x0000000000000400                _Min_Stack_Size = 0x400

.isr_vector     0x0000000008100000      0x298
                0x0000000008100000                . = ALIGN (0x4)
 *(.isr_vector)
 .isr_vector    0x0000000008100000      0x298 ./Core/Startup/startup_stm32h745zitx.o
                0x0000000008100000                g_pfnVectors
                0x0000000008100298                . = ALIGN (0x4)

.text           0x00000000081002a0     0xe874
                0x00000000081002a0                . = ALIGN (0x4)
 *(.text)
 .text          0x00000000081002a0       0x40 /app/stm32cubeide/plugins/com.st.stm32cube.ide.mcu.externaltools.gnu-tools-for-stm32.10.3-2021.10.linux64_1.0.200.202301161003/tools/bin/../lib/gcc/arm-none-eabi/10.3.1/thumb/v7e-m+fp/hard/crtbegin.o
 .text          0x00000000081002e0       0x10 /app/stm32cubeide/plugins/com.st.stm32cube.ide.mcu.externaltools.gnu-tools-for-stm32.10.3-2021.10.linux64_1.0.200.202301161003/tools/bin/../lib/gcc/arm-none-eabi/10.3.1/../../../../arm-none-eabi/lib/thumb/v7e-m+fp/hard/libc_nano.a(lib_a-strlen.o)
                0x00000000081002e0                strlen
 .text          0x00000000081002f0       0xa0 /app/stm32cubeide/plugins/com.st.stm32cube.ide.mcu.externaltools.gnu-tools-for-stm32.10.3-2021.10.linux64_1.0.200.202301161003/tools/bin/../lib/gcc/arm-none-eabi/10.3.1/../../../../arm-none-eabi/lib/thumb/v7e-m+fp/hard/libc_nano.a(lib_a-memchr.o)
                0x00000000081002f0                memchr
 .text          0x0000000008100390      0x378 /app/stm32cubeide/plugins/com.st.stm32cube.ide.mcu.externaltools.gnu-tools-for-stm32.10.3-2021.10.linux64_1.0.200.202301161003/tools/bin/../lib/gcc/arm-none-eabi/10.3.1/thumb/v7e-m+fp/hard/libgcc.a(_arm_addsubdf3.o)
                0x0000000008100390                __aeabi_drsub
                0x0000000008100398                __aeabi_dsub
                0x0000000008100398                __subdf3
                0x000000000810039c                __adddf3
                0x000000000810039c                __aeabi_dadd
                0x0000000008100614                __aeabi_ui2d
                0x0000000008100614                __floatunsidf
                0x0000000008100634                __floatsidf
                0x0000000008100634                __aeabi_i2d
                0x0000000008100658                __extendsfdf2
                0x0000000008100658                __aeabi_f2d
                0x000000000810069c                __aeabi_ul2d
                0x000000000810069c                __floatundidf
                0x00000000081006ac                __floatdidf
                0x00000000081006ac                __aeabi_l2d
 .text          0x0000000008100708      0x424 /app/stm32cubeide/plugins/com.st.stm32cube.ide.mcu.externaltools.gnu-tools-for-stm32.10.3-2021.10.linux64_1.0.200.202301161003/tools/bin/../lib/gcc/arm-none-eabi/10.3.1/thumb/v7e-m+fp/hard/libgcc.a(_arm_muldivdf3.o)
                0x0000000008100708                __aeabi_dmul
                0x0000000008100708                __muldf3
                0x000000000810095c                __aeabi_ddiv
                0x000000000810095c                __divdf3
 .text          0x0000000008100b2c       0xa0 /app/stm32cubeide/plugins/com.st.stm32cube.ide.mcu.externaltools.gnu-tools-for-stm32.10.3-2021.10.linux64_1.0.200.202301161003/tools/bin/../lib/gcc/arm-none-eabi/10.3.1/thumb/v7e-m+fp/hard/libgcc.a(_arm_truncdfsf2.o)
                0x0000000008100b2c                __aeabi_d2f
                0x0000000008100b2c                __truncdfsf2
 .text          0x0000000008100bcc       0x30 /app/stm32cubeide/plugins/com.st.stm32cube.ide.mcu.externaltools.gnu-tools-for-stm32.10.3-2021.10.linux64_1.0.200.202301161003/tools/bin/../lib/gcc/arm-none-eabi/10.3.1/thumb/v7e-m+fp/hard/libgcc.a(_aeabi_uldivmod.o)
                0x0000000008100bcc                __aeabi_uldivmod
 .text          0x0000000008100bfc      0x2d0 /app/stm32cubeide/plugins/com.st.stm32cube.ide.mcu.externaltools.gnu-tools-for-stm32.10.3-2021.10.linux64_1.0.200.202301161003/tools/bin/../lib/gcc/arm-none-eabi/10.3.1/thumb/v7e-m+fp/hard/libgcc.a(_udivmoddi4.o)
                0x0000000008100bfc                __udivmoddi4
 .text          0x0000000008100ecc        0x4 /app/stm32cubeide/plugins/com.st.stm32cube.ide.mcu.externaltools.gnu-tools-for-stm32.10.3-2021.10.linux64_1.0.200.202301161003/tools/bin/../lib/gcc/arm-none-eabi/10.3.1/thumb/v7e-m+fp/hard/libgcc.a(_dvmd_tls.o)
                0x0000000008100ecc                __aeabi_ldiv0
                0x0000000008100ecc                __aeabi_idiv0
 *(.text*)
 .text.SystemInit
                0x0000000008100ed0       0x30 ./Common/Src/system_stm32h7xx_dualcore_boot_cm4_cm7.o
                0x0000000008100ed0                SystemInit
 .text.safe_startup
                0x0000000008100f00       0x2c ./Core/Src/Motors_PID_and_manager.o
                0x0000000008100f00                safe_startup
 .text.motors_pid_turner_and_turn_on
                0x0000000008100f2c       0x74 ./Core/Src/Motors_PID_and_manager.o
                0x0000000008100f2c                motors_pid_turner_and_turn_on
 .text.pid_motors
                0x0000000008100fa0      0x124 ./Core/Src/Motors_PID_and_manager.o
                0x0000000008100fa0                pid_motors
 .text.motor_actuation
                0x00000000081010c4       0x28 ./Core/Src/Motors_PID_and_manager.o
                0x00000000081010c4                motor_actuation
 .text.HAL_TIM_PeriodElapsedCallback
                0x00000000081010ec       0x50 ./Core/Src/Motors_PID_and_manager.o
                0x00000000081010ec                HAL_TIM_PeriodElapsedCallback
 .text.HAL_GPIO_EXTI_Callback
                0x000000000810113c       0x54 ./Core/Src/Motors_PID_and_manager.o
                0x000000000810113c                HAL_GPIO_EXTI_Callback
 .text.DPDF_BNO055_firmware_read_init
                0x0000000008101190       0x4a ./Core/Src/Servos_PID_and_manager.o
                0x0000000008101190                DPDF_BNO055_firmware_read_init
 .text.pid_servo_init
                0x00000000081011da       0x4c ./Core/Src/Servos_PID_and_manager.o
                0x00000000081011da                pid_servo_init
 *fill*         0x0000000008101226        0x2 
 .text.bno055_init
                0x0000000008101228      0x180 ./Core/Src/bno055.o
                0x0000000008101228                bno055_init
 .text.bno055_write_register
                0x00000000081013a8       0x4c ./Core/Src/bno055.o
                0x00000000081013a8                bno055_write_register
 .text.bno055_write_page_id
                0x00000000081013f4       0x90 ./Core/Src/bno055.o
                0x00000000081013f4                bno055_write_page_id
 .text.bno055_read_euler_hrp
                0x0000000008101484       0xdc ./Core/Src/bno055.o
                0x0000000008101484                bno055_read_euler_hrp
 .text.bno055_convert_float_euler_hpr_deg
                0x0000000008101560       0xf8 ./Core/Src/bno055.o
                0x0000000008101560                bno055_convert_float_euler_hpr_deg
 .text.bno055_get_euler_unit
                0x0000000008101658       0x88 ./Core/Src/bno055.o
                0x0000000008101658                bno055_get_euler_unit
 .text.bno055_set_euler_unit
                0x00000000081016e0       0xf8 ./Core/Src/bno055.o
                0x00000000081016e0                bno055_set_euler_unit
 .text.bno055_get_operation_mode
                0x00000000081017d8       0x84 ./Core/Src/bno055.o
                0x00000000081017d8                bno055_get_operation_mode
 .text.bno055_set_operation_mode
                0x000000000810185c      0x190 ./Core/Src/bno055.o
                0x000000000810185c                bno055_set_operation_mode
 .text.delay_func
                0x00000000081019ec       0x16 ./Core/Src/bno055_stm32_hal.o
                0x00000000081019ec                delay_func
 *fill*         0x0000000008101a02        0x2 
 .text.bus_read
                0x0000000008101a04       0x8c ./Core/Src/bno055_stm32_hal.o
                0x0000000008101a04                bus_read
 .text.bus_write
                0x0000000008101a90       0x8c ./Core/Src/bno055_stm32_hal.o
                0x0000000008101a90                bus_write
 .text.main     0x0000000008101b1c      0x38c ./Core/Src/main.o
                0x0000000008101b1c                main
 .text.MX_I2C1_Init
                0x0000000008101ea8       0x80 ./Core/Src/main.o
 .text.MX_I2C2_Init
                0x0000000008101f28       0x80 ./Core/Src/main.o
 .text.MX_TIM2_Init
                0x0000000008101fa8       0xcc ./Core/Src/main.o
 .text.MX_TIM4_Init
                0x0000000008102074       0xcc ./Core/Src/main.o
 .text.MX_TIM6_Init
                0x0000000008102140       0x70 ./Core/Src/main.o
 .text.MX_TIM7_Init
                0x00000000081021b0       0x6c ./Core/Src/main.o
 .text.MX_USART3_UART_Init
                0x000000000810221c       0x98 ./Core/Src/main.o
 .text.MX_GPIO_Init
                0x00000000081022b4      0x1d8 ./Core/Src/main.o
 .text.Error_Handler
                0x000000000810248c        0xa ./Core/Src/main.o
                0x000000000810248c                Error_Handler
 *fill*         0x0000000008102496        0x2 
 .text.HAL_MspInit
                0x0000000008102498       0x34 ./Core/Src/stm32h7xx_hal_msp.o
                0x0000000008102498                HAL_MspInit
 .text.HAL_I2C_MspInit
                0x00000000081024cc      0x170 ./Core/Src/stm32h7xx_hal_msp.o
                0x00000000081024cc                HAL_I2C_MspInit
 .text.HAL_TIM_PWM_MspInit
                0x000000000810263c       0x70 ./Core/Src/stm32h7xx_hal_msp.o
                0x000000000810263c                HAL_TIM_PWM_MspInit
 .text.HAL_TIM_Base_MspInit
                0x00000000081026ac       0x90 ./Core/Src/stm32h7xx_hal_msp.o
                0x00000000081026ac                HAL_TIM_Base_MspInit
 .text.HAL_TIM_MspPostInit
                0x000000000810273c      0x108 ./Core/Src/stm32h7xx_hal_msp.o
                0x000000000810273c                HAL_TIM_MspPostInit
 .text.HAL_UART_MspInit
                0x0000000008102844       0xd4 ./Core/Src/stm32h7xx_hal_msp.o
                0x0000000008102844                HAL_UART_MspInit
 .text.NMI_Handler
                0x0000000008102918        0x6 ./Core/Src/stm32h7xx_it.o
                0x0000000008102918                NMI_Handler
 .text.HardFault_Handler
                0x000000000810291e        0x6 ./Core/Src/stm32h7xx_it.o
                0x000000000810291e                HardFault_Handler
 .text.MemManage_Handler
                0x0000000008102924        0x6 ./Core/Src/stm32h7xx_it.o
                0x0000000008102924                MemManage_Handler
 .text.BusFault_Handler
                0x000000000810292a        0x6 ./Core/Src/stm32h7xx_it.o
                0x000000000810292a                BusFault_Handler
 .text.UsageFault_Handler
                0x0000000008102930        0x6 ./Core/Src/stm32h7xx_it.o
                0x0000000008102930                UsageFault_Handler
 .text.SVC_Handler
                0x0000000008102936        0xe ./Core/Src/stm32h7xx_it.o
                0x0000000008102936                SVC_Handler
 .text.DebugMon_Handler
                0x0000000008102944        0xe ./Core/Src/stm32h7xx_it.o
                0x0000000008102944                DebugMon_Handler
 .text.PendSV_Handler
                0x0000000008102952        0xe ./Core/Src/stm32h7xx_it.o
                0x0000000008102952                PendSV_Handler
 .text.SysTick_Handler
                0x0000000008102960        0xc ./Core/Src/stm32h7xx_it.o
                0x0000000008102960                SysTick_Handler
 .text.EXTI9_5_IRQHandler
                0x000000000810296c        0xe ./Core/Src/stm32h7xx_it.o
                0x000000000810296c                EXTI9_5_IRQHandler
 .text.EXTI15_10_IRQHandler
                0x000000000810297a       0x18 ./Core/Src/stm32h7xx_it.o
                0x000000000810297a                EXTI15_10_IRQHandler
 *fill*         0x0000000008102992        0x2 
 .text.TIM6_DAC_IRQHandler
                0x0000000008102994       0x14 ./Core/Src/stm32h7xx_it.o
                0x0000000008102994                TIM6_DAC_IRQHandler
 .text.TIM7_IRQHandler
                0x00000000081029a8       0x14 ./Core/Src/stm32h7xx_it.o
                0x00000000081029a8                TIM7_IRQHandler
 .text._sbrk    0x00000000081029bc       0x6c ./Core/Src/sysmem.o
                0x00000000081029bc                _sbrk
 .text.VL53L1_DataInit
                0x0000000008102a28       0x72 ./Core/Src/vl53l1_api.o
                0x0000000008102a28                VL53L1_DataInit
 .text.VL53L1_StaticInit
                0x0000000008102a9a       0x3e ./Core/Src/vl53l1_api.o
                0x0000000008102a9a                VL53L1_StaticInit
 .text.VL53L1_WaitDeviceBooted
                0x0000000008102ad8       0x26 ./Core/Src/vl53l1_api.o
                0x0000000008102ad8                VL53L1_WaitDeviceBooted
 *fill*         0x0000000008102afe        0x2 
 .text.ComputeDevicePresetMode
                0x0000000008102b00       0xd0 ./Core/Src/vl53l1_api.o
 .text.SetPresetMode
                0x0000000008102bd0       0xde ./Core/Src/vl53l1_api.o
 .text.VL53L1_SetPresetMode
                0x0000000008102cae       0x8a ./Core/Src/vl53l1_api.o
                0x0000000008102cae                VL53L1_SetPresetMode
 .text.VL53L1_SetDistanceMode
                0x0000000008102d38       0xea ./Core/Src/vl53l1_api.o
                0x0000000008102d38                VL53L1_SetDistanceMode
 *fill*         0x0000000008102e22        0x2 
 .text.VL53L1_SetMeasurementTimingBudgetMicroSeconds
                0x0000000008102e24      0x1c0 ./Core/Src/vl53l1_api.o
                0x0000000008102e24                VL53L1_SetMeasurementTimingBudgetMicroSeconds
 .text.VL53L1_GetMeasurementTimingBudgetMicroSeconds
                0x0000000008102fe4      0x158 ./Core/Src/vl53l1_api.o
                0x0000000008102fe4                VL53L1_GetMeasurementTimingBudgetMicroSeconds
 .text.VL53L1_SetInterMeasurementPeriodMilliSeconds
                0x000000000810313c       0x40 ./Core/Src/vl53l1_api.o
                0x000000000810313c                VL53L1_SetInterMeasurementPeriodMilliSeconds
 .text.VL53L1_GetInterMeasurementPeriodMilliSeconds
                0x000000000810317c       0x48 ./Core/Src/vl53l1_api.o
                0x000000000810317c                VL53L1_GetInterMeasurementPeriodMilliSeconds
 .text.SetLimitValue
                0x00000000081031c4       0x52 ./Core/Src/vl53l1_api.o
 .text.VL53L1_SetLimitCheckEnable
                0x0000000008103216       0x7c ./Core/Src/vl53l1_api.o
                0x0000000008103216                VL53L1_SetLimitCheckEnable
 .text.VL53L1_GetLimitCheckEnable
                0x0000000008103292       0x46 ./Core/Src/vl53l1_api.o
                0x0000000008103292                VL53L1_GetLimitCheckEnable
 .text.VL53L1_GetLimitCheckValue
                0x00000000081032d8       0xb2 ./Core/Src/vl53l1_api.o
                0x00000000081032d8                VL53L1_GetLimitCheckValue
 .text.VL53L1_GetSequenceStepEnable
                0x000000000810338a       0x2e ./Core/Src/vl53l1_api.o
                0x000000000810338a                VL53L1_GetSequenceStepEnable
 .text.VL53L1_StartMeasurement
                0x00000000081033b8       0xd8 ./Core/Src/vl53l1_api.o
                0x00000000081033b8                VL53L1_StartMeasurement
 .text.VL53L1_ClearInterruptAndStartMeasurement
                0x0000000008103490       0x2c ./Core/Src/vl53l1_api.o
                0x0000000008103490                VL53L1_ClearInterruptAndStartMeasurement
 .text.ComputeRQL
                0x00000000081034bc       0xf0 ./Core/Src/vl53l1_api.o
 .text.ConvertStatusLite
                0x00000000081035ac       0xa0 ./Core/Src/vl53l1_api.o
 .text.SetSimpleData
                0x000000000810364c      0x1c0 ./Core/Src/vl53l1_api.o
 .text.VL53L1_GetRangingMeasurementData
                0x000000000810380c       0x78 ./Core/Src/vl53l1_api.o
                0x000000000810380c                VL53L1_GetRangingMeasurementData
 .text.VL53L1_LoadPatch
                0x0000000008103884      0x250 ./Core/Src/vl53l1_api.o
 .text.VL53L1_poll_for_boot_completion
                0x0000000008103ad4       0x9c ./Core/Src/vl53l1_api.o
                0x0000000008103ad4                VL53L1_poll_for_boot_completion
 .text.VL53L1_total_platform_init
                0x0000000008103b70       0xa0 ./Core/Src/vl53l1_api.o
                0x0000000008103b70                VL53L1_total_platform_init
 .text.VL53L1_data_init
                0x0000000008103c10      0x13a ./Core/Src/vl53l1_api_core.o
                0x0000000008103c10                VL53L1_data_init
 .text.VL53L1_read_p2p_data
                0x0000000008103d4a      0x100 ./Core/Src/vl53l1_api_core.o
                0x0000000008103d4a                VL53L1_read_p2p_data
 .text.VL53L1_set_inter_measurement_period_ms
                0x0000000008103e4a       0x52 ./Core/Src/vl53l1_api_core.o
                0x0000000008103e4a                VL53L1_set_inter_measurement_period_ms
 .text.VL53L1_get_inter_measurement_period_ms
                0x0000000008103e9c       0x4c ./Core/Src/vl53l1_api_core.o
                0x0000000008103e9c                VL53L1_get_inter_measurement_period_ms
 .text.VL53L1_set_timeouts_us
                0x0000000008103ee8       0x70 ./Core/Src/vl53l1_api_core.o
                0x0000000008103ee8                VL53L1_set_timeouts_us
 .text.VL53L1_get_timeouts_us
                0x0000000008103f58       0xd6 ./Core/Src/vl53l1_api_core.o
                0x0000000008103f58                VL53L1_get_timeouts_us
 .text.VL53L1_get_sequence_config_bit
                0x000000000810402e       0x6e ./Core/Src/vl53l1_api_core.o
                0x000000000810402e                VL53L1_get_sequence_config_bit
 .text.VL53L1_set_user_zone
                0x000000000810409c       0x46 ./Core/Src/vl53l1_api_core.o
                0x000000000810409c                VL53L1_set_user_zone
 .text.VL53L1_get_user_zone
                0x00000000081040e2       0x44 ./Core/Src/vl53l1_api_core.o
                0x00000000081040e2                VL53L1_get_user_zone
 .text.VL53L1_get_mode_mitigation_roi
                0x0000000008104126       0x68 ./Core/Src/vl53l1_api_core.o
                0x0000000008104126                VL53L1_get_mode_mitigation_roi
 *fill*         0x000000000810418e        0x2 
 .text.VL53L1_get_preset_mode_timing_cfg
                0x0000000008104190      0x154 ./Core/Src/vl53l1_api_core.o
                0x0000000008104190                VL53L1_get_preset_mode_timing_cfg
 .text.VL53L1_set_preset_mode
                0x00000000081042e4      0x2ec ./Core/Src/vl53l1_api_core.o
                0x00000000081042e4                VL53L1_set_preset_mode
 .text.VL53L1_get_lite_sigma_threshold
                0x00000000081045d0       0x2c ./Core/Src/vl53l1_api_core.o
                0x00000000081045d0                VL53L1_get_lite_sigma_threshold
 .text.VL53L1_set_lite_sigma_threshold
                0x00000000081045fc       0x2c ./Core/Src/vl53l1_api_core.o
                0x00000000081045fc                VL53L1_set_lite_sigma_threshold
 .text.VL53L1_get_lite_min_count_rate
                0x0000000008104628       0x2c ./Core/Src/vl53l1_api_core.o
                0x0000000008104628                VL53L1_get_lite_min_count_rate
 .text.VL53L1_set_lite_min_count_rate
                0x0000000008104654       0x2c ./Core/Src/vl53l1_api_core.o
                0x0000000008104654                VL53L1_set_lite_min_count_rate
 .text.VL53L1_set_vhv_loopbound
                0x0000000008104680       0x40 ./Core/Src/vl53l1_api_core.o
                0x0000000008104680                VL53L1_set_vhv_loopbound
 .text.VL53L1_init_and_start_range
                0x00000000081046c0      0x4c4 ./Core/Src/vl53l1_api_core.o
                0x00000000081046c0                VL53L1_init_and_start_range
 .text.VL53L1_get_measurement_results
                0x0000000008104b84      0x178 ./Core/Src/vl53l1_api_core.o
                0x0000000008104b84                VL53L1_get_measurement_results
 .text.VL53L1_get_device_results
                0x0000000008104cfc       0xe0 ./Core/Src/vl53l1_api_core.o
                0x0000000008104cfc                VL53L1_get_device_results
 .text.VL53L1_clear_interrupt_and_enable_next_range
                0x0000000008104ddc       0x34 ./Core/Src/vl53l1_api_core.o
                0x0000000008104ddc                VL53L1_clear_interrupt_and_enable_next_range
 .text.VL53L1_copy_sys_and_core_results_to_range_results
                0x0000000008104e10      0x234 ./Core/Src/vl53l1_api_core.o
                0x0000000008104e10                VL53L1_copy_sys_and_core_results_to_range_results
 .text.VL53L1_get_tuning_parm
                0x0000000008105044      0x448 ./Core/Src/vl53l1_api_core.o
                0x0000000008105044                VL53L1_get_tuning_parm
 .text.VL53L1_init_refspadchar_config_struct
                0x000000000810548c       0x48 ./Core/Src/vl53l1_api_preset_modes.o
                0x000000000810548c                VL53L1_init_refspadchar_config_struct
 .text.VL53L1_init_ssc_config_struct
                0x00000000081054d4       0x42 ./Core/Src/vl53l1_api_preset_modes.o
                0x00000000081054d4                VL53L1_init_ssc_config_struct
 .text.VL53L1_init_xtalk_config_struct
                0x0000000008105516       0xc4 ./Core/Src/vl53l1_api_preset_modes.o
                0x0000000008105516                VL53L1_init_xtalk_config_struct
 .text.VL53L1_init_offset_cal_config_struct
                0x00000000081055da       0x4e ./Core/Src/vl53l1_api_preset_modes.o
                0x00000000081055da                VL53L1_init_offset_cal_config_struct
 .text.VL53L1_init_tuning_parm_storage_struct
                0x0000000008105628      0x11e ./Core/Src/vl53l1_api_preset_modes.o
                0x0000000008105628                VL53L1_init_tuning_parm_storage_struct
 .text.VL53L1_preset_mode_standard_ranging
                0x0000000008105746      0x23c ./Core/Src/vl53l1_api_preset_modes.o
                0x0000000008105746                VL53L1_preset_mode_standard_ranging
 .text.VL53L1_preset_mode_standard_ranging_short_range
                0x0000000008105982       0x82 ./Core/Src/vl53l1_api_preset_modes.o
                0x0000000008105982                VL53L1_preset_mode_standard_ranging_short_range
 .text.VL53L1_preset_mode_standard_ranging_long_range
                0x0000000008105a04       0x82 ./Core/Src/vl53l1_api_preset_modes.o
                0x0000000008105a04                VL53L1_preset_mode_standard_ranging_long_range
 .text.VL53L1_preset_mode_standard_ranging_mm1_cal
                0x0000000008105a86       0x4a ./Core/Src/vl53l1_api_preset_modes.o
                0x0000000008105a86                VL53L1_preset_mode_standard_ranging_mm1_cal
 .text.VL53L1_preset_mode_standard_ranging_mm2_cal
                0x0000000008105ad0       0x4a ./Core/Src/vl53l1_api_preset_modes.o
                0x0000000008105ad0                VL53L1_preset_mode_standard_ranging_mm2_cal
 .text.VL53L1_preset_mode_timed_ranging
                0x0000000008105b1a       0x74 ./Core/Src/vl53l1_api_preset_modes.o
                0x0000000008105b1a                VL53L1_preset_mode_timed_ranging
 .text.VL53L1_preset_mode_timed_ranging_short_range
                0x0000000008105b8e       0x74 ./Core/Src/vl53l1_api_preset_modes.o
                0x0000000008105b8e                VL53L1_preset_mode_timed_ranging_short_range
 .text.VL53L1_preset_mode_timed_ranging_long_range
                0x0000000008105c02       0x74 ./Core/Src/vl53l1_api_preset_modes.o
                0x0000000008105c02                VL53L1_preset_mode_timed_ranging_long_range
 .text.VL53L1_preset_mode_low_power_auto_ranging
                0x0000000008105c76       0x4c ./Core/Src/vl53l1_api_preset_modes.o
                0x0000000008105c76                VL53L1_preset_mode_low_power_auto_ranging
 .text.VL53L1_preset_mode_low_power_auto_short_ranging
                0x0000000008105cc2       0x4c ./Core/Src/vl53l1_api_preset_modes.o
                0x0000000008105cc2                VL53L1_preset_mode_low_power_auto_short_ranging
 .text.VL53L1_preset_mode_low_power_auto_long_ranging
                0x0000000008105d0e       0x4c ./Core/Src/vl53l1_api_preset_modes.o
                0x0000000008105d0e                VL53L1_preset_mode_low_power_auto_long_ranging
 .text.VL53L1_preset_mode_singleshot_ranging
                0x0000000008105d5a       0x6c ./Core/Src/vl53l1_api_preset_modes.o
                0x0000000008105d5a                VL53L1_preset_mode_singleshot_ranging
 .text.VL53L1_preset_mode_olt
                0x0000000008105dc6       0x44 ./Core/Src/vl53l1_api_preset_modes.o
                0x0000000008105dc6                VL53L1_preset_mode_olt
 .text.VL53L1_init_version
                0x0000000008105e0a       0x38 ./Core/Src/vl53l1_core.o
                0x0000000008105e0a                VL53L1_init_version
 .text.VL53L1_init_ll_driver_state
                0x0000000008105e42       0x52 ./Core/Src/vl53l1_core.o
                0x0000000008105e42                VL53L1_init_ll_driver_state
 .text.VL53L1_update_ll_driver_rd_state
                0x0000000008105e94      0x110 ./Core/Src/vl53l1_core.o
                0x0000000008105e94                VL53L1_update_ll_driver_rd_state
 .text.VL53L1_check_ll_driver_rd_state
                0x0000000008105fa4       0x96 ./Core/Src/vl53l1_core.o
                0x0000000008105fa4                VL53L1_check_ll_driver_rd_state
 .text.VL53L1_update_ll_driver_cfg_state
                0x000000000810603a       0xcc ./Core/Src/vl53l1_core.o
                0x000000000810603a                VL53L1_update_ll_driver_cfg_state
 .text.VL53L1_copy_rtn_good_spads_to_buffer
                0x0000000008106106      0x174 ./Core/Src/vl53l1_core.o
                0x0000000008106106                VL53L1_copy_rtn_good_spads_to_buffer
 .text.VL53L1_i2c_encode_uint16_t
                0x000000000810627a       0x56 ./Core/Src/vl53l1_core.o
                0x000000000810627a                VL53L1_i2c_encode_uint16_t
 .text.VL53L1_i2c_decode_uint16_t
                0x00000000081062d0       0x40 ./Core/Src/vl53l1_core.o
                0x00000000081062d0                VL53L1_i2c_decode_uint16_t
 .text.VL53L1_i2c_encode_int16_t
                0x0000000008106310       0x58 ./Core/Src/vl53l1_core.o
                0x0000000008106310                VL53L1_i2c_encode_int16_t
 .text.VL53L1_i2c_decode_int16_t
                0x0000000008106368       0x52 ./Core/Src/vl53l1_core.o
                0x0000000008106368                VL53L1_i2c_decode_int16_t
 .text.VL53L1_i2c_encode_uint32_t
                0x00000000081063ba       0x54 ./Core/Src/vl53l1_core.o
                0x00000000081063ba                VL53L1_i2c_encode_uint32_t
 .text.VL53L1_i2c_decode_uint32_t
                0x000000000810640e       0x3a ./Core/Src/vl53l1_core.o
                0x000000000810640e                VL53L1_i2c_decode_uint32_t
 .text.VL53L1_i2c_decode_int32_t
                0x0000000008106448       0x4a ./Core/Src/vl53l1_core.o
                0x0000000008106448                VL53L1_i2c_decode_int32_t
 .text.VL53L1_set_powerforce_register
                0x0000000008106492       0x3c ./Core/Src/vl53l1_core.o
                0x0000000008106492                VL53L1_set_powerforce_register
 .text.VL53L1_enable_powerforce
                0x00000000081064ce       0x24 ./Core/Src/vl53l1_core.o
                0x00000000081064ce                VL53L1_enable_powerforce
 .text.VL53L1_calc_macro_period_us
                0x00000000081064f2       0x5e ./Core/Src/vl53l1_core.o
                0x00000000081064f2                VL53L1_calc_macro_period_us
 .text.VL53L1_calc_range_ignore_threshold
                0x0000000008106550       0xc4 ./Core/Src/vl53l1_core.o
                0x0000000008106550                VL53L1_calc_range_ignore_threshold
 .text.VL53L1_calc_timeout_mclks
                0x0000000008106614       0x2e ./Core/Src/vl53l1_core.o
                0x0000000008106614                VL53L1_calc_timeout_mclks
 .text.VL53L1_calc_encoded_timeout
                0x0000000008106642       0x30 ./Core/Src/vl53l1_core.o
                0x0000000008106642                VL53L1_calc_encoded_timeout
 .text.VL53L1_calc_timeout_us
                0x0000000008106672       0x80 ./Core/Src/vl53l1_core.o
                0x0000000008106672                VL53L1_calc_timeout_us
 .text.VL53L1_calc_decoded_timeout_us
                0x00000000081066f2       0x32 ./Core/Src/vl53l1_core.o
                0x00000000081066f2                VL53L1_calc_decoded_timeout_us
 .text.VL53L1_encode_timeout
                0x0000000008106724       0x58 ./Core/Src/vl53l1_core.o
                0x0000000008106724                VL53L1_encode_timeout
 .text.VL53L1_decode_timeout
                0x000000000810677c       0x2c ./Core/Src/vl53l1_core.o
                0x000000000810677c                VL53L1_decode_timeout
 .text.VL53L1_calc_timeout_register_values
                0x00000000081067a8       0xf2 ./Core/Src/vl53l1_core.o
                0x00000000081067a8                VL53L1_calc_timeout_register_values
 .text.VL53L1_encode_row_col
                0x000000000810689a       0x4e ./Core/Src/vl53l1_core.o
                0x000000000810689a                VL53L1_encode_row_col
 .text.VL53L1_decode_zone_size
                0x00000000081068e8       0x30 ./Core/Src/vl53l1_core.o
                0x00000000081068e8                VL53L1_decode_zone_size
 .text.VL53L1_encode_zone_size
                0x0000000008106918       0x2c ./Core/Src/vl53l1_core.o
                0x0000000008106918                VL53L1_encode_zone_size
 .text.VL53L1_low_power_auto_data_init
                0x0000000008106944       0x68 ./Core/Src/vl53l1_core.o
                0x0000000008106944                VL53L1_low_power_auto_data_init
 .text.VL53L1_config_low_power_auto_mode
                0x00000000081069ac       0x32 ./Core/Src/vl53l1_core.o
                0x00000000081069ac                VL53L1_config_low_power_auto_mode
 .text.VL53L1_low_power_auto_setup_manual_calibration
                0x00000000081069de       0x8a ./Core/Src/vl53l1_core.o
                0x00000000081069de                VL53L1_low_power_auto_setup_manual_calibration
 .text.VL53L1_calc_pll_period_us
                0x0000000008106a68       0x28 ./Core/Src/vl53l1_core_support.o
                0x0000000008106a68                VL53L1_calc_pll_period_us
 .text.VL53L1_decode_vcsel_period
                0x0000000008106a90       0x26 ./Core/Src/vl53l1_core_support.o
                0x0000000008106a90                VL53L1_decode_vcsel_period
 .text.VL53L1_decode_row_col
                0x0000000008106ab6       0x5e ./Core/Src/vl53l1_core_support.o
                0x0000000008106ab6                VL53L1_decode_row_col
 .text.VL53L1_CommsInitialise
                0x0000000008106b14       0x64 ./Core/Src/vl53l1_platform.o
                0x0000000008106b14                VL53L1_CommsInitialise
 .text.VL53L1_WriteMulti
                0x0000000008106b78       0xa8 ./Core/Src/vl53l1_platform.o
                0x0000000008106b78                VL53L1_WriteMulti
 .text.VL53L1_ReadMulti
                0x0000000008106c20       0xa8 ./Core/Src/vl53l1_platform.o
                0x0000000008106c20                VL53L1_ReadMulti
 .text.VL53L1_WrByte
                0x0000000008106cc8       0x36 ./Core/Src/vl53l1_platform.o
                0x0000000008106cc8                VL53L1_WrByte
 .text.VL53L1_RdByte
                0x0000000008106cfe       0x36 ./Core/Src/vl53l1_platform.o
                0x0000000008106cfe                VL53L1_RdByte
 .text.VL53L1_RdWord
                0x0000000008106d34       0x44 ./Core/Src/vl53l1_platform.o
                0x0000000008106d34                VL53L1_RdWord
 .text.VL53L1_WaitUs
                0x0000000008106d78       0x34 ./Core/Src/vl53l1_platform.o
                0x0000000008106d78                VL53L1_WaitUs
 .text.VL53L1_WaitMs
                0x0000000008106dac       0x26 ./Core/Src/vl53l1_platform.o
                0x0000000008106dac                VL53L1_WaitMs
 .text.VL53L1_GpioSetMode
                0x0000000008106dd2       0x30 ./Core/Src/vl53l1_platform.o
                0x0000000008106dd2                VL53L1_GpioSetMode
 *fill*         0x0000000008106e02        0x2 
 .text.VL53L1_GpioXshutdown
                0x0000000008106e04       0xa4 ./Core/Src/vl53l1_platform.o
                0x0000000008106e04                VL53L1_GpioXshutdown
 .text.VL53L1_GpioPowerEnable
                0x0000000008106ea8       0xc8 ./Core/Src/vl53l1_platform.o
                0x0000000008106ea8                VL53L1_GpioPowerEnable
 .text.VL53L1_GetTickCount
                0x0000000008106f70       0x38 ./Core/Src/vl53l1_platform.o
                0x0000000008106f70                VL53L1_GetTickCount
 .text.RANGING_SENSOR_COMMS_Init_CCI
                0x0000000008106fa8       0x2c ./Core/Src/vl53l1_platform.o
                0x0000000008106fa8                RANGING_SENSOR_COMMS_Init_CCI
 .text.RANGING_SENSOR_COMMS_Get_Error_Text
                0x0000000008106fd4       0x38 ./Core/Src/vl53l1_platform.o
                0x0000000008106fd4                RANGING_SENSOR_COMMS_Get_Error_Text
 .text.RANGING_SENSOR_COMMS_Write_CCI
                0x000000000810700c       0xcc ./Core/Src/vl53l1_platform.o
                0x000000000810700c                RANGING_SENSOR_COMMS_Write_CCI
 .text.RANGING_SENSOR_COMMS_Read_CCI
                0x00000000081070d8       0x44 ./Core/Src/vl53l1_platform.o
                0x00000000081070d8                RANGING_SENSOR_COMMS_Read_CCI
 .text.RANGING_SENSOR_COMMS_GPIO_Set_Mode
                0x000000000810711c       0xdc ./Core/Src/vl53l1_platform.o
                0x000000000810711c                RANGING_SENSOR_COMMS_GPIO_Set_Mode
 .text.RANGING_SENSOR_COMMS_GPIO_Set_Value
                0x00000000081071f8       0x44 ./Core/Src/vl53l1_platform.o
                0x00000000081071f8                RANGING_SENSOR_COMMS_GPIO_Set_Value
 .text.VL53L1_platform_init
                0x000000000810723c       0xf2 ./Core/Src/vl53l1_platform_init.o
                0x000000000810723c                VL53L1_platform_init
 .text.VL53L1_i2c_encode_static_nvm_managed
                0x000000000810732e       0xb6 ./Core/Src/vl53l1_register_funcs.o
                0x000000000810732e                VL53L1_i2c_encode_static_nvm_managed
 .text.VL53L1_i2c_decode_static_nvm_managed
                0x00000000081073e4       0xb4 ./Core/Src/vl53l1_register_funcs.o
                0x00000000081073e4                VL53L1_i2c_decode_static_nvm_managed
 .text.VL53L1_get_static_nvm_managed
                0x0000000008107498       0x4e ./Core/Src/vl53l1_register_funcs.o
                0x0000000008107498                VL53L1_get_static_nvm_managed
 .text.VL53L1_i2c_encode_customer_nvm_managed
                0x00000000081074e6      0x114 ./Core/Src/vl53l1_register_funcs.o
                0x00000000081074e6                VL53L1_i2c_encode_customer_nvm_managed
 .text.VL53L1_i2c_decode_customer_nvm_managed
                0x00000000081075fa      0x11a ./Core/Src/vl53l1_register_funcs.o
                0x00000000081075fa                VL53L1_i2c_decode_customer_nvm_managed
 .text.VL53L1_get_customer_nvm_managed
                0x0000000008107714       0x4e ./Core/Src/vl53l1_register_funcs.o
                0x0000000008107714                VL53L1_get_customer_nvm_managed
 .text.VL53L1_i2c_encode_static_config
                0x0000000008107762      0x1c6 ./Core/Src/vl53l1_register_funcs.o
                0x0000000008107762                VL53L1_i2c_encode_static_config
 .text.VL53L1_i2c_encode_general_config
                0x0000000008107928      0x108 ./Core/Src/vl53l1_register_funcs.o
                0x0000000008107928                VL53L1_i2c_encode_general_config
 .text.VL53L1_i2c_encode_timing_config
                0x0000000008107a30      0x104 ./Core/Src/vl53l1_register_funcs.o
                0x0000000008107a30                VL53L1_i2c_encode_timing_config
 .text.VL53L1_i2c_encode_dynamic_config
                0x0000000008107b34      0x10a ./Core/Src/vl53l1_register_funcs.o
                0x0000000008107b34                VL53L1_i2c_encode_dynamic_config
 .text.VL53L1_i2c_encode_system_control
                0x0000000008107c3e       0x76 ./Core/Src/vl53l1_register_funcs.o
                0x0000000008107c3e                VL53L1_i2c_encode_system_control
 .text.VL53L1_i2c_decode_system_results
                0x0000000008107cb4      0x1ec ./Core/Src/vl53l1_register_funcs.o
                0x0000000008107cb4                VL53L1_i2c_decode_system_results
 .text.VL53L1_i2c_decode_core_results
                0x0000000008107ea0       0xc2 ./Core/Src/vl53l1_register_funcs.o
                0x0000000008107ea0                VL53L1_i2c_decode_core_results
 .text.VL53L1_i2c_decode_debug_results
                0x0000000008107f62      0x2e4 ./Core/Src/vl53l1_register_funcs.o
                0x0000000008107f62                VL53L1_i2c_decode_debug_results
 .text.VL53L1_i2c_decode_nvm_copy_data
                0x0000000008108246      0x24c ./Core/Src/vl53l1_register_funcs.o
                0x0000000008108246                VL53L1_i2c_decode_nvm_copy_data
 .text.VL53L1_get_nvm_copy_data
                0x0000000008108492       0x56 ./Core/Src/vl53l1_register_funcs.o
                0x0000000008108492                VL53L1_get_nvm_copy_data
 .text.Reset_Handler
                0x00000000081084e8       0x50 ./Core/Startup/startup_stm32h745zitx.o
                0x00000000081084e8                Reset_Handler
 .text.Default_Handler
                0x0000000008108538        0x2 ./Core/Startup/startup_stm32h745zitx.o
                0x0000000008108538                RTC_Alarm_IRQHandler
                0x0000000008108538                EXTI2_IRQHandler
                0x0000000008108538                TIM8_CC_IRQHandler
                0x0000000008108538                HRTIM1_Master_IRQHandler
                0x0000000008108538                UART8_IRQHandler
                0x0000000008108538                SPI4_IRQHandler
                0x0000000008108538                TIM1_CC_IRQHandler
                0x0000000008108538                BDMA_Channel6_IRQHandler
                0x0000000008108538                DMA2_Stream5_IRQHandler
                0x0000000008108538                HRTIM1_FLT_IRQHandler
                0x0000000008108538                JPEG_IRQHandler
                0x0000000008108538                DMA1_Stream5_IRQHandler
                0x0000000008108538                BDMA_Channel1_IRQHandler
                0x0000000008108538                HRTIM1_TIMD_IRQHandler
                0x0000000008108538                TAMP_STAMP_IRQHandler
                0x0000000008108538                EXTI3_IRQHandler
                0x0000000008108538                LPTIM4_IRQHandler
                0x0000000008108538                TIM8_TRG_COM_TIM14_IRQHandler
                0x0000000008108538                LPTIM2_IRQHandler
                0x0000000008108538                DFSDM1_FLT1_IRQHandler
                0x0000000008108538                DMAMUX2_OVR_IRQHandler
                0x0000000008108538                TIM8_UP_TIM13_IRQHandler
                0x0000000008108538                I2C3_ER_IRQHandler
                0x0000000008108538                DFSDM1_FLT2_IRQHandler
                0x0000000008108538                MDMA_IRQHandler
                0x0000000008108538                LPTIM3_IRQHandler
                0x0000000008108538                HSEM1_IRQHandler
                0x0000000008108538                EXTI0_IRQHandler
                0x0000000008108538                I2C2_EV_IRQHandler
                0x0000000008108538                DMA1_Stream2_IRQHandler
                0x0000000008108538                FPU_IRQHandler
                0x0000000008108538                OTG_HS_WKUP_IRQHandler
                0x0000000008108538                FDCAN1_IT1_IRQHandler
                0x0000000008108538                LTDC_ER_IRQHandler
                0x0000000008108538                DMA2_Stream2_IRQHandler
                0x0000000008108538                HRTIM1_TIME_IRQHandler
                0x0000000008108538                SPI1_IRQHandler
                0x0000000008108538                DCMI_IRQHandler
                0x0000000008108538                HRTIM1_TIMC_IRQHandler
                0x0000000008108538                DMA2_Stream3_IRQHandler
                0x0000000008108538                SAI2_IRQHandler
                0x0000000008108538                DFSDM1_FLT3_IRQHandler
                0x0000000008108538                USART6_IRQHandler
                0x0000000008108538                TIM17_IRQHandler
                0x0000000008108538                USART3_IRQHandler
                0x0000000008108538                BDMA_Channel7_IRQHandler
                0x0000000008108538                LPTIM5_IRQHandler
                0x0000000008108538                UART5_IRQHandler
                0x0000000008108538                ADC3_IRQHandler
                0x0000000008108538                DMA2_Stream0_IRQHandler
                0x0000000008108538                TIM4_IRQHandler
                0x0000000008108538                BDMA_Channel2_IRQHandler
                0x0000000008108538                QUADSPI_IRQHandler
                0x0000000008108538                I2C1_EV_IRQHandler
                0x0000000008108538                DMA1_Stream6_IRQHandler
                0x0000000008108538                DMAMUX1_OVR_IRQHandler
                0x0000000008108538                DMA1_Stream1_IRQHandler
                0x0000000008108538                TIM16_IRQHandler
                0x0000000008108538                UART4_IRQHandler
                0x0000000008108538                BDMA_Channel5_IRQHandler
                0x0000000008108538                TIM3_IRQHandler
                0x0000000008108538                RCC_IRQHandler
                0x0000000008108538                TIM8_BRK_TIM12_IRQHandler
                0x0000000008108538                TIM1_TRG_COM_IRQHandler
                0x0000000008108538                Default_Handler
                0x0000000008108538                ECC_IRQHandler
                0x0000000008108538                CEC_IRQHandler
                0x0000000008108538                BDMA_Channel0_IRQHandler
                0x0000000008108538                ADC_IRQHandler
                0x0000000008108538                DMA1_Stream7_IRQHandler
                0x0000000008108538                HRTIM1_TIMA_IRQHandler
                0x0000000008108538                SPI5_IRQHandler
                0x0000000008108538                SDMMC1_IRQHandler
                0x0000000008108538                TIM5_IRQHandler
                0x0000000008108538                DMA2_Stream7_IRQHandler
                0x0000000008108538                TIM15_IRQHandler
                0x0000000008108538                PVD_AVD_IRQHandler
                0x0000000008108538                I2C3_EV_IRQHandler
                0x0000000008108538                RTC_WKUP_IRQHandler
                0x0000000008108538                LTDC_IRQHandler
                0x0000000008108538                SAI3_IRQHandler
                0x0000000008108538                ETH_WKUP_IRQHandler
                0x0000000008108538                SPDIF_RX_IRQHandler
                0x0000000008108538                SPI2_IRQHandler
                0x0000000008108538                OTG_HS_EP1_IN_IRQHandler
                0x0000000008108538                DMA1_Stream0_IRQHandler
                0x0000000008108538                CRS_IRQHandler
                0x0000000008108538                CM7_SEV_IRQHandler
                0x0000000008108538                EXTI4_IRQHandler
                0x0000000008108538                RNG_IRQHandler
                0x0000000008108538                CM4_SEV_IRQHandler
                0x0000000008108538                HRTIM1_TIMB_IRQHandler
                0x0000000008108538                FDCAN2_IT1_IRQHandler
                0x0000000008108538                ETH_IRQHandler
                0x0000000008108538                TIM1_UP_IRQHandler
                0x0000000008108538                WWDG_RST_IRQHandler
                0x0000000008108538                BDMA_Channel4_IRQHandler
                0x0000000008108538                OTG_HS_EP1_OUT_IRQHandler
                0x0000000008108538                WWDG_IRQHandler
                0x0000000008108538                SPI6_IRQHandler
                0x0000000008108538                MDIOS_IRQHandler
                0x0000000008108538                I2C4_EV_IRQHandler
                0x0000000008108538                FDCAN2_IT0_IRQHandler
                0x0000000008108538                LPUART1_IRQHandler
                0x0000000008108538                FDCAN1_IT0_IRQHandler
                0x0000000008108538                TIM2_IRQHandler
                0x0000000008108538                OTG_FS_WKUP_IRQHandler
                0x0000000008108538                OTG_HS_IRQHandler
                0x0000000008108538                HSEM2_IRQHandler
                0x0000000008108538                DMA2D_IRQHandler
                0x0000000008108538                TIM1_BRK_IRQHandler
                0x0000000008108538                EXTI1_IRQHandler
                0x0000000008108538                SDMMC2_IRQHandler
                0x0000000008108538                OTG_FS_EP1_OUT_IRQHandler
                0x0000000008108538                BDMA_Channel3_IRQHandler
                0x0000000008108538                HOLD_CORE_IRQHandler
                0x0000000008108538                UART7_IRQHandler
                0x0000000008108538                MDIOS_WKUP_IRQHandler
                0x0000000008108538                USART2_IRQHandler
                0x0000000008108538                DFSDM1_FLT0_IRQHandler
                0x0000000008108538                SAI4_IRQHandler
                0x0000000008108538                I2C2_ER_IRQHandler
                0x0000000008108538                DMA2_Stream1_IRQHandler
                0x0000000008108538                FLASH_IRQHandler
                0x0000000008108538                DMA2_Stream4_IRQHandler
                0x0000000008108538                USART1_IRQHandler
                0x0000000008108538                OTG_FS_IRQHandler
                0x0000000008108538                SPI3_IRQHandler
                0x0000000008108538                WAKEUP_PIN_IRQHandler
                0x0000000008108538                DMA1_Stream4_IRQHandler
                0x0000000008108538                OTG_FS_EP1_IN_IRQHandler
                0x0000000008108538                I2C1_ER_IRQHandler
                0x0000000008108538                FMC_IRQHandler
                0x0000000008108538                FDCAN_CAL_IRQHandler
                0x0000000008108538                SWPMI1_IRQHandler
                0x0000000008108538                COMP1_IRQHandler
                0x0000000008108538                LPTIM1_IRQHandler
                0x0000000008108538                I2C4_ER_IRQHandler
                0x0000000008108538                DMA2_Stream6_IRQHandler
                0x0000000008108538                SAI1_IRQHandler
                0x0000000008108538                DMA1_Stream3_IRQHandler
 *fill*         0x000000000810853a        0x2 
 .text.HAL_Init
                0x000000000810853c       0xbc ./Drivers/STM32H7xx_HAL_Driver/stm32h7xx_hal.o
                0x000000000810853c                HAL_Init
 .text.HAL_InitTick
                0x00000000081085f8       0x6c ./Drivers/STM32H7xx_HAL_Driver/stm32h7xx_hal.o
                0x00000000081085f8                HAL_InitTick
 .text.HAL_IncTick
                0x0000000008108664       0x28 ./Drivers/STM32H7xx_HAL_Driver/stm32h7xx_hal.o
                0x0000000008108664                HAL_IncTick
 .text.HAL_GetTick
                0x000000000810868c       0x18 ./Drivers/STM32H7xx_HAL_Driver/stm32h7xx_hal.o
                0x000000000810868c                HAL_GetTick
 .text.HAL_Delay
                0x00000000081086a4       0x48 ./Drivers/STM32H7xx_HAL_Driver/stm32h7xx_hal.o
                0x00000000081086a4                HAL_Delay
 .text.__NVIC_SetPriorityGrouping
                0x00000000081086ec       0x48 ./Drivers/STM32H7xx_HAL_Driver/stm32h7xx_hal_cortex.o
 .text.__NVIC_GetPriorityGrouping
                0x0000000008108734       0x1c ./Drivers/STM32H7xx_HAL_Driver/stm32h7xx_hal_cortex.o
 .text.__NVIC_EnableIRQ
                0x0000000008108750       0x3c ./Drivers/STM32H7xx_HAL_Driver/stm32h7xx_hal_cortex.o
 .text.__NVIC_SetPriority
                0x000000000810878c       0x54 ./Drivers/STM32H7xx_HAL_Driver/stm32h7xx_hal_cortex.o
 .text.NVIC_EncodePriority
                0x00000000081087e0       0x66 ./Drivers/STM32H7xx_HAL_Driver/stm32h7xx_hal_cortex.o
 *fill*         0x0000000008108846        0x2 
 .text.SysTick_Config
                0x0000000008108848       0x44 ./Drivers/STM32H7xx_HAL_Driver/stm32h7xx_hal_cortex.o
 .text.HAL_NVIC_SetPriorityGrouping
                0x000000000810888c       0x16 ./Drivers/STM32H7xx_HAL_Driver/stm32h7xx_hal_cortex.o
                0x000000000810888c                HAL_NVIC_SetPriorityGrouping
 .text.HAL_NVIC_SetPriority
                0x00000000081088a2       0x34 ./Drivers/STM32H7xx_HAL_Driver/stm32h7xx_hal_cortex.o
                0x00000000081088a2                HAL_NVIC_SetPriority
 .text.HAL_NVIC_EnableIRQ
                0x00000000081088d6       0x1c ./Drivers/STM32H7xx_HAL_Driver/stm32h7xx_hal_cortex.o
                0x00000000081088d6                HAL_NVIC_EnableIRQ
 .text.HAL_SYSTICK_Config
                0x00000000081088f2       0x18 ./Drivers/STM32H7xx_HAL_Driver/stm32h7xx_hal_cortex.o
                0x00000000081088f2                HAL_SYSTICK_Config
 *fill*         0x000000000810890a        0x2 
 .text.HAL_GetCurrentCPUID
                0x000000000810890c       0x28 ./Drivers/STM32H7xx_HAL_Driver/stm32h7xx_hal_cortex.o
                0x000000000810890c                HAL_GetCurrentCPUID
 .text.HAL_GPIO_Init
                0x0000000008108934      0x360 ./Drivers/STM32H7xx_HAL_Driver/stm32h7xx_hal_gpio.o
                0x0000000008108934                HAL_GPIO_Init
 .text.HAL_GPIO_WritePin
                0x0000000008108c94       0x32 ./Drivers/STM32H7xx_HAL_Driver/stm32h7xx_hal_gpio.o
                0x0000000008108c94                HAL_GPIO_WritePin
 .text.HAL_GPIO_TogglePin
                0x0000000008108cc6       0x34 ./Drivers/STM32H7xx_HAL_Driver/stm32h7xx_hal_gpio.o
                0x0000000008108cc6                HAL_GPIO_TogglePin
 .text.HAL_GPIO_EXTI_IRQHandler
                0x0000000008108cfa       0x34 ./Drivers/STM32H7xx_HAL_Driver/stm32h7xx_hal_gpio.o
                0x0000000008108cfa                HAL_GPIO_EXTI_IRQHandler
 *fill*         0x0000000008108d2e        0x2 
 .text.HAL_HSEM_ActivateNotification
                0x0000000008108d30       0x24 ./Drivers/STM32H7xx_HAL_Driver/stm32h7xx_hal_hsem.o
                0x0000000008108d30                HAL_HSEM_ActivateNotification
 .text.HAL_I2C_Init
                0x0000000008108d54      0x136 ./Drivers/STM32H7xx_HAL_Driver/stm32h7xx_hal_i2c.o
                0x0000000008108d54                HAL_I2C_Init
 *fill*         0x0000000008108e8a        0x2 
 .text.HAL_I2C_Master_Transmit
                0x0000000008108e8c      0x230 ./Drivers/STM32H7xx_HAL_Driver/stm32h7xx_hal_i2c.o
                0x0000000008108e8c                HAL_I2C_Master_Transmit
 .text.HAL_I2C_Mem_Write
                0x00000000081090bc      0x228 ./Drivers/STM32H7xx_HAL_Driver/stm32h7xx_hal_i2c.o
                0x00000000081090bc                HAL_I2C_Mem_Write
 .text.HAL_I2C_Mem_Read
                0x00000000081092e4      0x234 ./Drivers/STM32H7xx_HAL_Driver/stm32h7xx_hal_i2c.o
                0x00000000081092e4                HAL_I2C_Mem_Read
 .text.HAL_I2C_GetState
                0x0000000008109518       0x1c ./Drivers/STM32H7xx_HAL_Driver/stm32h7xx_hal_i2c.o
                0x0000000008109518                HAL_I2C_GetState
 .text.I2C_RequestMemoryWrite
                0x0000000008109534       0xa8 ./Drivers/STM32H7xx_HAL_Driver/stm32h7xx_hal_i2c.o
 .text.I2C_RequestMemoryRead
                0x00000000081095dc       0xa8 ./Drivers/STM32H7xx_HAL_Driver/stm32h7xx_hal_i2c.o
 .text.I2C_Flush_TXDR
                0x0000000008109684       0x48 ./Drivers/STM32H7xx_HAL_Driver/stm32h7xx_hal_i2c.o
 .text.I2C_WaitOnFlagUntilTimeout
                0x00000000081096cc       0xb2 ./Drivers/STM32H7xx_HAL_Driver/stm32h7xx_hal_i2c.o
 .text.I2C_WaitOnTXISFlagUntilTimeout
                0x000000000810977e       0x8e ./Drivers/STM32H7xx_HAL_Driver/stm32h7xx_hal_i2c.o
 .text.I2C_WaitOnSTOPFlagUntilTimeout
                0x000000000810980c       0x86 ./Drivers/STM32H7xx_HAL_Driver/stm32h7xx_hal_i2c.o
 *fill*         0x0000000008109892        0x2 
 .text.I2C_IsErrorOccurred
                0x0000000008109894      0x1c0 ./Drivers/STM32H7xx_HAL_Driver/stm32h7xx_hal_i2c.o
 .text.I2C_TransferConfig
                0x0000000008109a54       0x64 ./Drivers/STM32H7xx_HAL_Driver/stm32h7xx_hal_i2c.o
 .text.HAL_I2CEx_ConfigAnalogFilter
                0x0000000008109ab8       0x96 ./Drivers/STM32H7xx_HAL_Driver/stm32h7xx_hal_i2c_ex.o
                0x0000000008109ab8                HAL_I2CEx_ConfigAnalogFilter
 .text.HAL_I2CEx_ConfigDigitalFilter
                0x0000000008109b4e       0x98 ./Drivers/STM32H7xx_HAL_Driver/stm32h7xx_hal_i2c_ex.o
                0x0000000008109b4e                HAL_I2CEx_ConfigDigitalFilter
 *fill*         0x0000000008109be6        0x2 
 .text.HAL_PWREx_EnterSTOPMode
                0x0000000008109be8       0xf4 ./Drivers/STM32H7xx_HAL_Driver/stm32h7xx_hal_pwr_ex.o
                0x0000000008109be8                HAL_PWREx_EnterSTOPMode
 .text.HAL_PWREx_ClearPendingEvent
                0x0000000008109cdc       0x1a ./Drivers/STM32H7xx_HAL_Driver/stm32h7xx_hal_pwr_ex.o
                0x0000000008109cdc                HAL_PWREx_ClearPendingEvent
 *fill*         0x0000000008109cf6        0x2 
 .text.HAL_RCC_GetSysClockFreq
                0x0000000008109cf8      0x2f4 ./Drivers/STM32H7xx_HAL_Driver/stm32h7xx_hal_rcc.o
                0x0000000008109cf8                HAL_RCC_GetSysClockFreq
 .text.HAL_RCC_GetHCLKFreq
                0x0000000008109fec       0x64 ./Drivers/STM32H7xx_HAL_Driver/stm32h7xx_hal_rcc.o
                0x0000000008109fec                HAL_RCC_GetHCLKFreq
 .text.HAL_RCC_GetPCLK1Freq
                0x000000000810a050       0x2c ./Drivers/STM32H7xx_HAL_Driver/stm32h7xx_hal_rcc.o
                0x000000000810a050                HAL_RCC_GetPCLK1Freq
 .text.HAL_RCC_GetPCLK2Freq
                0x000000000810a07c       0x2c ./Drivers/STM32H7xx_HAL_Driver/stm32h7xx_hal_rcc.o
                0x000000000810a07c                HAL_RCC_GetPCLK2Freq
 .text.HAL_RCCEx_PeriphCLKConfig
                0x000000000810a0a8     0x1414 ./Drivers/STM32H7xx_HAL_Driver/stm32h7xx_hal_rcc_ex.o
                0x000000000810a0a8                HAL_RCCEx_PeriphCLKConfig
 .text.HAL_RCCEx_GetD3PCLK1Freq
                0x000000000810b4bc       0x2c ./Drivers/STM32H7xx_HAL_Driver/stm32h7xx_hal_rcc_ex.o
                0x000000000810b4bc                HAL_RCCEx_GetD3PCLK1Freq
 .text.HAL_RCCEx_GetPLL2ClockFreq
                0x000000000810b4e8      0x2a8 ./Drivers/STM32H7xx_HAL_Driver/stm32h7xx_hal_rcc_ex.o
                0x000000000810b4e8                HAL_RCCEx_GetPLL2ClockFreq
 .text.HAL_RCCEx_GetPLL3ClockFreq
                0x000000000810b790      0x2a8 ./Drivers/STM32H7xx_HAL_Driver/stm32h7xx_hal_rcc_ex.o
                0x000000000810b790                HAL_RCCEx_GetPLL3ClockFreq
 .text.RCCEx_PLL2_Config
                0x000000000810ba38      0x164 ./Drivers/STM32H7xx_HAL_Driver/stm32h7xx_hal_rcc_ex.o
 .text.RCCEx_PLL3_Config
                0x000000000810bb9c      0x164 ./Drivers/STM32H7xx_HAL_Driver/stm32h7xx_hal_rcc_ex.o
 .text.HAL_TIM_Base_Init
                0x000000000810bd00       0xae ./Drivers/STM32H7xx_HAL_Driver/stm32h7xx_hal_tim.o
                0x000000000810bd00                HAL_TIM_Base_Init
 *fill*         0x000000000810bdae        0x2 
 .text.HAL_TIM_Base_Start_IT
                0x000000000810bdb0       0xf0 ./Drivers/STM32H7xx_HAL_Driver/stm32h7xx_hal_tim.o
                0x000000000810bdb0                HAL_TIM_Base_Start_IT
 .text.HAL_TIM_Base_Stop_IT
                0x000000000810bea0       0x5e ./Drivers/STM32H7xx_HAL_Driver/stm32h7xx_hal_tim.o
                0x000000000810bea0                HAL_TIM_Base_Stop_IT
 .text.HAL_TIM_PWM_Init
                0x000000000810befe       0xae ./Drivers/STM32H7xx_HAL_Driver/stm32h7xx_hal_tim.o
                0x000000000810befe                HAL_TIM_PWM_Init
 .text.HAL_TIM_PWM_Start
                0x000000000810bfac      0x21c ./Drivers/STM32H7xx_HAL_Driver/stm32h7xx_hal_tim.o
                0x000000000810bfac                HAL_TIM_PWM_Start
 .text.HAL_TIM_IRQHandler
                0x000000000810c1c8      0x20e ./Drivers/STM32H7xx_HAL_Driver/stm32h7xx_hal_tim.o
                0x000000000810c1c8                HAL_TIM_IRQHandler
 *fill*         0x000000000810c3d6        0x2 
 .text.HAL_TIM_PWM_ConfigChannel
                0x000000000810c3d8      0x228 ./Drivers/STM32H7xx_HAL_Driver/stm32h7xx_hal_tim.o
                0x000000000810c3d8                HAL_TIM_PWM_ConfigChannel
 .text.HAL_TIM_OC_DelayElapsedCallback
                0x000000000810c600       0x14 ./Drivers/STM32H7xx_HAL_Driver/stm32h7xx_hal_tim.o
                0x000000000810c600                HAL_TIM_OC_DelayElapsedCallback
 .text.HAL_TIM_IC_CaptureCallback
                0x000000000810c614       0x14 ./Drivers/STM32H7xx_HAL_Driver/stm32h7xx_hal_tim.o
                0x000000000810c614                HAL_TIM_IC_CaptureCallback
 .text.HAL_TIM_PWM_PulseFinishedCallback
                0x000000000810c628       0x14 ./Drivers/STM32H7xx_HAL_Driver/stm32h7xx_hal_tim.o
                0x000000000810c628                HAL_TIM_PWM_PulseFinishedCallback
 .text.HAL_TIM_TriggerCallback
                0x000000000810c63c       0x14 ./Drivers/STM32H7xx_HAL_Driver/stm32h7xx_hal_tim.o
                0x000000000810c63c                HAL_TIM_TriggerCallback
 .text.TIM_Base_SetConfig
                0x000000000810c650      0x14c ./Drivers/STM32H7xx_HAL_Driver/stm32h7xx_hal_tim.o
                0x000000000810c650                TIM_Base_SetConfig
 .text.TIM_OC1_SetConfig
                0x000000000810c79c      0x120 ./Drivers/STM32H7xx_HAL_Driver/stm32h7xx_hal_tim.o
 .text.TIM_OC2_SetConfig
                0x000000000810c8bc      0x114 ./Drivers/STM32H7xx_HAL_Driver/stm32h7xx_hal_tim.o
                0x000000000810c8bc                TIM_OC2_SetConfig
 .text.TIM_OC3_SetConfig
                0x000000000810c9d0      0x110 ./Drivers/STM32H7xx_HAL_Driver/stm32h7xx_hal_tim.o
 .text.TIM_OC4_SetConfig
                0x000000000810cae0       0xd4 ./Drivers/STM32H7xx_HAL_Driver/stm32h7xx_hal_tim.o
 .text.TIM_OC5_SetConfig
                0x000000000810cbb4       0xc8 ./Drivers/STM32H7xx_HAL_Driver/stm32h7xx_hal_tim.o
 .text.TIM_OC6_SetConfig
                0x000000000810cc7c       0xcc ./Drivers/STM32H7xx_HAL_Driver/stm32h7xx_hal_tim.o
 .text.TIM_CCxChannelCmd
                0x000000000810cd48       0x4a ./Drivers/STM32H7xx_HAL_Driver/stm32h7xx_hal_tim.o
                0x000000000810cd48                TIM_CCxChannelCmd
 *fill*         0x000000000810cd92        0x2 
 .text.HAL_TIMEx_MasterConfigSynchronization
                0x000000000810cd94      0x11c ./Drivers/STM32H7xx_HAL_Driver/stm32h7xx_hal_tim_ex.o
                0x000000000810cd94                HAL_TIMEx_MasterConfigSynchronization
 .text.HAL_TIMEx_CommutCallback
                0x000000000810ceb0       0x14 ./Drivers/STM32H7xx_HAL_Driver/stm32h7xx_hal_tim_ex.o
                0x000000000810ceb0                HAL_TIMEx_CommutCallback
 .text.HAL_TIMEx_BreakCallback
                0x000000000810cec4       0x14 ./Drivers/STM32H7xx_HAL_Driver/stm32h7xx_hal_tim_ex.o
                0x000000000810cec4                HAL_TIMEx_BreakCallback
 .text.HAL_TIMEx_Break2Callback
                0x000000000810ced8       0x14 ./Drivers/STM32H7xx_HAL_Driver/stm32h7xx_hal_tim_ex.o
                0x000000000810ced8                HAL_TIMEx_Break2Callback
 .text.HAL_UART_Init
                0x000000000810ceec       0xa0 ./Drivers/STM32H7xx_HAL_Driver/stm32h7xx_hal_uart.o
                0x000000000810ceec                HAL_UART_Init
 .text.HAL_UART_Transmit
                0x000000000810cf8c      0x11c ./Drivers/STM32H7xx_HAL_Driver/stm32h7xx_hal_uart.o
                0x000000000810cf8c                HAL_UART_Transmit
 .text.UART_SetConfig
                0x000000000810d0a8      0xad0 ./Drivers/STM32H7xx_HAL_Driver/stm32h7xx_hal_uart.o
                0x000000000810d0a8                UART_SetConfig
 .text.UART_AdvFeatureConfig
                0x000000000810db78      0x144 ./Drivers/STM32H7xx_HAL_Driver/stm32h7xx_hal_uart.o
                0x000000000810db78                UART_AdvFeatureConfig
 .text.UART_CheckIdleState
                0x000000000810dcbc      0x154 ./Drivers/STM32H7xx_HAL_Driver/stm32h7xx_hal_uart.o
                0x000000000810dcbc                UART_CheckIdleState
 .text.UART_WaitOnFlagUntilTimeout
                0x000000000810de10       0xda ./Drivers/STM32H7xx_HAL_Driver/stm32h7xx_hal_uart.o
                0x000000000810de10                UART_WaitOnFlagUntilTimeout
 .text.UART_EndRxTransfer
                0x000000000810deea       0xcc ./Drivers/STM32H7xx_HAL_Driver/stm32h7xx_hal_uart.o
 .text.HAL_UARTEx_DisableFifoMode
                0x000000000810dfb6       0x72 ./Drivers/STM32H7xx_HAL_Driver/stm32h7xx_hal_uart_ex.o
                0x000000000810dfb6                HAL_UARTEx_DisableFifoMode
 .text.HAL_UARTEx_SetTxFifoThreshold
                0x000000000810e028       0x7c ./Drivers/STM32H7xx_HAL_Driver/stm32h7xx_hal_uart_ex.o
                0x000000000810e028                HAL_UARTEx_SetTxFifoThreshold
 .text.HAL_UARTEx_SetRxFifoThreshold
                0x000000000810e0a4       0x7c ./Drivers/STM32H7xx_HAL_Driver/stm32h7xx_hal_uart_ex.o
                0x000000000810e0a4                HAL_UARTEx_SetRxFifoThreshold
 .text.UARTEx_SetNbDataToProcess
                0x000000000810e120       0x9c ./Drivers/STM32H7xx_HAL_Driver/stm32h7xx_hal_uart_ex.o
 .text.__errno  0x000000000810e1bc        0xc /app/stm32cubeide/plugins/com.st.stm32cube.ide.mcu.externaltools.gnu-tools-for-stm32.10.3-2021.10.linux64_1.0.200.202301161003/tools/bin/../lib/gcc/arm-none-eabi/10.3.1/../../../../arm-none-eabi/lib/thumb/v7e-m+fp/hard/libc_nano.a(lib_a-errno.o)
                0x000000000810e1bc                __errno
 .text.__libc_init_array
                0x000000000810e1c8       0x48 /app/stm32cubeide/plugins/com.st.stm32cube.ide.mcu.externaltools.gnu-tools-for-stm32.10.3-2021.10.linux64_1.0.200.202301161003/tools/bin/../lib/gcc/arm-none-eabi/10.3.1/../../../../arm-none-eabi/lib/thumb/v7e-m+fp/hard/libc_nano.a(lib_a-init.o)
                0x000000000810e1c8                __libc_init_array
 .text.memcpy   0x000000000810e210       0x1c /app/stm32cubeide/plugins/com.st.stm32cube.ide.mcu.externaltools.gnu-tools-for-stm32.10.3-2021.10.linux64_1.0.200.202301161003/tools/bin/../lib/gcc/arm-none-eabi/10.3.1/../../../../arm-none-eabi/lib/thumb/v7e-m+fp/hard/libc_nano.a(lib_a-memcpy-stub.o)
                0x000000000810e210                memcpy
 .text.memset   0x000000000810e22c       0x10 /app/stm32cubeide/plugins/com.st.stm32cube.ide.mcu.externaltools.gnu-tools-for-stm32.10.3-2021.10.linux64_1.0.200.202301161003/tools/bin/../lib/gcc/arm-none-eabi/10.3.1/../../../../arm-none-eabi/lib/thumb/v7e-m+fp/hard/libc_nano.a(lib_a-memset.o)
                0x000000000810e22c                memset
 .text.sprintf  0x000000000810e23c       0x40 /app/stm32cubeide/plugins/com.st.stm32cube.ide.mcu.externaltools.gnu-tools-for-stm32.10.3-2021.10.linux64_1.0.200.202301161003/tools/bin/../lib/gcc/arm-none-eabi/10.3.1/../../../../arm-none-eabi/lib/thumb/v7e-m+fp/hard/libc_nano.a(lib_a-sprintf.o)
                0x000000000810e23c                sprintf
                0x000000000810e23c                siprintf
 .text.__ssputs_r
                0x000000000810e27c       0xb6 /app/stm32cubeide/plugins/com.st.stm32cube.ide.mcu.externaltools.gnu-tools-for-stm32.10.3-2021.10.linux64_1.0.200.202301161003/tools/bin/../lib/gcc/arm-none-eabi/10.3.1/../../../../arm-none-eabi/lib/thumb/v7e-m+fp/hard/libc_nano.a(lib_a-nano-svfprintf.o)
                0x000000000810e27c                __ssputs_r
 *fill*         0x000000000810e332        0x2 
 .text._svfprintf_r
                0x000000000810e334      0x200 /app/stm32cubeide/plugins/com.st.stm32cube.ide.mcu.externaltools.gnu-tools-for-stm32.10.3-2021.10.linux64_1.0.200.202301161003/tools/bin/../lib/gcc/arm-none-eabi/10.3.1/../../../../arm-none-eabi/lib/thumb/v7e-m+fp/hard/libc_nano.a(lib_a-nano-svfprintf.o)
                0x000000000810e334                _svfprintf_r
                0x000000000810e334                _svfiprintf_r
 .text._printf_common
                0x000000000810e534       0xda /app/stm32cubeide/plugins/com.st.stm32cube.ide.mcu.externaltools.gnu-tools-for-stm32.10.3-2021.10.linux64_1.0.200.202301161003/tools/bin/../lib/gcc/arm-none-eabi/10.3.1/../../../../arm-none-eabi/lib/thumb/v7e-m+fp/hard/libc_nano.a(lib_a-nano-vfprintf_i.o)
                0x000000000810e534                _printf_common
 *fill*         0x000000000810e60e        0x2 
 .text._printf_i
                0x000000000810e610      0x24c /app/stm32cubeide/plugins/com.st.stm32cube.ide.mcu.externaltools.gnu-tools-for-stm32.10.3-2021.10.linux64_1.0.200.202301161003/tools/bin/../lib/gcc/arm-none-eabi/10.3.1/../../../../arm-none-eabi/lib/thumb/v7e-m+fp/hard/libc_nano.a(lib_a-nano-vfprintf_i.o)
                0x000000000810e610                _printf_i
 .text.memmove  0x000000000810e85c       0x34 /app/stm32cubeide/plugins/com.st.stm32cube.ide.mcu.externaltools.gnu-tools-for-stm32.10.3-2021.10.linux64_1.0.200.202301161003/tools/bin/../lib/gcc/arm-none-eabi/10.3.1/../../../../arm-none-eabi/lib/thumb/v7e-m+fp/hard/libc_nano.a(lib_a-memmove.o)
                0x000000000810e85c                memmove
 .text._free_r  0x000000000810e890       0x98 /app/stm32cubeide/plugins/com.st.stm32cube.ide.mcu.externaltools.gnu-tools-for-stm32.10.3-2021.10.linux64_1.0.200.202301161003/tools/bin/../lib/gcc/arm-none-eabi/10.3.1/../../../../arm-none-eabi/lib/thumb/v7e-m+fp/hard/libc_nano.a(lib_a-nano-freer.o)
                0x000000000810e890                _free_r
 .text.sbrk_aligned
                0x000000000810e928       0x40 /app/stm32cubeide/plugins/com.st.stm32cube.ide.mcu.externaltools.gnu-tools-for-stm32.10.3-2021.10.linux64_1.0.200.202301161003/tools/bin/../lib/gcc/arm-none-eabi/10.3.1/../../../../arm-none-eabi/lib/thumb/v7e-m+fp/hard/libc_nano.a(lib_a-nano-mallocr.o)
 .text._malloc_r
                0x000000000810e968       0xe8 /app/stm32cubeide/plugins/com.st.stm32cube.ide.mcu.externaltools.gnu-tools-for-stm32.10.3-2021.10.linux64_1.0.200.202301161003/tools/bin/../lib/gcc/arm-none-eabi/10.3.1/../../../../arm-none-eabi/lib/thumb/v7e-m+fp/hard/libc_nano.a(lib_a-nano-mallocr.o)
                0x000000000810e968                _malloc_r
 .text._realloc_r
                0x000000000810ea50       0x5e /app/stm32cubeide/plugins/com.st.stm32cube.ide.mcu.externaltools.gnu-tools-for-stm32.10.3-2021.10.linux64_1.0.200.202301161003/tools/bin/../lib/gcc/arm-none-eabi/10.3.1/../../../../arm-none-eabi/lib/thumb/v7e-m+fp/hard/libc_nano.a(lib_a-nano-reallocr.o)
                0x000000000810ea50                _realloc_r
 *fill*         0x000000000810eaae        0x2 
 .text._sbrk_r  0x000000000810eab0       0x20 /app/stm32cubeide/plugins/com.st.stm32cube.ide.mcu.externaltools.gnu-tools-for-stm32.10.3-2021.10.linux64_1.0.200.202301161003/tools/bin/../lib/gcc/arm-none-eabi/10.3.1/../../../../arm-none-eabi/lib/thumb/v7e-m+fp/hard/libc_nano.a(lib_a-sbrkr.o)
                0x000000000810eab0                _sbrk_r
 .text.__malloc_lock
                0x000000000810ead0        0xc /app/stm32cubeide/plugins/com.st.stm32cube.ide.mcu.externaltools.gnu-tools-for-stm32.10.3-2021.10.linux64_1.0.200.202301161003/tools/bin/../lib/gcc/arm-none-eabi/10.3.1/../../../../arm-none-eabi/lib/thumb/v7e-m+fp/hard/libc_nano.a(lib_a-mlock.o)
                0x000000000810ead0                __malloc_lock
 .text.__malloc_unlock
                0x000000000810eadc        0xc /app/stm32cubeide/plugins/com.st.stm32cube.ide.mcu.externaltools.gnu-tools-for-stm32.10.3-2021.10.linux64_1.0.200.202301161003/tools/bin/../lib/gcc/arm-none-eabi/10.3.1/../../../../arm-none-eabi/lib/thumb/v7e-m+fp/hard/libc_nano.a(lib_a-mlock.o)
                0x000000000810eadc                __malloc_unlock
 .text._malloc_usable_size_r
                0x000000000810eae8       0x10 /app/stm32cubeide/plugins/com.st.stm32cube.ide.mcu.externaltools.gnu-tools-for-stm32.10.3-2021.10.linux64_1.0.200.202301161003/tools/bin/../lib/gcc/arm-none-eabi/10.3.1/../../../../arm-none-eabi/lib/thumb/v7e-m+fp/hard/libc_nano.a(lib_a-nano-msizer.o)
                0x000000000810eae8                _malloc_usable_size_r
 .text.__retarget_lock_acquire_recursive
                0x000000000810eaf8        0x2 /app/stm32cubeide/plugins/com.st.stm32cube.ide.mcu.externaltools.gnu-tools-for-stm32.10.3-2021.10.linux64_1.0.200.202301161003/tools/bin/../lib/gcc/arm-none-eabi/10.3.1/../../../../arm-none-eabi/lib/thumb/v7e-m+fp/hard/libc_nano.a(lib_a-lock.o)
                0x000000000810eaf8                __retarget_lock_acquire_recursive
 .text.__retarget_lock_release_recursive
                0x000000000810eafa        0x2 /app/stm32cubeide/plugins/com.st.stm32cube.ide.mcu.externaltools.gnu-tools-for-stm32.10.3-2021.10.linux64_1.0.200.202301161003/tools/bin/../lib/gcc/arm-none-eabi/10.3.1/../../../../arm-none-eabi/lib/thumb/v7e-m+fp/hard/libc_nano.a(lib_a-lock.o)
                0x000000000810eafa                __retarget_lock_release_recursive
 *(.glue_7)
 .glue_7        0x000000000810eafc        0x0 linker stubs
 *(.glue_7t)
 .glue_7t       0x000000000810eafc        0x0 linker stubs
 *(.eh_frame)
 .eh_frame      0x000000000810eafc        0x0 /app/stm32cubeide/plugins/com.st.stm32cube.ide.mcu.externaltools.gnu-tools-for-stm32.10.3-2021.10.linux64_1.0.200.202301161003/tools/bin/../lib/gcc/arm-none-eabi/10.3.1/thumb/v7e-m+fp/hard/crtbegin.o
 *(.init)
 .init          0x000000000810eafc        0x4 /app/stm32cubeide/plugins/com.st.stm32cube.ide.mcu.externaltools.gnu-tools-for-stm32.10.3-2021.10.linux64_1.0.200.202301161003/tools/bin/../lib/gcc/arm-none-eabi/10.3.1/thumb/v7e-m+fp/hard/crti.o
                0x000000000810eafc                _init
 .init          0x000000000810eb00        0x8 /app/stm32cubeide/plugins/com.st.stm32cube.ide.mcu.externaltools.gnu-tools-for-stm32.10.3-2021.10.linux64_1.0.200.202301161003/tools/bin/../lib/gcc/arm-none-eabi/10.3.1/thumb/v7e-m+fp/hard/crtn.o
 *(.fini)
 .fini          0x000000000810eb08        0x4 /app/stm32cubeide/plugins/com.st.stm32cube.ide.mcu.externaltools.gnu-tools-for-stm32.10.3-2021.10.linux64_1.0.200.202301161003/tools/bin/../lib/gcc/arm-none-eabi/10.3.1/thumb/v7e-m+fp/hard/crti.o
                0x000000000810eb08                _fini
 .fini          0x000000000810eb0c        0x8 /app/stm32cubeide/plugins/com.st.stm32cube.ide.mcu.externaltools.gnu-tools-for-stm32.10.3-2021.10.linux64_1.0.200.202301161003/tools/bin/../lib/gcc/arm-none-eabi/10.3.1/thumb/v7e-m+fp/hard/crtn.o
                0x000000000810eb14                . = ALIGN (0x4)
                0x000000000810eb14                _etext = .

.vfp11_veneer   0x000000000810eb14        0x0
 .vfp11_veneer  0x000000000810eb14        0x0 linker stubs

.v4_bx          0x000000000810eb14        0x0
 .v4_bx         0x000000000810eb14        0x0 linker stubs

.iplt           0x000000000810eb14        0x0
 .iplt          0x000000000810eb14        0x0 /app/stm32cubeide/plugins/com.st.stm32cube.ide.mcu.externaltools.gnu-tools-for-stm32.10.3-2021.10.linux64_1.0.200.202301161003/tools/bin/../lib/gcc/arm-none-eabi/10.3.1/thumb/v7e-m+fp/hard/crtbegin.o

.rodata         0x000000000810eb14      0x3fc
                0x000000000810eb14                . = ALIGN (0x4)
 *(.rodata)
 .rodata        0x000000000810eb14       0x22 ./Core/Src/bno055.o
 *fill*         0x000000000810eb36        0x2 
 .rodata        0x000000000810eb38       0xb1 ./Core/Src/bno055_stm32_hal.o
 *fill*         0x000000000810ebe9        0x3 
 .rodata        0x000000000810ebec      0x152 ./Core/Src/main.o
 *fill*         0x000000000810ed3e        0x2 
 .rodata        0x000000000810ed40       0x77 ./Core/Src/vl53l1_api.o
 *fill*         0x000000000810edb7        0x1 
 .rodata        0x000000000810edb8       0xea ./Core/Src/vl53l1_platform.o
 *(.rodata*)
 *fill*         0x000000000810eea2        0x2 
 .rodata.D1CorePrescTable
                0x000000000810eea4       0x10 ./Common/Src/system_stm32h7xx_dualcore_boot_cm4_cm7.o
                0x000000000810eea4                D1CorePrescTable
 .rodata.UARTPrescTable
                0x000000000810eeb4       0x18 ./Drivers/STM32H7xx_HAL_Driver/stm32h7xx_hal_uart.o
                0x000000000810eeb4                UARTPrescTable
 .rodata.numerator.1
                0x000000000810eecc        0x8 ./Drivers/STM32H7xx_HAL_Driver/stm32h7xx_hal_uart_ex.o
 .rodata.denominator.0
                0x000000000810eed4        0x8 ./Drivers/STM32H7xx_HAL_Driver/stm32h7xx_hal_uart_ex.o
 .rodata._svfprintf_r.str1.1
                0x000000000810eedc       0x11 /app/stm32cubeide/plugins/com.st.stm32cube.ide.mcu.externaltools.gnu-tools-for-stm32.10.3-2021.10.linux64_1.0.200.202301161003/tools/bin/../lib/gcc/arm-none-eabi/10.3.1/../../../../arm-none-eabi/lib/thumb/v7e-m+fp/hard/libc_nano.a(lib_a-nano-svfprintf.o)
 .rodata._printf_i.str1.1
                0x000000000810eeed       0x22 /app/stm32cubeide/plugins/com.st.stm32cube.ide.mcu.externaltools.gnu-tools-for-stm32.10.3-2021.10.linux64_1.0.200.202301161003/tools/bin/../lib/gcc/arm-none-eabi/10.3.1/../../../../arm-none-eabi/lib/thumb/v7e-m+fp/hard/libc_nano.a(lib_a-nano-vfprintf_i.o)
                0x000000000810ef10                . = ALIGN (0x4)
 *fill*         0x000000000810ef0f        0x1 

.ARM.extab
 *(.ARM.extab* .gnu.linkonce.armextab.*)

.ARM            0x000000000810ef10        0x8
                0x000000000810ef10                __exidx_start = .
 *(.ARM.exidx*)
 .ARM.exidx     0x000000000810ef10        0x8 /app/stm32cubeide/plugins/com.st.stm32cube.ide.mcu.externaltools.gnu-tools-for-stm32.10.3-2021.10.linux64_1.0.200.202301161003/tools/bin/../lib/gcc/arm-none-eabi/10.3.1/thumb/v7e-m+fp/hard/libgcc.a(_udivmoddi4.o)
                0x000000000810ef18                __exidx_end = .

.rel.dyn        0x000000000810ef18        0x0
 .rel.iplt      0x000000000810ef18        0x0 /app/stm32cubeide/plugins/com.st.stm32cube.ide.mcu.externaltools.gnu-tools-for-stm32.10.3-2021.10.linux64_1.0.200.202301161003/tools/bin/../lib/gcc/arm-none-eabi/10.3.1/thumb/v7e-m+fp/hard/crtbegin.o

.preinit_array  0x000000000810ef18        0x0
                0x000000000810ef18                PROVIDE (__preinit_array_start = .)
 *(.preinit_array*)
                0x000000000810ef18                PROVIDE (__preinit_array_end = .)

.init_array     0x000000000810ef18        0x4
                0x000000000810ef18                PROVIDE (__init_array_start = .)
 *(SORT_BY_NAME(.init_array.*))
 *(.init_array*)
 .init_array    0x000000000810ef18        0x4 /app/stm32cubeide/plugins/com.st.stm32cube.ide.mcu.externaltools.gnu-tools-for-stm32.10.3-2021.10.linux64_1.0.200.202301161003/tools/bin/../lib/gcc/arm-none-eabi/10.3.1/thumb/v7e-m+fp/hard/crtbegin.o
                0x000000000810ef1c                PROVIDE (__init_array_end = .)

.fini_array     0x000000000810ef1c        0x4
                [!provide]                        PROVIDE (__fini_array_start = .)
 *(SORT_BY_NAME(.fini_array.*))
 *(.fini_array*)
 .fini_array    0x000000000810ef1c        0x4 /app/stm32cubeide/plugins/com.st.stm32cube.ide.mcu.externaltools.gnu-tools-for-stm32.10.3-2021.10.linux64_1.0.200.202301161003/tools/bin/../lib/gcc/arm-none-eabi/10.3.1/thumb/v7e-m+fp/hard/crtbegin.o
                [!provide]                        PROVIDE (__fini_array_end = .)
                0x000000000810ef20                _sidata = LOADADDR (.data)

.data           0x0000000010000000       0xa4 load address 0x000000000810ef20
                0x0000000010000000                . = ALIGN (0x4)
                0x0000000010000000                _sdata = .
 *(.data)
 *(.data*)
 .data.SystemCoreClock
                0x0000000010000000        0x4 ./Common/Src/system_stm32h7xx_dualcore_boot_cm4_cm7.o
                0x0000000010000000                SystemCoreClock
 .data.SystemD2Clock
                0x0000000010000004        0x4 ./Common/Src/system_stm32h7xx_dualcore_boot_cm4_cm7.o
                0x0000000010000004                SystemD2Clock
 .data.BDTable  0x0000000010000008       0x30 ./Core/Src/vl53l1_api.o
 .data.uwTickPrio
                0x0000000010000038        0x4 ./Drivers/STM32H7xx_HAL_Driver/stm32h7xx_hal.o
                0x0000000010000038                uwTickPrio
 .data.uwTickFreq
                0x000000001000003c        0x1 ./Drivers/STM32H7xx_HAL_Driver/stm32h7xx_hal.o
                0x000000001000003c                uwTickFreq
 *fill*         0x000000001000003d        0x3 
 .data._impure_ptr
                0x0000000010000040        0x4 /app/stm32cubeide/plugins/com.st.stm32cube.ide.mcu.externaltools.gnu-tools-for-stm32.10.3-2021.10.linux64_1.0.200.202301161003/tools/bin/../lib/gcc/arm-none-eabi/10.3.1/../../../../arm-none-eabi/lib/thumb/v7e-m+fp/hard/libc_nano.a(lib_a-impure.o)
                0x0000000010000040                _impure_ptr
 .data.impure_data
                0x0000000010000044       0x60 /app/stm32cubeide/plugins/com.st.stm32cube.ide.mcu.externaltools.gnu-tools-for-stm32.10.3-2021.10.linux64_1.0.200.202301161003/tools/bin/../lib/gcc/arm-none-eabi/10.3.1/../../../../arm-none-eabi/lib/thumb/v7e-m+fp/hard/libc_nano.a(lib_a-impure.o)
 *(.RamFunc)
 *(.RamFunc*)
                0x00000000100000a4                . = ALIGN (0x4)
                0x00000000100000a4                _edata = .

.igot.plt       0x00000000100000a4        0x0 load address 0x000000000810efc4
 .igot.plt      0x00000000100000a4        0x0 /app/stm32cubeide/plugins/com.st.stm32cube.ide.mcu.externaltools.gnu-tools-for-stm32.10.3-2021.10.linux64_1.0.200.202301161003/tools/bin/../lib/gcc/arm-none-eabi/10.3.1/thumb/v7e-m+fp/hard/crtbegin.o
                0x00000000100000a4                . = ALIGN (0x4)

.bss            0x00000000100000a4      0x2b0 load address 0x000000000810efc4
                0x00000000100000a4                _sbss = .
                0x00000000100000a4                __bss_start__ = _sbss
 *(.bss)
 .bss           0x00000000100000a4       0x1c /app/stm32cubeide/plugins/com.st.stm32cube.ide.mcu.externaltools.gnu-tools-for-stm32.10.3-2021.10.linux64_1.0.200.202301161003/tools/bin/../lib/gcc/arm-none-eabi/10.3.1/thumb/v7e-m+fp/hard/crtbegin.o
 *(.bss*)
 .bss.p_bno055  0x00000000100000c0        0x4 ./Core/Src/bno055.o
 .bss.hi2c1     0x00000000100000c4       0x54 ./Core/Src/main.o
                0x00000000100000c4                hi2c1
 .bss.hi2c2     0x0000000010000118       0x54 ./Core/Src/main.o
                0x0000000010000118                hi2c2
 .bss.htim2     0x000000001000016c       0x4c ./Core/Src/main.o
                0x000000001000016c                htim2
 .bss.htim4     0x00000000100001b8       0x4c ./Core/Src/main.o
                0x00000000100001b8                htim4
 .bss.htim6     0x0000000010000204       0x4c ./Core/Src/main.o
                0x0000000010000204                htim6
 .bss.htim7     0x0000000010000250       0x4c ./Core/Src/main.o
                0x0000000010000250                htim7
 .bss.huart3    0x000000001000029c       0x94 ./Core/Src/main.o
                0x000000001000029c                huart3
 .bss.flag      0x0000000010000330        0x4 ./Core/Src/main.o
                0x0000000010000330                flag
 .bss.flag_int  0x0000000010000334        0x1 ./Core/Src/main.o
                0x0000000010000334                flag_int
 .bss.flag_int_servo_control
                0x0000000010000335        0x1 ./Core/Src/main.o
                0x0000000010000335                flag_int_servo_control
 .bss.flag_int_motor_control
                0x0000000010000336        0x1 ./Core/Src/main.o
                0x0000000010000336                flag_int_motor_control
 .bss.ld_st_loop_counter
                0x0000000010000337        0x1 ./Core/Src/main.o
                0x0000000010000337                ld_st_loop_counter
 .bss.__sbrk_heap_end
                0x0000000010000338        0x4 ./Core/Src/sysmem.o
 .bss.global_comms_type
                0x000000001000033c        0x1 ./Core/Src/vl53l1_platform.o
                0x000000001000033c                global_comms_type
 *fill*         0x000000001000033d        0x3 
 .bss.uwTick    0x0000000010000340        0x4 ./Drivers/STM32H7xx_HAL_Driver/stm32h7xx_hal.o
                0x0000000010000340                uwTick
 .bss.__malloc_free_list
                0x0000000010000344        0x4 /app/stm32cubeide/plugins/com.st.stm32cube.ide.mcu.externaltools.gnu-tools-for-stm32.10.3-2021.10.linux64_1.0.200.202301161003/tools/bin/../lib/gcc/arm-none-eabi/10.3.1/../../../../arm-none-eabi/lib/thumb/v7e-m+fp/hard/libc_nano.a(lib_a-nano-mallocr.o)
                0x0000000010000344                __malloc_free_list
 .bss.__malloc_sbrk_start
                0x0000000010000348        0x4 /app/stm32cubeide/plugins/com.st.stm32cube.ide.mcu.externaltools.gnu-tools-for-stm32.10.3-2021.10.linux64_1.0.200.202301161003/tools/bin/../lib/gcc/arm-none-eabi/10.3.1/../../../../arm-none-eabi/lib/thumb/v7e-m+fp/hard/libc_nano.a(lib_a-nano-mallocr.o)
                0x0000000010000348                __malloc_sbrk_start
 .bss.errno     0x000000001000034c        0x4 /app/stm32cubeide/plugins/com.st.stm32cube.ide.mcu.externaltools.gnu-tools-for-stm32.10.3-2021.10.linux64_1.0.200.202301161003/tools/bin/../lib/gcc/arm-none-eabi/10.3.1/../../../../arm-none-eabi/lib/thumb/v7e-m+fp/hard/libc_nano.a(lib_a-reent.o)
                0x000000001000034c                errno
 .bss.__lock___malloc_recursive_mutex
                0x0000000010000350        0x1 /app/stm32cubeide/plugins/com.st.stm32cube.ide.mcu.externaltools.gnu-tools-for-stm32.10.3-2021.10.linux64_1.0.200.202301161003/tools/bin/../lib/gcc/arm-none-eabi/10.3.1/../../../../arm-none-eabi/lib/thumb/v7e-m+fp/hard/libc_nano.a(lib_a-lock.o)
                0x0000000010000350                __lock___malloc_recursive_mutex
 *(COMMON)
                0x0000000010000354                . = ALIGN (0x4)
 *fill*         0x0000000010000351        0x3 
                0x0000000010000354                _ebss = .
                0x0000000010000354                __bss_end__ = _ebss

._user_heap_stack
                0x0000000010000354      0x604 load address 0x000000000810efc4
                0x0000000010000358                . = ALIGN (0x8)
 *fill*         0x0000000010000354        0x4 
                [!provide]                        PROVIDE (end = .)
                0x0000000010000358                PROVIDE (_end = .)
                0x0000000010000558                . = (. + _Min_Heap_Size)
 *fill*         0x0000000010000358      0x200 
                0x0000000010000958                . = (. + _Min_Stack_Size)
 *fill*         0x0000000010000558      0x400 
                0x0000000010000958                . = ALIGN (0x8)

/DISCARD/
 libc.a(*)
 libm.a(*)
 libgcc.a(*)

.ARM.attributes
                0x0000000000000000       0x30
 *(.ARM.attributes)
 .ARM.attributes
                0x0000000000000000       0x1e /app/stm32cubeide/plugins/com.st.stm32cube.ide.mcu.externaltools.gnu-tools-for-stm32.10.3-2021.10.linux64_1.0.200.202301161003/tools/bin/../lib/gcc/arm-none-eabi/10.3.1/thumb/v7e-m+fp/hard/crti.o
 .ARM.attributes
                0x000000000000001e       0x34 /app/stm32cubeide/plugins/com.st.stm32cube.ide.mcu.externaltools.gnu-tools-for-stm32.10.3-2021.10.linux64_1.0.200.202301161003/tools/bin/../lib/gcc/arm-none-eabi/10.3.1/thumb/v7e-m+fp/hard/crtbegin.o
 .ARM.attributes
                0x0000000000000052       0x34 ./Common/Src/system_stm32h7xx_dualcore_boot_cm4_cm7.o
 .ARM.attributes
                0x0000000000000086       0x34 ./Core/Src/Motors_PID_and_manager.o
 .ARM.attributes
                0x00000000000000ba       0x34 ./Core/Src/Servos_PID_and_manager.o
 .ARM.attributes
                0x00000000000000ee       0x34 ./Core/Src/bno055.o
 .ARM.attributes
                0x0000000000000122       0x34 ./Core/Src/bno055_stm32_hal.o
 .ARM.attributes
                0x0000000000000156       0x34 ./Core/Src/main.o
 .ARM.attributes
                0x000000000000018a       0x34 ./Core/Src/stm32h7xx_hal_msp.o
 .ARM.attributes
                0x00000000000001be       0x34 ./Core/Src/stm32h7xx_it.o
 .ARM.attributes
                0x00000000000001f2       0x34 ./Core/Src/sysmem.o
 .ARM.attributes
                0x0000000000000226       0x34 ./Core/Src/vl53l1_api.o
 .ARM.attributes
                0x000000000000025a       0x34 ./Core/Src/vl53l1_api_core.o
 .ARM.attributes
                0x000000000000028e       0x34 ./Core/Src/vl53l1_api_preset_modes.o
 .ARM.attributes
                0x00000000000002c2       0x34 ./Core/Src/vl53l1_core.o
 .ARM.attributes
                0x00000000000002f6       0x34 ./Core/Src/vl53l1_core_support.o
 .ARM.attributes
                0x000000000000032a       0x34 ./Core/Src/vl53l1_platform.o
 .ARM.attributes
                0x000000000000035e       0x34 ./Core/Src/vl53l1_platform_init.o
 .ARM.attributes
                0x0000000000000392       0x34 ./Core/Src/vl53l1_register_funcs.o
 .ARM.attributes
                0x00000000000003c6       0x21 ./Core/Startup/startup_stm32h745zitx.o
 .ARM.attributes
                0x00000000000003e7       0x34 ./Drivers/STM32H7xx_HAL_Driver/stm32h7xx_hal.o
 .ARM.attributes
                0x000000000000041b       0x34 ./Drivers/STM32H7xx_HAL_Driver/stm32h7xx_hal_cortex.o
 .ARM.attributes
                0x000000000000044f       0x34 ./Drivers/STM32H7xx_HAL_Driver/stm32h7xx_hal_gpio.o
 .ARM.attributes
                0x0000000000000483       0x34 ./Drivers/STM32H7xx_HAL_Driver/stm32h7xx_hal_hsem.o
 .ARM.attributes
                0x00000000000004b7       0x34 ./Drivers/STM32H7xx_HAL_Driver/stm32h7xx_hal_i2c.o
 .ARM.attributes
                0x00000000000004eb       0x34 ./Drivers/STM32H7xx_HAL_Driver/stm32h7xx_hal_i2c_ex.o
 .ARM.attributes
                0x000000000000051f       0x34 ./Drivers/STM32H7xx_HAL_Driver/stm32h7xx_hal_pwr_ex.o
 .ARM.attributes
                0x0000000000000553       0x34 ./Drivers/STM32H7xx_HAL_Driver/stm32h7xx_hal_rcc.o
 .ARM.attributes
                0x0000000000000587       0x34 ./Drivers/STM32H7xx_HAL_Driver/stm32h7xx_hal_rcc_ex.o
 .ARM.attributes
                0x00000000000005bb       0x34 ./Drivers/STM32H7xx_HAL_Driver/stm32h7xx_hal_tim.o
 .ARM.attributes
                0x00000000000005ef       0x34 ./Drivers/STM32H7xx_HAL_Driver/stm32h7xx_hal_tim_ex.o
 .ARM.attributes
                0x0000000000000623       0x34 ./Drivers/STM32H7xx_HAL_Driver/stm32h7xx_hal_uart.o
 .ARM.attributes
                0x0000000000000657       0x34 ./Drivers/STM32H7xx_HAL_Driver/stm32h7xx_hal_uart_ex.o
 .ARM.attributes
                0x000000000000068b       0x34 /app/stm32cubeide/plugins/com.st.stm32cube.ide.mcu.externaltools.gnu-tools-for-stm32.10.3-2021.10.linux64_1.0.200.202301161003/tools/bin/../lib/gcc/arm-none-eabi/10.3.1/../../../../arm-none-eabi/lib/thumb/v7e-m+fp/hard/libc_nano.a(lib_a-errno.o)
 .ARM.attributes