Archive member included to satisfy reference by file (symbol)

/app/stm32cubeide/plugins/com.st.stm32cube.ide.mcu.externaltools.gnu-tools-for-stm32.10.3-2021.10.linux64_1.0.200.202301161003/tools/bin/../lib/gcc/arm-none-eabi/10.3.1/../../../../arm-none-eabi/lib/thumb/v7e-m+fp/hard/libc_nano.a(lib_a-errno.o)
                              ./Core/Src/syscalls.o (__errno)
/app/stm32cubeide/plugins/com.st.stm32cube.ide.mcu.externaltools.gnu-tools-for-stm32.10.3-2021.10.linux64_1.0.200.202301161003/tools/bin/../lib/gcc/arm-none-eabi/10.3.1/../../../../arm-none-eabi/lib/thumb/v7e-m+fp/hard/libc_nano.a(lib_a-exit.o)
                              /app/stm32cubeide/plugins/com.st.stm32cube.ide.mcu.externaltools.gnu-tools-for-stm32.10.3-2021.10.linux64_1.0.200.202301161003/tools/bin/../lib/gcc/arm-none-eabi/10.3.1/../../../../arm-none-eabi/lib/thumb/v7e-m+fp/hard/crt0.o (exit)
/app/stm32cubeide/plugins/com.st.stm32cube.ide.mcu.externaltools.gnu-tools-for-stm32.10.3-2021.10.linux64_1.0.200.202301161003/tools/bin/../lib/gcc/arm-none-eabi/10.3.1/../../../../arm-none-eabi/lib/thumb/v7e-m+fp/hard/libc_nano.a(lib_a-impure.o)
                              /app/stm32cubeide/plugins/com.st.stm32cube.ide.mcu.externaltools.gnu-tools-for-stm32.10.3-2021.10.linux64_1.0.200.202301161003/tools/bin/../lib/gcc/arm-none-eabi/10.3.1/../../../../arm-none-eabi/lib/thumb/v7e-m+fp/hard/libc_nano.a(lib_a-exit.o) (_global_impure_ptr)
/app/stm32cubeide/plugins/com.st.stm32cube.ide.mcu.externaltools.gnu-tools-for-stm32.10.3-2021.10.linux64_1.0.200.202301161003/tools/bin/../lib/gcc/arm-none-eabi/10.3.1/../../../../arm-none-eabi/lib/thumb/v7e-m+fp/hard/libc_nano.a(lib_a-init.o)
                              /app/stm32cubeide/plugins/com.st.stm32cube.ide.mcu.externaltools.gnu-tools-for-stm32.10.3-2021.10.linux64_1.0.200.202301161003/tools/bin/../lib/gcc/arm-none-eabi/10.3.1/../../../../arm-none-eabi/lib/thumb/v7e-m+fp/hard/crt0.o (__libc_init_array)
/app/stm32cubeide/plugins/com.st.stm32cube.ide.mcu.externaltools.gnu-tools-for-stm32.10.3-2021.10.linux64_1.0.200.202301161003/tools/bin/../lib/gcc/arm-none-eabi/10.3.1/../../../../arm-none-eabi/lib/thumb/v7e-m+fp/hard/libc_nano.a(lib_a-memcpy-stub.o)
                              ./Core/Src/vl53l1_api.o (memcpy)
/app/stm32cubeide/plugins/com.st.stm32cube.ide.mcu.externaltools.gnu-tools-for-stm32.10.3-2021.10.linux64_1.0.200.202301161003/tools/bin/../lib/gcc/arm-none-eabi/10.3.1/../../../../arm-none-eabi/lib/thumb/v7e-m+fp/hard/libc_nano.a(lib_a-memset.o)
                              /app/stm32cubeide/plugins/com.st.stm32cube.ide.mcu.externaltools.gnu-tools-for-stm32.10.3-2021.10.linux64_1.0.200.202301161003/tools/bin/../lib/gcc/arm-none-eabi/10.3.1/../../../../arm-none-eabi/lib/thumb/v7e-m+fp/hard/crt0.o (memset)
/app/stm32cubeide/plugins/com.st.stm32cube.ide.mcu.externaltools.gnu-tools-for-stm32.10.3-2021.10.linux64_1.0.200.202301161003/tools/bin/../lib/gcc/arm-none-eabi/10.3.1/../../../../arm-none-eabi/lib/thumb/v7e-m+fp/hard/libc_nano.a(lib_a-sprintf.o)
                              ./Core/Src/bno055_stm32_hal.o (sprintf)
/app/stm32cubeide/plugins/com.st.stm32cube.ide.mcu.externaltools.gnu-tools-for-stm32.10.3-2021.10.linux64_1.0.200.202301161003/tools/bin/../lib/gcc/arm-none-eabi/10.3.1/../../../../arm-none-eabi/lib/thumb/v7e-m+fp/hard/libc_nano.a(lib_a-strlen.o)
                              ./Core/Src/bno055_stm32_hal.o (strlen)
/app/stm32cubeide/plugins/com.st.stm32cube.ide.mcu.externaltools.gnu-tools-for-stm32.10.3-2021.10.linux64_1.0.200.202301161003/tools/bin/../lib/gcc/arm-none-eabi/10.3.1/../../../../arm-none-eabi/lib/thumb/v7e-m+fp/hard/libc_nano.a(lib_a-strncpy.o)
                              ./Core/Src/vl53l1_api.o (strncpy)
/app/stm32cubeide/plugins/com.st.stm32cube.ide.mcu.externaltools.gnu-tools-for-stm32.10.3-2021.10.linux64_1.0.200.202301161003/tools/bin/../lib/gcc/arm-none-eabi/10.3.1/../../../../arm-none-eabi/lib/thumb/v7e-m+fp/hard/libc_nano.a(lib_a-nano-svfprintf.o)
                              /app/stm32cubeide/plugins/com.st.stm32cube.ide.mcu.externaltools.gnu-tools-for-stm32.10.3-2021.10.linux64_1.0.200.202301161003/tools/bin/../lib/gcc/arm-none-eabi/10.3.1/../../../../arm-none-eabi/lib/thumb/v7e-m+fp/hard/libc_nano.a(lib_a-sprintf.o) (_svfprintf_r)
/app/stm32cubeide/plugins/com.st.stm32cube.ide.mcu.externaltools.gnu-tools-for-stm32.10.3-2021.10.linux64_1.0.200.202301161003/tools/bin/../lib/gcc/arm-none-eabi/10.3.1/../../../../arm-none-eabi/lib/thumb/v7e-m+fp/hard/libc_nano.a(lib_a-nano-vfprintf_i.o)
                              /app/stm32cubeide/plugins/com.st.stm32cube.ide.mcu.externaltools.gnu-tools-for-stm32.10.3-2021.10.linux64_1.0.200.202301161003/tools/bin/../lib/gcc/arm-none-eabi/10.3.1/../../../../arm-none-eabi/lib/thumb/v7e-m+fp/hard/libc_nano.a(lib_a-nano-svfprintf.o) (_printf_i)
[...]
Memory Configuration

Name             Origin             Length             Attributes
FLASH            0x0000000008100000 0x0000000000100000 xr
RAM              0x0000000010000000 0x0000000000048000 xrw
*default*        0x0000000000000000 0xffffffffffffffff

Linker script and memory map

LOAD /app/stm32cubeide/plugins/com.st.stm32cube.ide.mcu.externaltools.gnu-tools-for-stm32.10.3-2021.10.linux64_1.0.200.202301161003/tools/bin/../lib/gcc/arm-none-eabi/10.3.1/thumb/v7e-m+fp/hard/crti.o
LOAD /app/stm32cubeide/plugins/com.st.stm32cube.ide.mcu.externaltools.gnu-tools-for-stm32.10.3-2021.10.linux64_1.0.200.202301161003/tools/bin/../lib/gcc/arm-none-eabi/10.3.1/thumb/v7e-m+fp/hard/crtbegin.o
LOAD /app/stm32cubeide/plugins/com.st.stm32cube.ide.mcu.externaltools.gnu-tools-for-stm32.10.3-2021.10.linux64_1.0.200.202301161003/tools/bin/../lib/gcc/arm-none-eabi/10.3.1/../../../../arm-none-eabi/lib/thumb/v7e-m+fp/hard/crt0.o
LOAD ./Common/Src/system_stm32h7xx_dualcore_boot_cm4_cm7.o
LOAD ./Core/Src/Motors_PID_and_manager.o
LOAD ./Core/Src/Servos_PID_and_manager.o
LOAD ./Core/Src/bno055.o
LOAD ./Core/Src/bno055_stm32_hal.o
LOAD ./Core/Src/main.o
LOAD ./Core/Src/stm32h7xx_hal_msp.o
LOAD ./Core/Src/stm32h7xx_it.o
LOAD ./Core/Src/syscalls.o
LOAD ./Core/Src/sysmem.o
LOAD ./Core/Src/vl53l1_api.o
LOAD ./Core/Src/vl53l1_api_calibration.o
LOAD ./Core/Src/vl53l1_api_core.o
LOAD ./Core/Src/vl53l1_api_debug.o
LOAD ./Core/Src/vl53l1_api_preset_modes.o
LOAD ./Core/Src/vl53l1_api_strings.o
LOAD ./Core/Src/vl53l1_core.o
LOAD ./Core/Src/vl53l1_core_support.o
LOAD ./Core/Src/vl53l1_error_strings.o
LOAD ./Core/Src/vl53l1_platform.o
LOAD ./Core/Src/vl53l1_platform_init.o
LOAD ./Core/Src/vl53l1_platform_log.o
LOAD ./Core/Src/vl53l1_register_funcs.o
LOAD ./Core/Src/vl53l1_silicon_core.o
LOAD ./Core/Src/vl53l1_wait.o
LOAD ./Core/Startup/startup_stm32h745zitx.o
LOAD ./Drivers/STM32H7xx_HAL_Driver/stm32h7xx_hal.o
LOAD ./Drivers/STM32H7xx_HAL_Driver/stm32h7xx_hal_cortex.o
LOAD ./Drivers/STM32H7xx_HAL_Driver/stm32h7xx_hal_dma.o
LOAD ./Drivers/STM32H7xx_HAL_Driver/stm32h7xx_hal_dma_ex.o
LOAD ./Drivers/STM32H7xx_HAL_Driver/stm32h7xx_hal_exti.o
LOAD ./Drivers/STM32H7xx_HAL_Driver/stm32h7xx_hal_flash.o
LOAD ./Drivers/STM32H7xx_HAL_Driver/stm32h7xx_hal_flash_ex.o
LOAD ./Drivers/STM32H7xx_HAL_Driver/stm32h7xx_hal_gpio.o
LOAD ./Drivers/STM32H7xx_HAL_Driver/stm32h7xx_hal_hsem.o
LOAD ./Drivers/STM32H7xx_HAL_Driver/stm32h7xx_hal_i2c.o
LOAD ./Drivers/STM32H7xx_HAL_Driver/stm32h7xx_hal_i2c_ex.o
LOAD ./Drivers/STM32H7xx_HAL_Driver/stm32h7xx_hal_mdma.o
LOAD ./Drivers/STM32H7xx_HAL_Driver/stm32h7xx_hal_pwr.o
LOAD ./Drivers/STM32H7xx_HAL_Driver/stm32h7xx_hal_pwr_ex.o
LOAD ./Drivers/STM32H7xx_HAL_Driver/stm32h7xx_hal_rcc.o
LOAD ./Drivers/STM32H7xx_HAL_Driver/stm32h7xx_hal_rcc_ex.o
LOAD ./Drivers/STM32H7xx_HAL_Driver/stm32h7xx_hal_tim.o
LOAD ./Drivers/STM32H7xx_HAL_Driver/stm32h7xx_hal_tim_ex.o
LOAD ./Drivers/STM32H7xx_HAL_Driver/stm32h7xx_hal_uart.o
LOAD ./Drivers/STM32H7xx_HAL_Driver/stm32h7xx_hal_uart_ex.o
START GROUP
LOAD /app/stm32cubeide/plugins/com.st.stm32cube.ide.mcu.externaltools.gnu-tools-for-stm32.10.3-2021.10.linux64_1.0.200.202301161003/tools/bin/../lib/gcc/arm-none-eabi/10.3.1/../../../../arm-none-eabi/lib/thumb/v7e-m+fp/hard/libc_nano.a
LOAD /app/stm32cubeide/plugins/com.st.stm32cube.ide.mcu.externaltools.gnu-tools-for-stm32.10.3-2021.10.linux64_1.0.200.202301161003/tools/bin/../lib/gcc/arm-none-eabi/10.3.1/../../../../arm-none-eabi/lib/thumb/v7e-m+fp/hard/libm.a
END GROUP
START GROUP
LOAD /app/stm32cubeide/plugins/com.st.stm32cube.ide.mcu.externaltools.gnu-tools-for-stm32.10.3-2021.10.linux64_1.0.200.202301161003/tools/bin/../lib/gcc/arm-none-eabi/10.3.1/thumb/v7e-m+fp/hard/libgcc.a
LOAD /app/stm32cubeide/plugins/com.st.stm32cube.ide.mcu.externaltools.gnu-tools-for-stm32.10.3-2021.10.linux64_1.0.200.202301161003/tools/bin/../lib/gcc/arm-none-eabi/10.3.1/../../../../arm-none-eabi/lib/thumb/v7e-m+fp/hard/libc_nano.a
END GROUP
START GROUP
LOAD /app/stm32cubeide/plugins/com.st.stm32cube.ide.mcu.externaltools.gnu-tools-for-stm32.10.3-2021.10.linux64_1.0.200.202301161003/tools/bin/../lib/gcc/arm-none-eabi/10.3.1/thumb/v7e-m+fp/hard/libgcc.a
LOAD /app/stm32cubeide/plugins/com.st.stm32cube.ide.mcu.externaltools.gnu-tools-for-stm32.10.3-2021.10.linux64_1.0.200.202301161003/tools/bin/../lib/gcc/arm-none-eabi/10.3.1/../../../../arm-none-eabi/lib/thumb/v7e-m+fp/hard/libc_nano.a
LOAD /app/stm32cubeide/plugins/com.st.stm32cube.ide.mcu.externaltools.gnu-tools-for-stm32.10.3-2021.10.linux64_1.0.200.202301161003/tools/bin/../lib/gcc/arm-none-eabi/10.3.1/../../../../arm-none-eabi/lib/thumb/v7e-m+fp/hard/libnosys.a
END GROUP
START GROUP
LOAD /app/stm32cubeide/plugins/com.st.stm32cube.ide.mcu.externaltools.gnu-tools-for-stm32.10.3-2021.10.linux64_1.0.200.202301161003/tools/bin/../lib/gcc/arm-none-eabi/10.3.1/thumb/v7e-m+fp/hard/libgcc.a
LOAD /app/stm32cubeide/plugins/com.st.stm32cube.ide.mcu.externaltools.gnu-tools-for-stm32.10.3-2021.10.linux64_1.0.200.202301161003/tools/bin/../lib/gcc/arm-none-eabi/10.3.1/../../../../arm-none-eabi/lib/thumb/v7e-m+fp/hard/libc_nano.a
LOAD /app/stm32cubeide/plugins/com.st.stm32cube.ide.mcu.externaltools.gnu-tools-for-stm32.10.3-2021.10.linux64_1.0.200.202301161003/tools/bin/../lib/gcc/arm-none-eabi/10.3.1/../../../../arm-none-eabi/lib/thumb/v7e-m+fp/hard/libnosys.a
END GROUP
LOAD /app/stm32cubeide/plugins/com.st.stm32cube.ide.mcu.externaltools.gnu-tools-for-stm32.10.3-2021.10.linux64_1.0.200.202301161003/tools/bin/../lib/gcc/arm-none-eabi/10.3.1/thumb/v7e-m+fp/hard/crtend.o
LOAD /app/stm32cubeide/plugins/com.st.stm32cube.ide.mcu.externaltools.gnu-tools-for-stm32.10.3-2021.10.linux64_1.0.200.202301161003/tools/bin/../lib/gcc/arm-none-eabi/10.3.1/thumb/v7e-m+fp/hard/crtn.o
                0x0000000010048000                _estack = (ORIGIN (RAM) + LENGTH (RAM))
                0x0000000000000200                _Min_Heap_Size = 0x200
                0x0000000000000400                _Min_Stack_Size = 0x400

.isr_vector     0x0000000008100000      0x298
                0x0000000008100000                . = ALIGN (0x4)
 *(.isr_vector)
 .isr_vector    0x0000000008100000      0x298 ./Core/Startup/startup_stm32h745zitx.o
                0x0000000008100000                g_pfnVectors
                0x0000000008100298                . = ALIGN (0x4)

.text           0x00000000081002a0     0xdc4c
                0x00000000081002a0                . = ALIGN (0x4)
 *(.text)
 .text          0x00000000081002a0       0x40 /app/stm32cubeide/plugins/com.st.stm32cube.ide.mcu.externaltools.gnu-tools-for-stm32.10.3-2021.10.linux64_1.0.200.202301161003/tools/bin/../lib/gcc/arm-none-eabi/10.3.1/thumb/v7e-m+fp/hard/crtbegin.o
 .text          0x00000000081002e0       0x10 /app/stm32cubeide/plugins/com.st.stm32cube.ide.mcu.externaltools.gnu-tools-for-stm32.10.3-2021.10.linux64_1.0.200.202301161003/tools/bin/../lib/gcc/arm-none-eabi/10.3.1/../../../../arm-none-eabi/lib/thumb/v7e-m+fp/hard/libc_nano.a(lib_a-strlen.o)
                0x00000000081002e0                strlen
 .text          0x00000000081002f0       0xa0 /app/stm32cubeide/plugins/com.st.stm32cube.ide.mcu.externaltools.gnu-tools-for-stm32.10.3-2021.10.linux64_1.0.200.202301161003/tools/bin/../lib/gcc/arm-none-eabi/10.3.1/../../../../arm-none-eabi/lib/thumb/v7e-m+fp/hard/libc_nano.a(lib_a-memchr.o)
                0x00000000081002f0                memchr
 .text          0x0000000008100390      0x378 /app/stm32cubeide/plugins/com.st.stm32cube.ide.mcu.externaltools.gnu-tools-for-stm32.10.3-2021.10.linux64_1.0.200.202301161003/tools/bin/../lib/gcc/arm-none-eabi/10.3.1/thumb/v7e-m+fp/hard/libgcc.a(_arm_addsubdf3.o)
                0x0000000008100390                __aeabi_drsub
                0x0000000008100398                __aeabi_dsub
                0x0000000008100398                __subdf3
                0x000000000810039c                __adddf3
                0x000000000810039c                __aeabi_dadd
                0x0000000008100614                __aeabi_ui2d
                0x0000000008100614                __floatunsidf
                0x0000000008100634                __floatsidf
                0x0000000008100634                __aeabi_i2d
                0x0000000008100658                __extendsfdf2
                0x0000000008100658                __aeabi_f2d
                0x000000000810069c                __aeabi_ul2d
                0x000000000810069c                __floatundidf
                0x00000000081006ac                __floatdidf
                0x00000000081006ac                __aeabi_l2d
 .text          0x0000000008100708      0x424 /app/stm32cubeide/plugins/com.st.stm32cube.ide.mcu.externaltools.gnu-tools-for-stm32.10.3-2021.10.linux64_1.0.200.202301161003/tools/bin/../lib/gcc/arm-none-eabi/10.3.1/thumb/v7e-m+fp/hard/libgcc.a(_arm_muldivdf3.o)
                0x0000000008100708                __aeabi_dmul
                0x0000000008100708                __muldf3
                0x000000000810095c                __aeabi_ddiv
                0x000000000810095c                __divdf3
 .text          0x0000000008100b2c       0xa0 /app/stm32cubeide/plugins/com.st.stm32cube.ide.mcu.externaltools.gnu-tools-for-stm32.10.3-2021.10.linux64_1.0.200.202301161003/tools/bin/../lib/gcc/arm-none-eabi/10.3.1/thumb/v7e-m+fp/hard/libgcc.a(_arm_truncdfsf2.o)
                0x0000000008100b2c                __aeabi_d2f
                0x0000000008100b2c                __truncdfsf2
 .text          0x0000000008100bcc       0x30 /app/stm32cubeide/plugins/com.st.stm32cube.ide.mcu.externaltools.gnu-tools-for-stm32.10.3-2021.10.linux64_1.0.200.202301161003/tools/bin/../lib/gcc/arm-none-eabi/10.3.1/thumb/v7e-m+fp/hard/libgcc.a(_aeabi_uldivmod.o)
                0x0000000008100bcc                __aeabi_uldivmod
 .text          0x0000000008100bfc      0x2d0 /app/stm32cubeide/plugins/com.st.stm32cube.ide.mcu.externaltools.gnu-tools-for-stm32.10.3-2021.10.linux64_1.0.200.202301161003/tools/bin/../lib/gcc/arm-none-eabi/10.3.1/thumb/v7e-m+fp/hard/libgcc.a(_udivmoddi4.o)
                0x0000000008100bfc                __udivmoddi4
 .text          0x0000000008100ecc        0x4 /app/stm32cubeide/plugins/com.st.stm32cube.ide.mcu.externaltools.gnu-tools-for-stm32.10.3-2021.10.linux64_1.0.200.202301161003/tools/bin/../lib/gcc/arm-none-eabi/10.3.1/thumb/v7e-m+fp/hard/libgcc.a(_dvmd_tls.o)
                0x0000000008100ecc                __aeabi_ldiv0
                0x0000000008100ecc                __aeabi_idiv0
 *(.text*)
 .text.SystemInit
                0x0000000008100ed0       0x30 ./Common/Src/system_stm32h7xx_dualcore_boot_cm4_cm7.o
                0x0000000008100ed0                SystemInit
 .text.safe_startup
                0x0000000008100f00       0x38 ./Core/Src/Motors_PID_and_manager.o
                0x0000000008100f00                safe_startup
 .text.motors_pid_turner_and_turn_on
                0x0000000008100f38       0x4c ./Core/Src/Motors_PID_and_manager.o
                0x0000000008100f38                motors_pid_turner_and_turn_on
 .text.motor_actuation
                0x0000000008100f84       0x28 ./Core/Src/Motors_PID_and_manager.o
                0x0000000008100f84                motor_actuation
 .text.HAL_TIM_PeriodElapsedCallback
                0x0000000008100fac       0x68 ./Core/Src/Motors_PID_and_manager.o
                0x0000000008100fac                HAL_TIM_PeriodElapsedCallback
 .text.HAL_GPIO_EXTI_Callback
                0x0000000008101014       0x40 ./Core/Src/Motors_PID_and_manager.o
                0x0000000008101014                HAL_GPIO_EXTI_Callback
 .text.DPDF_BNO055_firmware_read_init
                0x0000000008101054       0x4a ./Core/Src/Servos_PID_and_manager.o
                0x0000000008101054                DPDF_BNO055_firmware_read_init
 .text.DPDF_BNO055_firmware_read
                0x000000000810109e       0x64 ./Core/Src/Servos_PID_and_manager.o
                0x000000000810109e                DPDF_BNO055_firmware_read
 *fill*         0x0000000008101102        0x2 
 .text.pid_servo_roll_turner_and_turn_on
                0x0000000008101104       0x44 ./Core/Src/Servos_PID_and_manager.o
                0x0000000008101104                pid_servo_roll_turner_and_turn_on
 .text.pid_servo_pitch_turner_and_turn_on
                0x0000000008101148       0x44 ./Core/Src/Servos_PID_and_manager.o
                0x0000000008101148                pid_servo_pitch_turner_and_turn_on
 .text.pid_servo
                0x000000000810118c      0x228 ./Core/Src/Servos_PID_and_manager.o
                0x000000000810118c                pid_servo
 .text.execution_servo
                0x00000000081013b4       0x2c ./Core/Src/Servos_PID_and_manager.o
                0x00000000081013b4                execution_servo
 .text.bno055_init
                0x00000000081013e0      0x180 ./Core/Src/bno055.o
                0x00000000081013e0                bno055_init
 .text.bno055_write_register
                0x0000000008101560       0x4c ./Core/Src/bno055.o
                0x0000000008101560                bno055_write_register
 .text.bno055_write_page_id
                0x00000000081015ac       0x90 ./Core/Src/bno055.o
                0x00000000081015ac                bno055_write_page_id
 .text.bno055_read_euler_hrp
                0x000000000810163c       0xdc ./Core/Src/bno055.o
                0x000000000810163c                bno055_read_euler_hrp
 .text.bno055_convert_float_euler_hpr_deg
                0x0000000008101718       0xf8 ./Core/Src/bno055.o
                0x0000000008101718                bno055_convert_float_euler_hpr_deg
 .text.bno055_get_euler_unit
                0x0000000008101810       0x88 ./Core/Src/bno055.o
                0x0000000008101810                bno055_get_euler_unit
 .text.bno055_set_euler_unit
                0x0000000008101898       0xf8 ./Core/Src/bno055.o
                0x0000000008101898                bno055_set_euler_unit
 .text.bno055_get_operation_mode
                0x0000000008101990       0x84 ./Core/Src/bno055.o
                0x0000000008101990                bno055_get_operation_mode
 .text.bno055_set_operation_mode
                0x0000000008101a14      0x190 ./Core/Src/bno055.o
                0x0000000008101a14                bno055_set_operation_mode
 .text.delay_func
                0x0000000008101ba4       0x16 ./Core/Src/bno055_stm32_hal.o
                0x0000000008101ba4                delay_func
 *fill*         0x0000000008101bba        0x2 
 .text.bus_read
                0x0000000008101bbc       0x8c ./Core/Src/bno055_stm32_hal.o
                0x0000000008101bbc                bus_read
 .text.bus_write
                0x0000000008101c48       0x8c ./Core/Src/bno055_stm32_hal.o
                0x0000000008101c48                bus_write
 .text.main     0x0000000008101cd4      0x2d8 ./Core/Src/main.o
                0x0000000008101cd4                main
 .text.MX_I2C1_Init
                0x0000000008101fac       0x80 ./Core/Src/main.o
 .text.MX_I2C2_Init
                0x000000000810202c       0x80 ./Core/Src/main.o
 .text.MX_TIM2_Init
                0x00000000081020ac       0xcc ./Core/Src/main.o
 .text.MX_TIM3_Init
                0x0000000008102178       0xa0 ./Core/Src/main.o
 .text.MX_TIM4_Init
                0x0000000008102218       0xcc ./Core/Src/main.o
 .text.MX_TIM6_Init
                0x00000000081022e4       0x70 ./Core/Src/main.o
 .text.MX_TIM7_Init
                0x0000000008102354       0x6c ./Core/Src/main.o
 .text.MX_USART3_UART_Init
                0x00000000081023c0       0x98 ./Core/Src/main.o
 .text.MX_GPIO_Init
                0x0000000008102458      0x1b8 ./Core/Src/main.o
 .text.Error_Handler
                0x0000000008102610        0xa ./Core/Src/main.o
                0x0000000008102610                Error_Handler
 *fill*         0x000000000810261a        0x2 
 .text.HAL_MspInit
                0x000000000810261c       0x34 ./Core/Src/stm32h7xx_hal_msp.o
                0x000000000810261c                HAL_MspInit
 .text.HAL_I2C_MspInit
                0x0000000008102650      0x170 ./Core/Src/stm32h7xx_hal_msp.o
                0x0000000008102650                HAL_I2C_MspInit
 .text.HAL_TIM_PWM_MspInit
                0x00000000081027c0       0x70 ./Core/Src/stm32h7xx_hal_msp.o
                0x00000000081027c0                HAL_TIM_PWM_MspInit
 .text.HAL_TIM_Base_MspInit
                0x0000000008102830      0x120 ./Core/Src/stm32h7xx_hal_msp.o
                0x0000000008102830                HAL_TIM_Base_MspInit
 .text.HAL_TIM_MspPostInit
                0x0000000008102950      0x108 ./Core/Src/stm32h7xx_hal_msp.o
                0x0000000008102950                HAL_TIM_MspPostInit
 .text.HAL_UART_MspInit
                0x0000000008102a58       0xd4 ./Core/Src/stm32h7xx_hal_msp.o
                0x0000000008102a58                HAL_UART_MspInit
 .text.NMI_Handler
                0x0000000008102b2c        0x6 ./Core/Src/stm32h7xx_it.o
                0x0000000008102b2c                NMI_Handler
 .text.HardFault_Handler
                0x0000000008102b32        0x6 ./Core/Src/stm32h7xx_it.o
                0x0000000008102b32                HardFault_Handler
 .text.MemManage_Handler
                0x0000000008102b38        0x6 ./Core/Src/stm32h7xx_it.o
                0x0000000008102b38                MemManage_Handler
 .text.BusFault_Handler
                0x0000000008102b3e        0x6 ./Core/Src/stm32h7xx_it.o
                0x0000000008102b3e                BusFault_Handler
 .text.UsageFault_Handler
                0x0000000008102b44        0x6 ./Core/Src/stm32h7xx_it.o
                0x0000000008102b44                UsageFault_Handler
 .text.SVC_Handler
                0x0000000008102b4a        0xe ./Core/Src/stm32h7xx_it.o
                0x0000000008102b4a                SVC_Handler
 .text.DebugMon_Handler
                0x0000000008102b58        0xe ./Core/Src/stm32h7xx_it.o
                0x0000000008102b58                DebugMon_Handler
 .text.PendSV_Handler
                0x0000000008102b66        0xe ./Core/Src/stm32h7xx_it.o
                0x0000000008102b66                PendSV_Handler
 .text.SysTick_Handler
                0x0000000008102b74        0xc ./Core/Src/stm32h7xx_it.o
                0x0000000008102b74                SysTick_Handler
 .text.EXTI9_5_IRQHandler
                0x0000000008102b80        0xe ./Core/Src/stm32h7xx_it.o
                0x0000000008102b80                EXTI9_5_IRQHandler
 *fill*         0x0000000008102b8e        0x2 
 .text.TIM3_IRQHandler
                0x0000000008102b90       0x14 ./Core/Src/stm32h7xx_it.o
                0x0000000008102b90                TIM3_IRQHandler
 .text.EXTI15_10_IRQHandler
                0x0000000008102ba4       0x10 ./Core/Src/stm32h7xx_it.o
                0x0000000008102ba4                EXTI15_10_IRQHandler
 .text.TIM6_DAC_IRQHandler
                0x0000000008102bb4       0x14 ./Core/Src/stm32h7xx_it.o
                0x0000000008102bb4                TIM6_DAC_IRQHandler
 .text.TIM7_IRQHandler
                0x0000000008102bc8       0x14 ./Core/Src/stm32h7xx_it.o
                0x0000000008102bc8                TIM7_IRQHandler
 .text._sbrk    0x0000000008102bdc       0x6c ./Core/Src/sysmem.o
                0x0000000008102bdc                _sbrk
 .text.VL53L1_DataInit
                0x0000000008102c48       0x72 ./Core/Src/vl53l1_api.o
                0x0000000008102c48                VL53L1_DataInit
 .text.VL53L1_StaticInit
                0x0000000008102cba       0x3e ./Core/Src/vl53l1_api.o
                0x0000000008102cba                VL53L1_StaticInit
 .text.VL53L1_WaitDeviceBooted
                0x0000000008102cf8       0x26 ./Core/Src/vl53l1_api.o
                0x0000000008102cf8                VL53L1_WaitDeviceBooted
 *fill*         0x0000000008102d1e        0x2 
 .text.ComputeDevicePresetMode
                0x0000000008102d20       0xd0 ./Core/Src/vl53l1_api.o
 .text.SetPresetMode
                0x0000000008102df0       0xde ./Core/Src/vl53l1_api.o
 .text.VL53L1_SetPresetMode
                0x0000000008102ece       0x8a ./Core/Src/vl53l1_api.o
                0x0000000008102ece                VL53L1_SetPresetMode
 .text.VL53L1_SetDistanceMode
                0x0000000008102f58       0xea ./Core/Src/vl53l1_api.o
                0x0000000008102f58                VL53L1_SetDistanceMode
 *fill*         0x0000000008103042        0x2 
 .text.VL53L1_SetMeasurementTimingBudgetMicroSeconds
                0x0000000008103044      0x1c0 ./Core/Src/vl53l1_api.o
                0x0000000008103044                VL53L1_SetMeasurementTimingBudgetMicroSeconds
 .text.VL53L1_GetMeasurementTimingBudgetMicroSeconds
                0x0000000008103204      0x158 ./Core/Src/vl53l1_api.o
                0x0000000008103204                VL53L1_GetMeasurementTimingBudgetMicroSeconds
 .text.VL53L1_SetInterMeasurementPeriodMilliSeconds
                0x000000000810335c       0x40 ./Core/Src/vl53l1_api.o
                0x000000000810335c                VL53L1_SetInterMeasurementPeriodMilliSeconds
 .text.VL53L1_GetInterMeasurementPeriodMilliSeconds
                0x000000000810339c       0x48 ./Core/Src/vl53l1_api.o
                0x000000000810339c                VL53L1_GetInterMeasurementPeriodMilliSeconds
 .text.SetLimitValue
                0x00000000081033e4       0x52 ./Core/Src/vl53l1_api.o
 .text.VL53L1_SetLimitCheckEnable
                0x0000000008103436       0x7c ./Core/Src/vl53l1_api.o
                0x0000000008103436                VL53L1_SetLimitCheckEnable
 .text.VL53L1_GetSequenceStepEnable
                0x00000000081034b2       0x2e ./Core/Src/vl53l1_api.o
                0x00000000081034b2                VL53L1_GetSequenceStepEnable
 .text.VL53L1_StartMeasurement
                0x00000000081034e0       0xd8 ./Core/Src/vl53l1_api.o
                0x00000000081034e0                VL53L1_StartMeasurement
 .text.VL53L1_LoadPatch
                0x00000000081035b8      0x250 ./Core/Src/vl53l1_api.o
 .text.VL53L1_poll_for_boot_completion
                0x0000000008103808       0x9c ./Core/Src/vl53l1_api.o
                0x0000000008103808                VL53L1_poll_for_boot_completion
 .text.VL53L1_total_platform_init
                0x00000000081038a4       0x64 ./Core/Src/vl53l1_api.o
                0x00000000081038a4                VL53L1_total_platform_init
 .text.VL53L1_data_init
                0x0000000008103908      0x13a ./Core/Src/vl53l1_api_core.o
                0x0000000008103908                VL53L1_data_init
 .text.VL53L1_read_p2p_data
                0x0000000008103a42      0x100 ./Core/Src/vl53l1_api_core.o
                0x0000000008103a42                VL53L1_read_p2p_data
 .text.VL53L1_set_inter_measurement_period_ms
                0x0000000008103b42       0x52 ./Core/Src/vl53l1_api_core.o
                0x0000000008103b42                VL53L1_set_inter_measurement_period_ms
 .text.VL53L1_get_inter_measurement_period_ms
                0x0000000008103b94       0x4c ./Core/Src/vl53l1_api_core.o
                0x0000000008103b94                VL53L1_get_inter_measurement_period_ms
 .text.VL53L1_set_timeouts_us
                0x0000000008103be0       0x70 ./Core/Src/vl53l1_api_core.o
                0x0000000008103be0                VL53L1_set_timeouts_us
 .text.VL53L1_get_timeouts_us
                0x0000000008103c50       0xd6 ./Core/Src/vl53l1_api_core.o
                0x0000000008103c50                VL53L1_get_timeouts_us
 .text.VL53L1_get_sequence_config_bit
                0x0000000008103d26       0x6e ./Core/Src/vl53l1_api_core.o
                0x0000000008103d26                VL53L1_get_sequence_config_bit
 .text.VL53L1_set_user_zone
                0x0000000008103d94       0x46 ./Core/Src/vl53l1_api_core.o
                0x0000000008103d94                VL53L1_set_user_zone
 .text.VL53L1_get_user_zone
                0x0000000008103dda       0x44 ./Core/Src/vl53l1_api_core.o
                0x0000000008103dda                VL53L1_get_user_zone
 .text.VL53L1_get_mode_mitigation_roi
                0x0000000008103e1e       0x68 ./Core/Src/vl53l1_api_core.o
                0x0000000008103e1e                VL53L1_get_mode_mitigation_roi
 *fill*         0x0000000008103e86        0x2 
 .text.VL53L1_get_preset_mode_timing_cfg
                0x0000000008103e88      0x154 ./Core/Src/vl53l1_api_core.o
                0x0000000008103e88                VL53L1_get_preset_mode_timing_cfg
 .text.VL53L1_set_preset_mode
                0x0000000008103fdc      0x2ec ./Core/Src/vl53l1_api_core.o
                0x0000000008103fdc                VL53L1_set_preset_mode
 .text.VL53L1_set_lite_sigma_threshold
                0x00000000081042c8       0x2c ./Core/Src/vl53l1_api_core.o
                0x00000000081042c8                VL53L1_set_lite_sigma_threshold
 .text.VL53L1_set_lite_min_count_rate
                0x00000000081042f4       0x2c ./Core/Src/vl53l1_api_core.o
                0x00000000081042f4                VL53L1_set_lite_min_count_rate
 .text.VL53L1_set_vhv_loopbound
                0x0000000008104320       0x40 ./Core/Src/vl53l1_api_core.o
                0x0000000008104320                VL53L1_set_vhv_loopbound
 .text.VL53L1_init_and_start_range
                0x0000000008104360      0x4c4 ./Core/Src/vl53l1_api_core.o
                0x0000000008104360                VL53L1_init_and_start_range
 .text.VL53L1_get_tuning_parm
                0x0000000008104824      0x448 ./Core/Src/vl53l1_api_core.o
                0x0000000008104824                VL53L1_get_tuning_parm
 .text.VL53L1_init_refspadchar_config_struct
                0x0000000008104c6c       0x48 ./Core/Src/vl53l1_api_preset_modes.o
                0x0000000008104c6c                VL53L1_init_refspadchar_config_struct
 .text.VL53L1_init_ssc_config_struct
                0x0000000008104cb4       0x42 ./Core/Src/vl53l1_api_preset_modes.o
                0x0000000008104cb4                VL53L1_init_ssc_config_struct
 .text.VL53L1_init_xtalk_config_struct
                0x0000000008104cf6       0xc4 ./Core/Src/vl53l1_api_preset_modes.o
                0x0000000008104cf6                VL53L1_init_xtalk_config_struct
 .text.VL53L1_init_offset_cal_config_struct
                0x0000000008104dba       0x4e ./Core/Src/vl53l1_api_preset_modes.o
                0x0000000008104dba                VL53L1_init_offset_cal_config_struct
 .text.VL53L1_init_tuning_parm_storage_struct
                0x0000000008104e08      0x11e ./Core/Src/vl53l1_api_preset_modes.o
                0x0000000008104e08                VL53L1_init_tuning_parm_storage_struct
 .text.VL53L1_preset_mode_standard_ranging
                0x0000000008104f26      0x23c ./Core/Src/vl53l1_api_preset_modes.o
                0x0000000008104f26                VL53L1_preset_mode_standard_ranging
 .text.VL53L1_preset_mode_standard_ranging_short_range
                0x0000000008105162       0x82 ./Core/Src/vl53l1_api_preset_modes.o
                0x0000000008105162                VL53L1_preset_mode_standard_ranging_short_range
 .text.VL53L1_preset_mode_standard_ranging_long_range
                0x00000000081051e4       0x82 ./Core/Src/vl53l1_api_preset_modes.o
                0x00000000081051e4                VL53L1_preset_mode_standard_ranging_long_range
 .text.VL53L1_preset_mode_standard_ranging_mm1_cal
                0x0000000008105266       0x4a ./Core/Src/vl53l1_api_preset_modes.o
                0x0000000008105266                VL53L1_preset_mode_standard_ranging_mm1_cal
 .text.VL53L1_preset_mode_standard_ranging_mm2_cal
                0x00000000081052b0       0x4a ./Core/Src/vl53l1_api_preset_modes.o
                0x00000000081052b0                VL53L1_preset_mode_standard_ranging_mm2_cal
 .text.VL53L1_preset_mode_timed_ranging
                0x00000000081052fa       0x74 ./Core/Src/vl53l1_api_preset_modes.o
                0x00000000081052fa                VL53L1_preset_mode_timed_ranging
 .text.VL53L1_preset_mode_timed_ranging_short_range
                0x000000000810536e       0x74 ./Core/Src/vl53l1_api_preset_modes.o
                0x000000000810536e                VL53L1_preset_mode_timed_ranging_short_range
 .text.VL53L1_preset_mode_timed_ranging_long_range
                0x00000000081053e2       0x74 ./Core/Src/vl53l1_api_preset_modes.o
                0x00000000081053e2                VL53L1_preset_mode_timed_ranging_long_range
 .text.VL53L1_preset_mode_low_power_auto_ranging
                0x0000000008105456       0x4c ./Core/Src/vl53l1_api_preset_modes.o
                0x0000000008105456                VL53L1_preset_mode_low_power_auto_ranging
 .text.VL53L1_preset_mode_low_power_auto_short_ranging
                0x00000000081054a2       0x4c ./Core/Src/vl53l1_api_preset_modes.o
                0x00000000081054a2                VL53L1_preset_mode_low_power_auto_short_ranging
 .text.VL53L1_preset_mode_low_power_auto_long_ranging
                0x00000000081054ee       0x4c ./Core/Src/vl53l1_api_preset_modes.o
                0x00000000081054ee                VL53L1_preset_mode_low_power_auto_long_ranging
 .text.VL53L1_preset_mode_singleshot_ranging
                0x000000000810553a       0x6c ./Core/Src/vl53l1_api_preset_modes.o
                0x000000000810553a                VL53L1_preset_mode_singleshot_ranging
 .text.VL53L1_preset_mode_olt
                0x00000000081055a6       0x44 ./Core/Src/vl53l1_api_preset_modes.o
                0x00000000081055a6                VL53L1_preset_mode_olt
 .text.VL53L1_init_version
                0x00000000081055ea       0x38 ./Core/Src/vl53l1_core.o
                0x00000000081055ea                VL53L1_init_version
 .text.VL53L1_init_ll_driver_state
                0x0000000008105622       0x52 ./Core/Src/vl53l1_core.o
                0x0000000008105622                VL53L1_init_ll_driver_state
 .text.VL53L1_update_ll_driver_rd_state
                0x0000000008105674      0x110 ./Core/Src/vl53l1_core.o
                0x0000000008105674                VL53L1_update_ll_driver_rd_state
 .text.VL53L1_update_ll_driver_cfg_state
                0x0000000008105784       0xcc ./Core/Src/vl53l1_core.o
                0x0000000008105784                VL53L1_update_ll_driver_cfg_state
 .text.VL53L1_copy_rtn_good_spads_to_buffer
                0x0000000008105850      0x174 ./Core/Src/vl53l1_core.o
                0x0000000008105850                VL53L1_copy_rtn_good_spads_to_buffer
 .text.VL53L1_i2c_encode_uint16_t
                0x00000000081059c4       0x56 ./Core/Src/vl53l1_core.o
                0x00000000081059c4                VL53L1_i2c_encode_uint16_t
 .text.VL53L1_i2c_decode_uint16_t
                0x0000000008105a1a       0x40 ./Core/Src/vl53l1_core.o
                0x0000000008105a1a                VL53L1_i2c_decode_uint16_t
 .text.VL53L1_i2c_encode_int16_t
                0x0000000008105a5a       0x58 ./Core/Src/vl53l1_core.o
                0x0000000008105a5a                VL53L1_i2c_encode_int16_t
 .text.VL53L1_i2c_decode_int16_t
                0x0000000008105ab2       0x52 ./Core/Src/vl53l1_core.o
                0x0000000008105ab2                VL53L1_i2c_decode_int16_t
 .text.VL53L1_i2c_encode_uint32_t
                0x0000000008105b04       0x54 ./Core/Src/vl53l1_core.o
                0x0000000008105b04                VL53L1_i2c_encode_uint32_t
 .text.VL53L1_set_powerforce_register
                0x0000000008105b58       0x3c ./Core/Src/vl53l1_core.o
                0x0000000008105b58                VL53L1_set_powerforce_register
 .text.VL53L1_enable_powerforce
                0x0000000008105b94       0x24 ./Core/Src/vl53l1_core.o
                0x0000000008105b94                VL53L1_enable_powerforce
 .text.VL53L1_calc_macro_period_us
                0x0000000008105bb8       0x5e ./Core/Src/vl53l1_core.o
                0x0000000008105bb8                VL53L1_calc_macro_period_us
 *fill*         0x0000000008105c16        0x2 
 .text.VL53L1_calc_range_ignore_threshold
                0x0000000008105c18       0xc4 ./Core/Src/vl53l1_core.o
                0x0000000008105c18                VL53L1_calc_range_ignore_threshold
 .text.VL53L1_calc_timeout_mclks
                0x0000000008105cdc       0x2e ./Core/Src/vl53l1_core.o
                0x0000000008105cdc                VL53L1_calc_timeout_mclks
 .text.VL53L1_calc_encoded_timeout
                0x0000000008105d0a       0x30 ./Core/Src/vl53l1_core.o
                0x0000000008105d0a                VL53L1_calc_encoded_timeout
 .text.VL53L1_calc_timeout_us
                0x0000000008105d3a       0x80 ./Core/Src/vl53l1_core.o
                0x0000000008105d3a                VL53L1_calc_timeout_us
 .text.VL53L1_calc_decoded_timeout_us
                0x0000000008105dba       0x32 ./Core/Src/vl53l1_core.o
                0x0000000008105dba                VL53L1_calc_decoded_timeout_us
 .text.VL53L1_encode_timeout
                0x0000000008105dec       0x58 ./Core/Src/vl53l1_core.o
                0x0000000008105dec                VL53L1_encode_timeout
 .text.VL53L1_decode_timeout
                0x0000000008105e44       0x2c ./Core/Src/vl53l1_core.o
                0x0000000008105e44                VL53L1_decode_timeout
 .text.VL53L1_calc_timeout_register_values
                0x0000000008105e70       0xf2 ./Core/Src/vl53l1_core.o
                0x0000000008105e70                VL53L1_calc_timeout_register_values
 .text.VL53L1_encode_row_col
                0x0000000008105f62       0x4e ./Core/Src/vl53l1_core.o
                0x0000000008105f62                VL53L1_encode_row_col
 .text.VL53L1_decode_zone_size
                0x0000000008105fb0       0x30 ./Core/Src/vl53l1_core.o
                0x0000000008105fb0                VL53L1_decode_zone_size
 .text.VL53L1_encode_zone_size
                0x0000000008105fe0       0x2c ./Core/Src/vl53l1_core.o
                0x0000000008105fe0                VL53L1_encode_zone_size
 .text.VL53L1_low_power_auto_data_init
                0x000000000810600c       0x68 ./Core/Src/vl53l1_core.o
                0x000000000810600c                VL53L1_low_power_auto_data_init
 .text.VL53L1_config_low_power_auto_mode
                0x0000000008106074       0x32 ./Core/Src/vl53l1_core.o
                0x0000000008106074                VL53L1_config_low_power_auto_mode
 .text.VL53L1_calc_pll_period_us
                0x00000000081060a6       0x28 ./Core/Src/vl53l1_core_support.o
                0x00000000081060a6                VL53L1_calc_pll_period_us
 .text.VL53L1_decode_vcsel_period
                0x00000000081060ce       0x26 ./Core/Src/vl53l1_core_support.o
                0x00000000081060ce                VL53L1_decode_vcsel_period
 .text.VL53L1_decode_row_col
                0x00000000081060f4       0x5e ./Core/Src/vl53l1_core_support.o
                0x00000000081060f4                VL53L1_decode_row_col
 *fill*         0x0000000008106152        0x2 
 .text.VL53L1_CommsInitialise
                0x0000000008106154       0x64 ./Core/Src/vl53l1_platform.o
                0x0000000008106154                VL53L1_CommsInitialise
 .text.VL53L1_WriteMulti
                0x00000000081061b8       0xa8 ./Core/Src/vl53l1_platform.o
                0x00000000081061b8                VL53L1_WriteMulti
 .text.VL53L1_ReadMulti
                0x0000000008106260       0xa8 ./Core/Src/vl53l1_platform.o
                0x0000000008106260                VL53L1_ReadMulti
 .text.VL53L1_WrByte
                0x0000000008106308       0x36 ./Core/Src/vl53l1_platform.o
                0x0000000008106308                VL53L1_WrByte
 .text.VL53L1_RdByte
                0x000000000810633e       0x36 ./Core/Src/vl53l1_platform.o
                0x000000000810633e                VL53L1_RdByte
 .text.VL53L1_RdWord
                0x0000000008106374       0x44 ./Core/Src/vl53l1_platform.o
                0x0000000008106374                VL53L1_RdWord
 .text.VL53L1_WaitUs
                0x00000000081063b8       0x34 ./Core/Src/vl53l1_platform.o
                0x00000000081063b8                VL53L1_WaitUs
 .text.VL53L1_WaitMs
                0x00000000081063ec       0x26 ./Core/Src/vl53l1_platform.o
                0x00000000081063ec                VL53L1_WaitMs
 .text.VL53L1_GpioSetMode
                0x0000000008106412       0x30 ./Core/Src/vl53l1_platform.o
                0x0000000008106412                VL53L1_GpioSetMode
 *fill*         0x0000000008106442        0x2 
 .text.VL53L1_GpioXshutdown
                0x0000000008106444       0xa4 ./Core/Src/vl53l1_platform.o
                0x0000000008106444                VL53L1_GpioXshutdown
 .text.VL53L1_GpioPowerEnable
                0x00000000081064e8       0xc8 ./Core/Src/vl53l1_platform.o
                0x00000000081064e8                VL53L1_GpioPowerEnable
 .text.VL53L1_GetTickCount
                0x00000000081065b0       0x38 ./Core/Src/vl53l1_platform.o
                0x00000000081065b0                VL53L1_GetTickCount
 .text.RANGING_SENSOR_COMMS_Init_CCI
                0x00000000081065e8       0x2c ./Core/Src/vl53l1_platform.o
                0x00000000081065e8                RANGING_SENSOR_COMMS_Init_CCI
 .text.RANGING_SENSOR_COMMS_Get_Error_Text
                0x0000000008106614       0x38 ./Core/Src/vl53l1_platform.o
                0x0000000008106614                RANGING_SENSOR_COMMS_Get_Error_Text
 .text.RANGING_SENSOR_COMMS_Write_CCI
                0x000000000810664c       0xcc ./Core/Src/vl53l1_platform.o
                0x000000000810664c                RANGING_SENSOR_COMMS_Write_CCI
 .text.RANGING_SENSOR_COMMS_Read_CCI
                0x0000000008106718       0x44 ./Core/Src/vl53l1_platform.o
                0x0000000008106718                RANGING_SENSOR_COMMS_Read_CCI
 .text.RANGING_SENSOR_COMMS_GPIO_Set_Mode
                0x000000000810675c       0xdc ./Core/Src/vl53l1_platform.o
                0x000000000810675c                RANGING_SENSOR_COMMS_GPIO_Set_Mode
 .text.RANGING_SENSOR_COMMS_GPIO_Set_Value
                0x0000000008106838       0x44 ./Core/Src/vl53l1_platform.o
                0x0000000008106838                RANGING_SENSOR_COMMS_GPIO_Set_Value
 .text.VL53L1_platform_init
                0x000000000810687c       0xf2 ./Core/Src/vl53l1_platform_init.o
                0x000000000810687c                VL53L1_platform_init
 .text.VL53L1_i2c_encode_static_nvm_managed
                0x000000000810696e       0xb6 ./Core/Src/vl53l1_register_funcs.o
                0x000000000810696e                VL53L1_i2c_encode_static_nvm_managed
 .text.VL53L1_i2c_decode_static_nvm_managed
                0x0000000008106a24       0xb4 ./Core/Src/vl53l1_register_funcs.o
                0x0000000008106a24                VL53L1_i2c_decode_static_nvm_managed
 .text.VL53L1_get_static_nvm_managed
                0x0000000008106ad8       0x4e ./Core/Src/vl53l1_register_funcs.o
                0x0000000008106ad8                VL53L1_get_static_nvm_managed
 .text.VL53L1_i2c_encode_customer_nvm_managed
                0x0000000008106b26      0x114 ./Core/Src/vl53l1_register_funcs.o
                0x0000000008106b26                VL53L1_i2c_encode_customer_nvm_managed
 .text.VL53L1_i2c_decode_customer_nvm_managed
                0x0000000008106c3a      0x11a ./Core/Src/vl53l1_register_funcs.o
                0x0000000008106c3a                VL53L1_i2c_decode_customer_nvm_managed
 .text.VL53L1_get_customer_nvm_managed
                0x0000000008106d54       0x4e ./Core/Src/vl53l1_register_funcs.o
                0x0000000008106d54                VL53L1_get_customer_nvm_managed
 .text.VL53L1_i2c_encode_static_config
                0x0000000008106da2      0x1c6 ./Core/Src/vl53l1_register_funcs.o
                0x0000000008106da2                VL53L1_i2c_encode_static_config
 .text.VL53L1_i2c_encode_general_config
                0x0000000008106f68      0x108 ./Core/Src/vl53l1_register_funcs.o
                0x0000000008106f68                VL53L1_i2c_encode_general_config
 .text.VL53L1_i2c_encode_timing_config
                0x0000000008107070      0x104 ./Core/Src/vl53l1_register_funcs.o
                0x0000000008107070                VL53L1_i2c_encode_timing_config
 .text.VL53L1_i2c_encode_dynamic_config
                0x0000000008107174      0x10a ./Core/Src/vl53l1_register_funcs.o
                0x0000000008107174                VL53L1_i2c_encode_dynamic_config
 .text.VL53L1_i2c_encode_system_control
                0x000000000810727e       0x76 ./Core/Src/vl53l1_register_funcs.o
                0x000000000810727e                VL53L1_i2c_encode_system_control
 .text.VL53L1_i2c_decode_nvm_copy_data
                0x00000000081072f4      0x24c ./Core/Src/vl53l1_register_funcs.o
                0x00000000081072f4                VL53L1_i2c_decode_nvm_copy_data
 .text.VL53L1_get_nvm_copy_data
                0x0000000008107540       0x56 ./Core/Src/vl53l1_register_funcs.o
                0x0000000008107540                VL53L1_get_nvm_copy_data
 *fill*         0x0000000008107596        0x2 
 .text.Reset_Handler
                0x0000000008107598       0x50 ./Core/Startup/startup_stm32h745zitx.o
                0x0000000008107598                Reset_Handler
 .text.Default_Handler
                0x00000000081075e8        0x2 ./Core/Startup/startup_stm32h745zitx.o
                0x00000000081075e8                RTC_Alarm_IRQHandler
                0x00000000081075e8                EXTI2_IRQHandler
                0x00000000081075e8                TIM8_CC_IRQHandler
                0x00000000081075e8                HRTIM1_Master_IRQHandler
                0x00000000081075e8                UART8_IRQHandler
                0x00000000081075e8                SPI4_IRQHandler
                0x00000000081075e8                TIM1_CC_IRQHandler
                0x00000000081075e8                BDMA_Channel6_IRQHandler
                0x00000000081075e8                DMA2_Stream5_IRQHandler
                0x00000000081075e8                HRTIM1_FLT_IRQHandler
                0x00000000081075e8                JPEG_IRQHandler
                0x00000000081075e8                DMA1_Stream5_IRQHandler
                0x00000000081075e8                BDMA_Channel1_IRQHandler
                0x00000000081075e8                HRTIM1_TIMD_IRQHandler
                0x00000000081075e8                TAMP_STAMP_IRQHandler
                0x00000000081075e8                EXTI3_IRQHandler
                0x00000000081075e8                LPTIM4_IRQHandler
                0x00000000081075e8                TIM8_TRG_COM_TIM14_IRQHandler
                0x00000000081075e8                LPTIM2_IRQHandler
                0x00000000081075e8                DFSDM1_FLT1_IRQHandler
                0x00000000081075e8                DMAMUX2_OVR_IRQHandler
                0x00000000081075e8                TIM8_UP_TIM13_IRQHandler
                0x00000000081075e8                I2C3_ER_IRQHandler
                0x00000000081075e8                DFSDM1_FLT2_IRQHandler
                0x00000000081075e8                MDMA_IRQHandler
                0x00000000081075e8                LPTIM3_IRQHandler
                0x00000000081075e8                HSEM1_IRQHandler
                0x00000000081075e8                EXTI0_IRQHandler
                0x00000000081075e8                I2C2_EV_IRQHandler
                0x00000000081075e8                DMA1_Stream2_IRQHandler
                0x00000000081075e8                FPU_IRQHandler
                0x00000000081075e8                OTG_HS_WKUP_IRQHandler
                0x00000000081075e8                FDCAN1_IT1_IRQHandler
                0x00000000081075e8                LTDC_ER_IRQHandler
                0x00000000081075e8                DMA2_Stream2_IRQHandler
                0x00000000081075e8                HRTIM1_TIME_IRQHandler
                0x00000000081075e8                SPI1_IRQHandler
                0x00000000081075e8                DCMI_IRQHandler
                0x00000000081075e8                HRTIM1_TIMC_IRQHandler
                0x00000000081075e8                DMA2_Stream3_IRQHandler
                0x00000000081075e8                SAI2_IRQHandler
                0x00000000081075e8                DFSDM1_FLT3_IRQHandler
                0x00000000081075e8                USART6_IRQHandler
                0x00000000081075e8                TIM17_IRQHandler
                0x00000000081075e8                USART3_IRQHandler
                0x00000000081075e8                BDMA_Channel7_IRQHandler
                0x00000000081075e8                LPTIM5_IRQHandler
                0x00000000081075e8                UART5_IRQHandler
                0x00000000081075e8                ADC3_IRQHandler
                0x00000000081075e8                DMA2_Stream0_IRQHandler
                0x00000000081075e8                TIM4_IRQHandler
                0x00000000081075e8                BDMA_Channel2_IRQHandler
                0x00000000081075e8                QUADSPI_IRQHandler
                0x00000000081075e8                I2C1_EV_IRQHandler
                0x00000000081075e8                DMA1_Stream6_IRQHandler
                0x00000000081075e8                DMAMUX1_OVR_IRQHandler
                0x00000000081075e8                DMA1_Stream1_IRQHandler
                0x00000000081075e8                TIM16_IRQHandler
                0x00000000081075e8                UART4_IRQHandler
                0x00000000081075e8                BDMA_Channel5_IRQHandler
                0x00000000081075e8                RCC_IRQHandler
                0x00000000081075e8                TIM8_BRK_TIM12_IRQHandler
                0x00000000081075e8                TIM1_TRG_COM_IRQHandler
                0x00000000081075e8                Default_Handler
                0x00000000081075e8                ECC_IRQHandler
                0x00000000081075e8                CEC_IRQHandler
                0x00000000081075e8                BDMA_Channel0_IRQHandler
                0x00000000081075e8                ADC_IRQHandler
                0x00000000081075e8                DMA1_Stream7_IRQHandler
                0x00000000081075e8                HRTIM1_TIMA_IRQHandler
                0x00000000081075e8                SPI5_IRQHandler
                0x00000000081075e8                SDMMC1_IRQHandler
                0x00000000081075e8                TIM5_IRQHandler
                0x00000000081075e8                DMA2_Stream7_IRQHandler
                0x00000000081075e8                TIM15_IRQHandler
                0x00000000081075e8                PVD_AVD_IRQHandler
                0x00000000081075e8                I2C3_EV_IRQHandler
                0x00000000081075e8                RTC_WKUP_IRQHandler
                0x00000000081075e8                LTDC_IRQHandler
                0x00000000081075e8                SAI3_IRQHandler
                0x00000000081075e8                ETH_WKUP_IRQHandler
                0x00000000081075e8                SPDIF_RX_IRQHandler
                0x00000000081075e8                SPI2_IRQHandler
                0x00000000081075e8                OTG_HS_EP1_IN_IRQHandler
                0x00000000081075e8                DMA1_Stream0_IRQHandler
                0x00000000081075e8                CRS_IRQHandler
                0x00000000081075e8                CM7_SEV_IRQHandler
                0x00000000081075e8                EXTI4_IRQHandler
                0x00000000081075e8                RNG_IRQHandler
                0x00000000081075e8                CM4_SEV_IRQHandler
                0x00000000081075e8                HRTIM1_TIMB_IRQHandler
                0x00000000081075e8                FDCAN2_IT1_IRQHandler
                0x00000000081075e8                ETH_IRQHandler
                0x00000000081075e8                TIM1_UP_IRQHandler
                0x00000000081075e8                WWDG_RST_IRQHandler
                0x00000000081075e8                BDMA_Channel4_IRQHandler
                0x00000000081075e8                OTG_HS_EP1_OUT_IRQHandler
                0x00000000081075e8                WWDG_IRQHandler
                0x00000000081075e8                SPI6_IRQHandler
                0x00000000081075e8                MDIOS_IRQHandler
                0x00000000081075e8                I2C4_EV_IRQHandler
                0x00000000081075e8                FDCAN2_IT0_IRQHandler
                0x00000000081075e8                LPUART1_IRQHandler
                0x00000000081075e8                FDCAN1_IT0_IRQHandler
                0x00000000081075e8                TIM2_IRQHandler
                0x00000000081075e8                OTG_FS_WKUP_IRQHandler
                0x00000000081075e8                OTG_HS_IRQHandler
                0x00000000081075e8                HSEM2_IRQHandler
                0x00000000081075e8                DMA2D_IRQHandler
                0x00000000081075e8                TIM1_BRK_IRQHandler
                0x00000000081075e8                EXTI1_IRQHandler
                0x00000000081075e8                SDMMC2_IRQHandler
                0x00000000081075e8                OTG_FS_EP1_OUT_IRQHandler
                0x00000000081075e8                BDMA_Channel3_IRQHandler
                0x00000000081075e8                HOLD_CORE_IRQHandler
                0x00000000081075e8                UART7_IRQHandler
                0x00000000081075e8                MDIOS_WKUP_IRQHandler
                0x00000000081075e8                USART2_IRQHandler
                0x00000000081075e8                DFSDM1_FLT0_IRQHandler
                0x00000000081075e8                SAI4_IRQHandler
                0x00000000081075e8                I2C2_ER_IRQHandler
                0x00000000081075e8                DMA2_Stream1_IRQHandler
                0x00000000081075e8                FLASH_IRQHandler
                0x00000000081075e8                DMA2_Stream4_IRQHandler
                0x00000000081075e8                USART1_IRQHandler
                0x00000000081075e8                OTG_FS_IRQHandler
                0x00000000081075e8                SPI3_IRQHandler
                0x00000000081075e8                WAKEUP_PIN_IRQHandler
                0x00000000081075e8                DMA1_Stream4_IRQHandler
                0x00000000081075e8                OTG_FS_EP1_IN_IRQHandler
                0x00000000081075e8                I2C1_ER_IRQHandler
                0x00000000081075e8                FMC_IRQHandler
                0x00000000081075e8                FDCAN_CAL_IRQHandler
                0x00000000081075e8                SWPMI1_IRQHandler
                0x00000000081075e8                COMP1_IRQHandler
                0x00000000081075e8                LPTIM1_IRQHandler
                0x00000000081075e8                I2C4_ER_IRQHandler
                0x00000000081075e8                DMA2_Stream6_IRQHandler
                0x00000000081075e8                SAI1_IRQHandler
                0x00000000081075e8                DMA1_Stream3_IRQHandler
 *fill*         0x00000000081075ea        0x2 
 .text.HAL_Init
                0x00000000081075ec       0xbc ./Drivers/STM32H7xx_HAL_Driver/stm32h7xx_hal.o
                0x00000000081075ec                HAL_Init
 .text.HAL_InitTick
                0x00000000081076a8       0x6c ./Drivers/STM32H7xx_HAL_Driver/stm32h7xx_hal.o
                0x00000000081076a8                HAL_InitTick
 .text.HAL_IncTick
                0x0000000008107714       0x28 ./Drivers/STM32H7xx_HAL_Driver/stm32h7xx_hal.o
                0x0000000008107714                HAL_IncTick
 .text.HAL_GetTick
                0x000000000810773c       0x18 ./Drivers/STM32H7xx_HAL_Driver/stm32h7xx_hal.o
                0x000000000810773c                HAL_GetTick
 .text.HAL_Delay
                0x0000000008107754       0x48 ./Drivers/STM32H7xx_HAL_Driver/stm32h7xx_hal.o
                0x0000000008107754                HAL_Delay
 .text.__NVIC_SetPriorityGrouping
                0x000000000810779c       0x48 ./Drivers/STM32H7xx_HAL_Driver/stm32h7xx_hal_cortex.o
 .text.__NVIC_GetPriorityGrouping
                0x00000000081077e4       0x1c ./Drivers/STM32H7xx_HAL_Driver/stm32h7xx_hal_cortex.o
 .text.__NVIC_EnableIRQ
                0x0000000008107800       0x3c ./Drivers/STM32H7xx_HAL_Driver/stm32h7xx_hal_cortex.o
 .text.__NVIC_SetPriority
                0x000000000810783c       0x54 ./Drivers/STM32H7xx_HAL_Driver/stm32h7xx_hal_cortex.o
 .text.NVIC_EncodePriority
                0x0000000008107890       0x66 ./Drivers/STM32H7xx_HAL_Driver/stm32h7xx_hal_cortex.o
 *fill*         0x00000000081078f6        0x2 
 .text.SysTick_Config
                0x00000000081078f8       0x44 ./Drivers/STM32H7xx_HAL_Driver/stm32h7xx_hal_cortex.o
 .text.HAL_NVIC_SetPriorityGrouping
                0x000000000810793c       0x16 ./Drivers/STM32H7xx_HAL_Driver/stm32h7xx_hal_cortex.o
                0x000000000810793c                HAL_NVIC_SetPriorityGrouping
 .text.HAL_NVIC_SetPriority
                0x0000000008107952       0x34 ./Drivers/STM32H7xx_HAL_Driver/stm32h7xx_hal_cortex.o
                0x0000000008107952                HAL_NVIC_SetPriority
 .text.HAL_NVIC_EnableIRQ
                0x0000000008107986       0x1c ./Drivers/STM32H7xx_HAL_Driver/stm32h7xx_hal_cortex.o
                0x0000000008107986                HAL_NVIC_EnableIRQ
 .text.HAL_SYSTICK_Config
                0x00000000081079a2       0x18 ./Drivers/STM32H7xx_HAL_Driver/stm32h7xx_hal_cortex.o
                0x00000000081079a2                HAL_SYSTICK_Config
 *fill*         0x00000000081079ba        0x2 
 .text.HAL_GetCurrentCPUID
                0x00000000081079bc       0x28 ./Drivers/STM32H7xx_HAL_Driver/stm32h7xx_hal_cortex.o
                0x00000000081079bc                HAL_GetCurrentCPUID
 .text.HAL_GPIO_Init
                0x00000000081079e4      0x360 ./Drivers/STM32H7xx_HAL_Driver/stm32h7xx_hal_gpio.o
                0x00000000081079e4                HAL_GPIO_Init
 .text.HAL_GPIO_WritePin
                0x0000000008107d44       0x32 ./Drivers/STM32H7xx_HAL_Driver/stm32h7xx_hal_gpio.o
                0x0000000008107d44                HAL_GPIO_WritePin
 .text.HAL_GPIO_TogglePin
                0x0000000008107d76       0x34 ./Drivers/STM32H7xx_HAL_Driver/stm32h7xx_hal_gpio.o
                0x0000000008107d76                HAL_GPIO_TogglePin
 .text.HAL_GPIO_EXTI_IRQHandler
                0x0000000008107daa       0x34 ./Drivers/STM32H7xx_HAL_Driver/stm32h7xx_hal_gpio.o
                0x0000000008107daa                HAL_GPIO_EXTI_IRQHandler
 *fill*         0x0000000008107dde        0x2 
 .text.HAL_HSEM_ActivateNotification
                0x0000000008107de0       0x24 ./Drivers/STM32H7xx_HAL_Driver/stm32h7xx_hal_hsem.o
                0x0000000008107de0                HAL_HSEM_ActivateNotification
 .text.HAL_I2C_Init
                0x0000000008107e04      0x136 ./Drivers/STM32H7xx_HAL_Driver/stm32h7xx_hal_i2c.o
                0x0000000008107e04                HAL_I2C_Init
 *fill*         0x0000000008107f3a        0x2 
 .text.HAL_I2C_Master_Transmit
                0x0000000008107f3c      0x230 ./Drivers/STM32H7xx_HAL_Driver/stm32h7xx_hal_i2c.o
                0x0000000008107f3c                HAL_I2C_Master_Transmit
 .text.HAL_I2C_Mem_Write
                0x000000000810816c      0x228 ./Drivers/STM32H7xx_HAL_Driver/stm32h7xx_hal_i2c.o
                0x000000000810816c                HAL_I2C_Mem_Write
 .text.HAL_I2C_Mem_Read
                0x0000000008108394      0x234 ./Drivers/STM32H7xx_HAL_Driver/stm32h7xx_hal_i2c.o
                0x0000000008108394                HAL_I2C_Mem_Read
 .text.HAL_I2C_GetState
                0x00000000081085c8       0x1c ./Drivers/STM32H7xx_HAL_Driver/stm32h7xx_hal_i2c.o
                0x00000000081085c8                HAL_I2C_GetState
 .text.I2C_RequestMemoryWrite
                0x00000000081085e4       0xa8 ./Drivers/STM32H7xx_HAL_Driver/stm32h7xx_hal_i2c.o
 .text.I2C_RequestMemoryRead
                0x000000000810868c       0xa8 ./Drivers/STM32H7xx_HAL_Driver/stm32h7xx_hal_i2c.o
 .text.I2C_Flush_TXDR
                0x0000000008108734       0x48 ./Drivers/STM32H7xx_HAL_Driver/stm32h7xx_hal_i2c.o
 .text.I2C_WaitOnFlagUntilTimeout
                0x000000000810877c       0xb2 ./Drivers/STM32H7xx_HAL_Driver/stm32h7xx_hal_i2c.o
 .text.I2C_WaitOnTXISFlagUntilTimeout
                0x000000000810882e       0x8e ./Drivers/STM32H7xx_HAL_Driver/stm32h7xx_hal_i2c.o
 .text.I2C_WaitOnSTOPFlagUntilTimeout
                0x00000000081088bc       0x86 ./Drivers/STM32H7xx_HAL_Driver/stm32h7xx_hal_i2c.o
 *fill*         0x0000000008108942        0x2 
 .text.I2C_IsErrorOccurred
                0x0000000008108944      0x1c0 ./Drivers/STM32H7xx_HAL_Driver/stm32h7xx_hal_i2c.o
 .text.I2C_TransferConfig
                0x0000000008108b04       0x64 ./Drivers/STM32H7xx_HAL_Driver/stm32h7xx_hal_i2c.o
 .text.HAL_I2CEx_ConfigAnalogFilter
                0x0000000008108b68       0x96 ./Drivers/STM32H7xx_HAL_Driver/stm32h7xx_hal_i2c_ex.o
                0x0000000008108b68                HAL_I2CEx_ConfigAnalogFilter
 .text.HAL_I2CEx_ConfigDigitalFilter
                0x0000000008108bfe       0x98 ./Drivers/STM32H7xx_HAL_Driver/stm32h7xx_hal_i2c_ex.o
                0x0000000008108bfe                HAL_I2CEx_ConfigDigitalFilter
 *fill*         0x0000000008108c96        0x2 
 .text.HAL_PWREx_EnterSTOPMode
                0x0000000008108c98       0xf4 ./Drivers/STM32H7xx_HAL_Driver/stm32h7xx_hal_pwr_ex.o
                0x0000000008108c98                HAL_PWREx_EnterSTOPMode
 .text.HAL_PWREx_ClearPendingEvent
                0x0000000008108d8c       0x1a ./Drivers/STM32H7xx_HAL_Driver/stm32h7xx_hal_pwr_ex.o
                0x0000000008108d8c                HAL_PWREx_ClearPendingEvent
 *fill*         0x0000000008108da6        0x2 
 .text.HAL_RCC_GetSysClockFreq
                0x0000000008108da8      0x2f4 ./Drivers/STM32H7xx_HAL_Driver/stm32h7xx_hal_rcc.o
                0x0000000008108da8                HAL_RCC_GetSysClockFreq
 .text.HAL_RCC_GetHCLKFreq
                0x000000000810909c       0x64 ./Drivers/STM32H7xx_HAL_Driver/stm32h7xx_hal_rcc.o
                0x000000000810909c                HAL_RCC_GetHCLKFreq
 .text.HAL_RCC_GetPCLK1Freq
                0x0000000008109100       0x2c ./Drivers/STM32H7xx_HAL_Driver/stm32h7xx_hal_rcc.o
                0x0000000008109100                HAL_RCC_GetPCLK1Freq
 .text.HAL_RCC_GetPCLK2Freq
                0x000000000810912c       0x2c ./Drivers/STM32H7xx_HAL_Driver/stm32h7xx_hal_rcc.o
                0x000000000810912c                HAL_RCC_GetPCLK2Freq
 .text.HAL_RCCEx_PeriphCLKConfig
                0x0000000008109158     0x1414 ./Drivers/STM32H7xx_HAL_Driver/stm32h7xx_hal_rcc_ex.o
                0x0000000008109158                HAL_RCCEx_PeriphCLKConfig
 .text.HAL_RCCEx_GetD3PCLK1Freq
                0x000000000810a56c       0x2c ./Drivers/STM32H7xx_HAL_Driver/stm32h7xx_hal_rcc_ex.o
                0x000000000810a56c                HAL_RCCEx_GetD3PCLK1Freq
 .text.HAL_RCCEx_GetPLL2ClockFreq
                0x000000000810a598      0x2a8 ./Drivers/STM32H7xx_HAL_Driver/stm32h7xx_hal_rcc_ex.o
                0x000000000810a598                HAL_RCCEx_GetPLL2ClockFreq
 .text.HAL_RCCEx_GetPLL3ClockFreq
                0x000000000810a840      0x2a8 ./Drivers/STM32H7xx_HAL_Driver/stm32h7xx_hal_rcc_ex.o
                0x000000000810a840                HAL_RCCEx_GetPLL3ClockFreq
 .text.RCCEx_PLL2_Config
                0x000000000810aae8      0x164 ./Drivers/STM32H7xx_HAL_Driver/stm32h7xx_hal_rcc_ex.o
 .text.RCCEx_PLL3_Config
                0x000000000810ac4c      0x164 ./Drivers/STM32H7xx_HAL_Driver/stm32h7xx_hal_rcc_ex.o
 .text.HAL_TIM_Base_Init
                0x000000000810adb0       0xae ./Drivers/STM32H7xx_HAL_Driver/stm32h7xx_hal_tim.o
                0x000000000810adb0                HAL_TIM_Base_Init
 *fill*         0x000000000810ae5e        0x2 
 .text.HAL_TIM_Base_Start_IT
                0x000000000810ae60       0xf0 ./Drivers/STM32H7xx_HAL_Driver/stm32h7xx_hal_tim.o
                0x000000000810ae60                HAL_TIM_Base_Start_IT
 .text.HAL_TIM_Base_Stop_IT
                0x000000000810af50       0x5e ./Drivers/STM32H7xx_HAL_Driver/stm32h7xx_hal_tim.o
                0x000000000810af50                HAL_TIM_Base_Stop_IT
 .text.HAL_TIM_PWM_Init
                0x000000000810afae       0xae ./Drivers/STM32H7xx_HAL_Driver/stm32h7xx_hal_tim.o
                0x000000000810afae                HAL_TIM_PWM_Init
 .text.HAL_TIM_PWM_Start
                0x000000000810b05c      0x21c ./Drivers/STM32H7xx_HAL_Driver/stm32h7xx_hal_tim.o
                0x000000000810b05c                HAL_TIM_PWM_Start
 .text.HAL_TIM_IRQHandler
                0x000000000810b278      0x20e ./Drivers/STM32H7xx_HAL_Driver/stm32h7xx_hal_tim.o
                0x000000000810b278                HAL_TIM_IRQHandler
 *fill*         0x000000000810b486        0x2 
 .text.HAL_TIM_PWM_ConfigChannel
                0x000000000810b488      0x228 ./Drivers/STM32H7xx_HAL_Driver/stm32h7xx_hal_tim.o
                0x000000000810b488                HAL_TIM_PWM_ConfigChannel
 .text.HAL_TIM_ConfigClockSource
                0x000000000810b6b0      0x1f0 ./Drivers/STM32H7xx_HAL_Driver/stm32h7xx_hal_tim.o
                0x000000000810b6b0                HAL_TIM_ConfigClockSource
 .text.HAL_TIM_OC_DelayElapsedCallback
                0x000000000810b8a0       0x14 ./Drivers/STM32H7xx_HAL_Driver/stm32h7xx_hal_tim.o
                0x000000000810b8a0                HAL_TIM_OC_DelayElapsedCallback
 .text.HAL_TIM_IC_CaptureCallback
                0x000000000810b8b4       0x14 ./Drivers/STM32H7xx_HAL_Driver/stm32h7xx_hal_tim.o
                0x000000000810b8b4                HAL_TIM_IC_CaptureCallback
 .text.HAL_TIM_PWM_PulseFinishedCallback
                0x000000000810b8c8       0x14 ./Drivers/STM32H7xx_HAL_Driver/stm32h7xx_hal_tim.o
                0x000000000810b8c8                HAL_TIM_PWM_PulseFinishedCallback
 .text.HAL_TIM_TriggerCallback
                0x000000000810b8dc       0x14 ./Drivers/STM32H7xx_HAL_Driver/stm32h7xx_hal_tim.o
                0x000000000810b8dc                HAL_TIM_TriggerCallback
 .text.TIM_Base_SetConfig
                0x000000000810b8f0      0x14c ./Drivers/STM32H7xx_HAL_Driver/stm32h7xx_hal_tim.o
                0x000000000810b8f0                TIM_Base_SetConfig
 .text.TIM_OC1_SetConfig
                0x000000000810ba3c      0x120 ./Drivers/STM32H7xx_HAL_Driver/stm32h7xx_hal_tim.o
 .text.TIM_OC2_SetConfig
                0x000000000810bb5c      0x114 ./Drivers/STM32H7xx_HAL_Driver/stm32h7xx_hal_tim.o
                0x000000000810bb5c                TIM_OC2_SetConfig
 .text.TIM_OC3_SetConfig
                0x000000000810bc70      0x110 ./Drivers/STM32H7xx_HAL_Driver/stm32h7xx_hal_tim.o
 .text.TIM_OC4_SetConfig
                0x000000000810bd80       0xd4 ./Drivers/STM32H7xx_HAL_Driver/stm32h7xx_hal_tim.o
 .text.TIM_OC5_SetConfig
                0x000000000810be54       0xc8 ./Drivers/STM32H7xx_HAL_Driver/stm32h7xx_hal_tim.o
 .text.TIM_OC6_SetConfig
                0x000000000810bf1c       0xcc ./Drivers/STM32H7xx_HAL_Driver/stm32h7xx_hal_tim.o
 .text.TIM_TI1_ConfigInputStage
                0x000000000810bfe8       0x5e ./Drivers/STM32H7xx_HAL_Driver/stm32h7xx_hal_tim.o
 .text.TIM_TI2_ConfigInputStage
                0x000000000810c046       0x60 ./Drivers/STM32H7xx_HAL_Driver/stm32h7xx_hal_tim.o
 .text.TIM_ITRx_SetConfig
                0x000000000810c0a6       0x3a ./Drivers/STM32H7xx_HAL_Driver/stm32h7xx_hal_tim.o
 .text.TIM_ETR_SetConfig
                0x000000000810c0e0       0x40 ./Drivers/STM32H7xx_HAL_Driver/stm32h7xx_hal_tim.o
                0x000000000810c0e0                TIM_ETR_SetConfig
 .text.TIM_CCxChannelCmd
                0x000000000810c120       0x4a ./Drivers/STM32H7xx_HAL_Driver/stm32h7xx_hal_tim.o
                0x000000000810c120                TIM_CCxChannelCmd
 *fill*         0x000000000810c16a        0x2 
 .text.HAL_TIMEx_MasterConfigSynchronization
                0x000000000810c16c      0x11c ./Drivers/STM32H7xx_HAL_Driver/stm32h7xx_hal_tim_ex.o
                0x000000000810c16c                HAL_TIMEx_MasterConfigSynchronization
 .text.HAL_TIMEx_CommutCallback
                0x000000000810c288       0x14 ./Drivers/STM32H7xx_HAL_Driver/stm32h7xx_hal_tim_ex.o
                0x000000000810c288                HAL_TIMEx_CommutCallback
 .text.HAL_TIMEx_BreakCallback
                0x000000000810c29c       0x14 ./Drivers/STM32H7xx_HAL_Driver/stm32h7xx_hal_tim_ex.o
                0x000000000810c29c                HAL_TIMEx_BreakCallback
 .text.HAL_TIMEx_Break2Callback
                0x000000000810c2b0       0x14 ./Drivers/STM32H7xx_HAL_Driver/stm32h7xx_hal_tim_ex.o
                0x000000000810c2b0                HAL_TIMEx_Break2Callback
 .text.HAL_UART_Init
                0x000000000810c2c4       0xa0 ./Drivers/STM32H7xx_HAL_Driver/stm32h7xx_hal_uart.o
                0x000000000810c2c4                HAL_UART_Init
 .text.HAL_UART_Transmit
                0x000000000810c364      0x11c ./Drivers/STM32H7xx_HAL_Driver/stm32h7xx_hal_uart.o
                0x000000000810c364                HAL_UART_Transmit
 .text.UART_SetConfig
                0x000000000810c480      0xad0 ./Drivers/STM32H7xx_HAL_Driver/stm32h7xx_hal_uart.o
                0x000000000810c480                UART_SetConfig
 .text.UART_AdvFeatureConfig
                0x000000000810cf50      0x144 ./Drivers/STM32H7xx_HAL_Driver/stm32h7xx_hal_uart.o
                0x000000000810cf50                UART_AdvFeatureConfig
 .text.UART_CheckIdleState
                0x000000000810d094      0x154 ./Drivers/STM32H7xx_HAL_Driver/stm32h7xx_hal_uart.o
                0x000000000810d094                UART_CheckIdleState
 .text.UART_WaitOnFlagUntilTimeout
                0x000000000810d1e8       0xda ./Drivers/STM32H7xx_HAL_Driver/stm32h7xx_hal_uart.o
                0x000000000810d1e8                UART_WaitOnFlagUntilTimeout
 .text.UART_EndRxTransfer
                0x000000000810d2c2       0xcc ./Drivers/STM32H7xx_HAL_Driver/stm32h7xx_hal_uart.o
 .text.HAL_UARTEx_DisableFifoMode
                0x000000000810d38e       0x72 ./Drivers/STM32H7xx_HAL_Driver/stm32h7xx_hal_uart_ex.o
                0x000000000810d38e                HAL_UARTEx_DisableFifoMode
 .text.HAL_UARTEx_SetTxFifoThreshold
                0x000000000810d400       0x7c ./Drivers/STM32H7xx_HAL_Driver/stm32h7xx_hal_uart_ex.o
                0x000000000810d400                HAL_UARTEx_SetTxFifoThreshold
 .text.HAL_UARTEx_SetRxFifoThreshold
                0x000000000810d47c       0x7c ./Drivers/STM32H7xx_HAL_Driver/stm32h7xx_hal_uart_ex.o
                0x000000000810d47c                HAL_UARTEx_SetRxFifoThreshold
 .text.UARTEx_SetNbDataToProcess
                0x000000000810d4f8       0x9c ./Drivers/STM32H7xx_HAL_Driver/stm32h7xx_hal_uart_ex.o
 .text.__errno  0x000000000810d594        0xc /app/stm32cubeide/plugins/com.st.stm32cube.ide.mcu.externaltools.gnu-tools-for-stm32.10.3-2021.10.linux64_1.0.200.202301161003/tools/bin/../lib/gcc/arm-none-eabi/10.3.1/../../../../arm-none-eabi/lib/thumb/v7e-m+fp/hard/libc_nano.a(lib_a-errno.o)
                0x000000000810d594                __errno
 .text.__libc_init_array
                0x000000000810d5a0       0x48 /app/stm32cubeide/plugins/com.st.stm32cube.ide.mcu.externaltools.gnu-tools-for-stm32.10.3-2021.10.linux64_1.0.200.202301161003/tools/bin/../lib/gcc/arm-none-eabi/10.3.1/../../../../arm-none-eabi/lib/thumb/v7e-m+fp/hard/libc_nano.a(lib_a-init.o)
                0x000000000810d5a0                __libc_init_array
 .text.memcpy   0x000000000810d5e8       0x1c /app/stm32cubeide/plugins/com.st.stm32cube.ide.mcu.externaltools.gnu-tools-for-stm32.10.3-2021.10.linux64_1.0.200.202301161003/tools/bin/../lib/gcc/arm-none-eabi/10.3.1/../../../../arm-none-eabi/lib/thumb/v7e-m+fp/hard/libc_nano.a(lib_a-memcpy-stub.o)
                0x000000000810d5e8                memcpy
 .text.memset   0x000000000810d604       0x10 /app/stm32cubeide/plugins/com.st.stm32cube.ide.mcu.externaltools.gnu-tools-for-stm32.10.3-2021.10.linux64_1.0.200.202301161003/tools/bin/../lib/gcc/arm-none-eabi/10.3.1/../../../../arm-none-eabi/lib/thumb/v7e-m+fp/hard/libc_nano.a(lib_a-memset.o)
                0x000000000810d604                memset
 .text.sprintf  0x000000000810d614       0x40 /app/stm32cubeide/plugins/com.st.stm32cube.ide.mcu.externaltools.gnu-tools-for-stm32.10.3-2021.10.linux64_1.0.200.202301161003/tools/bin/../lib/gcc/arm-none-eabi/10.3.1/../../../../arm-none-eabi/lib/thumb/v7e-m+fp/hard/libc_nano.a(lib_a-sprintf.o)
                0x000000000810d614                sprintf
                0x000000000810d614                siprintf
 .text.__ssputs_r
                0x000000000810d654       0xb6 /app/stm32cubeide/plugins/com.st.stm32cube.ide.mcu.externaltools.gnu-tools-for-stm32.10.3-2021.10.linux64_1.0.200.202301161003/tools/bin/../lib/gcc/arm-none-eabi/10.3.1/../../../../arm-none-eabi/lib/thumb/v7e-m+fp/hard/libc_nano.a(lib_a-nano-svfprintf.o)
                0x000000000810d654                __ssputs_r
 *fill*         0x000000000810d70a        0x2 
 .text._svfprintf_r
                0x000000000810d70c      0x200 /app/stm32cubeide/plugins/com.st.stm32cube.ide.mcu.externaltools.gnu-tools-for-stm32.10.3-2021.10.linux64_1.0.200.202301161003/tools/bin/../lib/gcc/arm-none-eabi/10.3.1/../../../../arm-none-eabi/lib/thumb/v7e-m+fp/hard/libc_nano.a(lib_a-nano-svfprintf.o)
                0x000000000810d70c                _svfprintf_r
                0x000000000810d70c                _svfiprintf_r
 .text._printf_common
                0x000000000810d90c       0xda /app/stm32cubeide/plugins/com.st.stm32cube.ide.mcu.externaltools.gnu-tools-for-stm32.10.3-2021.10.linux64_1.0.200.202301161003/tools/bin/../lib/gcc/arm-none-eabi/10.3.1/../../../../arm-none-eabi/lib/thumb/v7e-m+fp/hard/libc_nano.a(lib_a-nano-vfprintf_i.o)
                0x000000000810d90c                _printf_common
 *fill*         0x000000000810d9e6        0x2 
 .text._printf_i
                0x000000000810d9e8      0x24c /app/stm32cubeide/plugins/com.st.stm32cube.ide.mcu.externaltools.gnu-tools-for-stm32.10.3-2021.10.linux64_1.0.200.202301161003/tools/bin/../lib/gcc/arm-none-eabi/10.3.1/../../../../arm-none-eabi/lib/thumb/v7e-m+fp/hard/libc_nano.a(lib_a-nano-vfprintf_i.o)
                0x000000000810d9e8                _printf_i
 .text.memmove  0x000000000810dc34       0x34 /app/stm32cubeide/plugins/com.st.stm32cube.ide.mcu.externaltools.gnu-tools-for-stm32.10.3-2021.10.linux64_1.0.200.202301161003/tools/bin/../lib/gcc/arm-none-eabi/10.3.1/../../../../arm-none-eabi/lib/thumb/v7e-m+fp/hard/libc_nano.a(lib_a-memmove.o)
                0x000000000810dc34                memmove
 .text._free_r  0x000000000810dc68       0x98 /app/stm32cubeide/plugins/com.st.stm32cube.ide.mcu.externaltools.gnu-tools-for-stm32.10.3-2021.10.linux64_1.0.200.202301161003/tools/bin/../lib/gcc/arm-none-eabi/10.3.1/../../../../arm-none-eabi/lib/thumb/v7e-m+fp/hard/libc_nano.a(lib_a-nano-freer.o)
                0x000000000810dc68                _free_r
 .text.sbrk_aligned
                0x000000000810dd00       0x40 /app/stm32cubeide/plugins/com.st.stm32cube.ide.mcu.externaltools.gnu-tools-for-stm32.10.3-2021.10.linux64_1.0.200.202301161003/tools/bin/../lib/gcc/arm-none-eabi/10.3.1/../../../../arm-none-eabi/lib/thumb/v7e-m+fp/hard/libc_nano.a(lib_a-nano-mallocr.o)
 .text._malloc_r
                0x000000000810dd40       0xe8 /app/stm32cubeide/plugins/com.st.stm32cube.ide.mcu.externaltools.gnu-tools-for-stm32.10.3-2021.10.linux64_1.0.200.202301161003/tools/bin/../lib/gcc/arm-none-eabi/10.3.1/../../../../arm-none-eabi/lib/thumb/v7e-m+fp/hard/libc_nano.a(lib_a-nano-mallocr.o)
                0x000000000810dd40                _malloc_r
 .text._realloc_r
                0x000000000810de28       0x5e /app/stm32cubeide/plugins/com.st.stm32cube.ide.mcu.externaltools.gnu-tools-for-stm32.10.3-2021.10.linux64_1.0.200.202301161003/tools/bin/../lib/gcc/arm-none-eabi/10.3.1/../../../../arm-none-eabi/lib/thumb/v7e-m+fp/hard/libc_nano.a(lib_a-nano-reallocr.o)
                0x000000000810de28                _realloc_r
 *fill*         0x000000000810de86        0x2 
 .text._sbrk_r  0x000000000810de88       0x20 /app/stm32cubeide/plugins/com.st.stm32cube.ide.mcu.externaltools.gnu-tools-for-stm32.10.3-2021.10.linux64_1.0.200.202301161003/tools/bin/../lib/gcc/arm-none-eabi/10.3.1/../../../../arm-none-eabi/lib/thumb/v7e-m+fp/hard/libc_nano.a(lib_a-sbrkr.o)
                0x000000000810de88                _sbrk_r
 .text.__malloc_lock
                0x000000000810dea8        0xc /app/stm32cubeide/plugins/com.st.stm32cube.ide.mcu.externaltools.gnu-tools-for-stm32.10.3-2021.10.linux64_1.0.200.202301161003/tools/bin/../lib/gcc/arm-none-eabi/10.3.1/../../../../arm-none-eabi/lib/thumb/v7e-m+fp/hard/libc_nano.a(lib_a-mlock.o)
                0x000000000810dea8                __malloc_lock
 .text.__malloc_unlock
                0x000000000810deb4        0xc /app/stm32cubeide/plugins/com.st.stm32cube.ide.mcu.externaltools.gnu-tools-for-stm32.10.3-2021.10.linux64_1.0.200.202301161003/tools/bin/../lib/gcc/arm-none-eabi/10.3.1/../../../../arm-none-eabi/lib/thumb/v7e-m+fp/hard/libc_nano.a(lib_a-mlock.o)
                0x000000000810deb4                __malloc_unlock
 .text._malloc_usable_size_r
                0x000000000810dec0       0x10 /app/stm32cubeide/plugins/com.st.stm32cube.ide.mcu.externaltools.gnu-tools-for-stm32.10.3-2021.10.linux64_1.0.200.202301161003/tools/bin/../lib/gcc/arm-none-eabi/10.3.1/../../../../arm-none-eabi/lib/thumb/v7e-m+fp/hard/libc_nano.a(lib_a-nano-msizer.o)
                0x000000000810dec0                _malloc_usable_size_r
 .text.__retarget_lock_acquire_recursive
                0x000000000810ded0        0x2 /app/stm32cubeide/plugins/com.st.stm32cube.ide.mcu.externaltools.gnu-tools-for-stm32.10.3-2021.10.linux64_1.0.200.202301161003/tools/bin/../lib/gcc/arm-none-eabi/10.3.1/../../../../arm-none-eabi/lib/thumb/v7e-m+fp/hard/libc_nano.a(lib_a-lock.o)
                0x000000000810ded0                __retarget_lock_acquire_recursive
 .text.__retarget_lock_release_recursive
                0x000000000810ded2        0x2 /app/stm32cubeide/plugins/com.st.stm32cube.ide.mcu.externaltools.gnu-tools-for-stm32.10.3-2021.10.linux64_1.0.200.202301161003/tools/bin/../lib/gcc/arm-none-eabi/10.3.1/../../../../arm-none-eabi/lib/thumb/v7e-m+fp/hard/libc_nano.a(lib_a-lock.o)
                0x000000000810ded2                __retarget_lock_release_recursive
 *(.glue_7)
 .glue_7        0x000000000810ded4        0x0 linker stubs
 *(.glue_7t)
 .glue_7t       0x000000000810ded4        0x0 linker stubs
 *(.eh_frame)
 .eh_frame      0x000000000810ded4        0x0 /app/stm32cubeide/plugins/com.st.stm32cube.ide.mcu.externaltools.gnu-tools-for-stm32.10.3-2021.10.linux64_1.0.200.202301161003/tools/bin/../lib/gcc/arm-none-eabi/10.3.1/thumb/v7e-m+fp/hard/crtbegin.o
 *(.init)
 .init          0x000000000810ded4        0x4 /app/stm32cubeide/plugins/com.st.stm32cube.ide.mcu.externaltools.gnu-tools-for-stm32.10.3-2021.10.linux64_1.0.200.202301161003/tools/bin/../lib/gcc/arm-none-eabi/10.3.1/thumb/v7e-m+fp/hard/crti.o
                0x000000000810ded4                _init
 .init          0x000000000810ded8        0x8 /app/stm32cubeide/plugins/com.st.stm32cube.ide.mcu.externaltools.gnu-tools-for-stm32.10.3-2021.10.linux64_1.0.200.202301161003/tools/bin/../lib/gcc/arm-none-eabi/10.3.1/thumb/v7e-m+fp/hard/crtn.o
 *(.fini)
 .fini          0x000000000810dee0        0x4 /app/stm32cubeide/plugins/com.st.stm32cube.ide.mcu.externaltools.gnu-tools-for-stm32.10.3-2021.10.linux64_1.0.200.202301161003/tools/bin/../lib/gcc/arm-none-eabi/10.3.1/thumb/v7e-m+fp/hard/crti.o
                0x000000000810dee0                _fini
 .fini          0x000000000810dee4        0x8 /app/stm32cubeide/plugins/com.st.stm32cube.ide.mcu.externaltools.gnu-tools-for-stm32.10.3-2021.10.linux64_1.0.200.202301161003/tools/bin/../lib/gcc/arm-none-eabi/10.3.1/thumb/v7e-m+fp/hard/crtn.o
                0x000000000810deec                . = ALIGN (0x4)
                0x000000000810deec                _etext = .

.vfp11_veneer   0x000000000810deec        0x0
 .vfp11_veneer  0x000000000810deec        0x0 linker stubs

.v4_bx          0x000000000810deec        0x0
 .v4_bx         0x000000000810deec        0x0 linker stubs

.iplt           0x000000000810deec        0x0
 .iplt          0x000000000810deec        0x0 /app/stm32cubeide/plugins/com.st.stm32cube.ide.mcu.externaltools.gnu-tools-for-stm32.10.3-2021.10.linux64_1.0.200.202301161003/tools/bin/../lib/gcc/arm-none-eabi/10.3.1/thumb/v7e-m+fp/hard/crtbegin.o

.rodata         0x000000000810deec      0x2f8
                0x000000000810deec                . = ALIGN (0x4)
 *(.rodata)
 .rodata        0x000000000810deec       0x22 ./Core/Src/bno055.o
 *fill*         0x000000000810df0e        0x2 
 .rodata        0x000000000810df10       0xb1 ./Core/Src/bno055_stm32_hal.o
 *fill*         0x000000000810dfc1        0x3 
 .rodata        0x000000000810dfc4       0x4f ./Core/Src/main.o
 *fill*         0x000000000810e013        0x1 
 .rodata        0x000000000810e014       0x77 ./Core/Src/vl53l1_api.o
 *fill*         0x000000000810e08b        0x1 
 .rodata        0x000000000810e08c       0xea ./Core/Src/vl53l1_platform.o
 *(.rodata*)
 *fill*         0x000000000810e176        0x2 
 .rodata.D1CorePrescTable
                0x000000000810e178       0x10 ./Common/Src/system_stm32h7xx_dualcore_boot_cm4_cm7.o
                0x000000000810e178                D1CorePrescTable
 .rodata.UARTPrescTable
                0x000000000810e188       0x18 ./Drivers/STM32H7xx_HAL_Driver/stm32h7xx_hal_uart.o
                0x000000000810e188                UARTPrescTable
 .rodata.numerator.1
                0x000000000810e1a0        0x8 ./Drivers/STM32H7xx_HAL_Driver/stm32h7xx_hal_uart_ex.o
 .rodata.denominator.0
                0x000000000810e1a8        0x8 ./Drivers/STM32H7xx_HAL_Driver/stm32h7xx_hal_uart_ex.o
 .rodata._svfprintf_r.str1.1
                0x000000000810e1b0       0x11 /app/stm32cubeide/plugins/com.st.stm32cube.ide.mcu.externaltools.gnu-tools-for-stm32.10.3-2021.10.linux64_1.0.200.202301161003/tools/bin/../lib/gcc/arm-none-eabi/10.3.1/../../../../arm-none-eabi/lib/thumb/v7e-m+fp/hard/libc_nano.a(lib_a-nano-svfprintf.o)
 .rodata._printf_i.str1.1
                0x000000000810e1c1       0x22 /app/stm32cubeide/plugins/com.st.stm32cube.ide.mcu.externaltools.gnu-tools-for-stm32.10.3-2021.10.linux64_1.0.200.202301161003/tools/bin/../lib/gcc/arm-none-eabi/10.3.1/../../../../arm-none-eabi/lib/thumb/v7e-m+fp/hard/libc_nano.a(lib_a-nano-vfprintf_i.o)
                0x000000000810e1e4                . = ALIGN (0x4)
 *fill*         0x000000000810e1e3        0x1 

.ARM.extab
 *(.ARM.extab* .gnu.linkonce.armextab.*)

.ARM            0x000000000810e1e4        0x8
                0x000000000810e1e4                __exidx_start = .
 *(.ARM.exidx*)
 .ARM.exidx     0x000000000810e1e4        0x8 /app/stm32cubeide/plugins/com.st.stm32cube.ide.mcu.externaltools.gnu-tools-for-stm32.10.3-2021.10.linux64_1.0.200.202301161003/tools/bin/../lib/gcc/arm-none-eabi/10.3.1/thumb/v7e-m+fp/hard/libgcc.a(_udivmoddi4.o)
                0x000000000810e1ec                __exidx_end = .

.rel.dyn        0x000000000810e1ec        0x0
 .rel.iplt      0x000000000810e1ec        0x0 /app/stm32cubeide/plugins/com.st.stm32cube.ide.mcu.externaltools.gnu-tools-for-stm32.10.3-2021.10.linux64_1.0.200.202301161003/tools/bin/../lib/gcc/arm-none-eabi/10.3.1/thumb/v7e-m+fp/hard/crtbegin.o

.preinit_array  0x000000000810e1ec        0x0
                0x000000000810e1ec                PROVIDE (__preinit_array_start = .)
 *(.preinit_array*)
                0x000000000810e1ec                PROVIDE (__preinit_array_end = .)

.init_array     0x000000000810e1ec        0x4
                0x000000000810e1ec                PROVIDE (__init_array_start = .)
 *(SORT_BY_NAME(.init_array.*))
 *(.init_array*)
 .init_array    0x000000000810e1ec        0x4 /app/stm32cubeide/plugins/com.st.stm32cube.ide.mcu.externaltools.gnu-tools-for-stm32.10.3-2021.10.linux64_1.0.200.202301161003/tools/bin/../lib/gcc/arm-none-eabi/10.3.1/thumb/v7e-m+fp/hard/crtbegin.o
                0x000000000810e1f0                PROVIDE (__init_array_end = .)

.fini_array     0x000000000810e1f0        0x4
                [!provide]                        PROVIDE (__fini_array_start = .)
 *(SORT_BY_NAME(.fini_array.*))
 *(.fini_array*)
 .fini_array    0x000000000810e1f0        0x4 /app/stm32cubeide/plugins/com.st.stm32cube.ide.mcu.externaltools.gnu-tools-for-stm32.10.3-2021.10.linux64_1.0.200.202301161003/tools/bin/../lib/gcc/arm-none-eabi/10.3.1/thumb/v7e-m+fp/hard/crtbegin.o
                [!provide]                        PROVIDE (__fini_array_end = .)
                0x000000000810e1f4                _sidata = LOADADDR (.data)

.data           0x0000000010000000       0xa4 load address 0x000000000810e1f4
                0x0000000010000000                . = ALIGN (0x4)
                0x0000000010000000                _sdata = .
 *(.data)
 *(.data*)
 .data.SystemCoreClock
                0x0000000010000000        0x4 ./Common/Src/system_stm32h7xx_dualcore_boot_cm4_cm7.o
                0x0000000010000000                SystemCoreClock
 .data.SystemD2Clock
                0x0000000010000004        0x4 ./Common/Src/system_stm32h7xx_dualcore_boot_cm4_cm7.o
                0x0000000010000004                SystemD2Clock
 .data.BDTable  0x0000000010000008       0x30 ./Core/Src/vl53l1_api.o
 .data.uwTickPrio
                0x0000000010000038        0x4 ./Drivers/STM32H7xx_HAL_Driver/stm32h7xx_hal.o
                0x0000000010000038                uwTickPrio
 .data.uwTickFreq
                0x000000001000003c        0x1 ./Drivers/STM32H7xx_HAL_Driver/stm32h7xx_hal.o
                0x000000001000003c                uwTickFreq
 *fill*         0x000000001000003d        0x3 
 .data._impure_ptr
                0x0000000010000040        0x4 /app/stm32cubeide/plugins/com.st.stm32cube.ide.mcu.externaltools.gnu-tools-for-stm32.10.3-2021.10.linux64_1.0.200.202301161003/tools/bin/../lib/gcc/arm-none-eabi/10.3.1/../../../../arm-none-eabi/lib/thumb/v7e-m+fp/hard/libc_nano.a(lib_a-impure.o)
                0x0000000010000040                _impure_ptr
 .data.impure_data
                0x0000000010000044       0x60 /app/stm32cubeide/plugins/com.st.stm32cube.ide.mcu.externaltools.gnu-tools-for-stm32.10.3-2021.10.linux64_1.0.200.202301161003/tools/bin/../lib/gcc/arm-none-eabi/10.3.1/../../../../arm-none-eabi/lib/thumb/v7e-m+fp/hard/libc_nano.a(lib_a-impure.o)
 *(.RamFunc)
 *(.RamFunc*)
                0x00000000100000a4                . = ALIGN (0x4)
                0x00000000100000a4                _edata = .

.igot.plt       0x00000000100000a4        0x0 load address 0x000000000810e298
 .igot.plt      0x00000000100000a4        0x0 /app/stm32cubeide/plugins/com.st.stm32cube.ide.mcu.externaltools.gnu-tools-for-stm32.10.3-2021.10.linux64_1.0.200.202301161003/tools/bin/../lib/gcc/arm-none-eabi/10.3.1/thumb/v7e-m+fp/hard/crtbegin.o
                0x00000000100000a4                . = ALIGN (0x4)

.bss            0x00000000100000a4      0x304 load address 0x000000000810e298
                0x00000000100000a4                _sbss = .
                0x00000000100000a4                __bss_start__ = _sbss
 *(.bss)
 .bss           0x00000000100000a4       0x1c /app/stm32cubeide/plugins/com.st.stm32cube.ide.mcu.externaltools.gnu-tools-for-stm32.10.3-2021.10.linux64_1.0.200.202301161003/tools/bin/../lib/gcc/arm-none-eabi/10.3.1/thumb/v7e-m+fp/hard/crtbegin.o
 *(.bss*)
 .bss.e_old.1   0x00000000100000c0        0x4 ./Core/Src/Servos_PID_and_manager.o
 .bss.int_term.0
                0x00000000100000c4        0x4 ./Core/Src/Servos_PID_and_manager.o
 .bss.p_bno055  0x00000000100000c8        0x4 ./Core/Src/bno055.o
 .bss.hi2c1     0x00000000100000cc       0x54 ./Core/Src/main.o
                0x00000000100000cc                hi2c1
 .bss.hi2c2     0x0000000010000120       0x54 ./Core/Src/main.o
                0x0000000010000120                hi2c2
 .bss.htim2     0x0000000010000174       0x4c ./Core/Src/main.o
                0x0000000010000174                htim2
 .bss.htim3     0x00000000100001c0       0x4c ./Core/Src/main.o
                0x00000000100001c0                htim3
 .bss.htim4     0x000000001000020c       0x4c ./Core/Src/main.o
                0x000000001000020c                htim4
 .bss.htim6     0x0000000010000258       0x4c ./Core/Src/main.o
                0x0000000010000258                htim6
 .bss.htim7     0x00000000100002a4       0x4c ./Core/Src/main.o
                0x00000000100002a4                htim7
 .bss.huart3    0x00000000100002f0       0x94 ./Core/Src/main.o
                0x00000000100002f0                huart3
 .bss.flag      0x0000000010000384        0x4 ./Core/Src/main.o
                0x0000000010000384                flag
 .bss.flag_int  0x0000000010000388        0x1 ./Core/Src/main.o
                0x0000000010000388                flag_int
 .bss.flag_int_servo_control
                0x0000000010000389        0x1 ./Core/Src/main.o
                0x0000000010000389                flag_int_servo_control
 .bss.flag_int_motor_control
                0x000000001000038a        0x1 ./Core/Src/main.o
                0x000000001000038a                flag_int_motor_control
 .bss.ld_st_loop_counter
                0x000000001000038b        0x1 ./Core/Src/main.o
                0x000000001000038b                ld_st_loop_counter
 .bss.__sbrk_heap_end
                0x000000001000038c        0x4 ./Core/Src/sysmem.o
 .bss.global_comms_type
                0x0000000010000390        0x1 ./Core/Src/vl53l1_platform.o
                0x0000000010000390                global_comms_type
 *fill*         0x0000000010000391        0x3 
 .bss.uwTick    0x0000000010000394        0x4 ./Drivers/STM32H7xx_HAL_Driver/stm32h7xx_hal.o
                0x0000000010000394                uwTick
 .bss.__malloc_free_list
                0x0000000010000398        0x4 /app/stm32cubeide/plugins/com.st.stm32cube.ide.mcu.externaltools.gnu-tools-for-stm32.10.3-2021.10.linux64_1.0.200.202301161003/tools/bin/../lib/gcc/arm-none-eabi/10.3.1/../../../../arm-none-eabi/lib/thumb/v7e-m+fp/hard/libc_nano.a(lib_a-nano-mallocr.o)
                0x0000000010000398                __malloc_free_list
 .bss.__malloc_sbrk_start
                0x000000001000039c        0x4 /app/stm32cubeide/plugins/com.st.stm32cube.ide.mcu.externaltools.gnu-tools-for-stm32.10.3-2021.10.linux64_1.0.200.202301161003/tools/bin/../lib/gcc/arm-none-eabi/10.3.1/../../../../arm-none-eabi/lib/thumb/v7e-m+fp/hard/libc_nano.a(lib_a-nano-mallocr.o)
                0x000000001000039c                __malloc_sbrk_start
 .bss.errno     0x00000000100003a0        0x4 /app/stm32cubeide/plugins/com.st.stm32cube.ide.mcu.externaltools.gnu-tools-for-stm32.10.3-2021.10.linux64_1.0.200.202301161003/tools/bin/../lib/gcc/arm-none-eabi/10.3.1/../../../../arm-none-eabi/lib/thumb/v7e-m+fp/hard/libc_nano.a(lib_a-reent.o)
                0x00000000100003a0                errno
 .bss.__lock___malloc_recursive_mutex
                0x00000000100003a4        0x1 /app/stm32cubeide/plugins/com.st.stm32cube.ide.mcu.externaltools.gnu-tools-for-stm32.10.3-2021.10.linux64_1.0.200.202301161003/tools/bin/../lib/gcc/arm-none-eabi/10.3.1/../../../../arm-none-eabi/lib/thumb/v7e-m+fp/hard/libc_nano.a(lib_a-lock.o)
                0x00000000100003a4                __lock___malloc_recursive_mutex
 *(COMMON)
                0x00000000100003a8                . = ALIGN (0x4)
 *fill*         0x00000000100003a5        0x3 
                0x00000000100003a8                _ebss = .
                0x00000000100003a8                __bss_end__ = _ebss

._user_heap_stack
                0x00000000100003a8      0x600 load address 0x000000000810e298
                0x00000000100003a8                . = ALIGN (0x8)
                [!provide]                        PROVIDE (end = .)
                0x00000000100003a8                PROVIDE (_end = .)
                0x00000000100005a8                . = (. + _Min_Heap_Size)
 *fill*         0x00000000100003a8      0x200 
                0x00000000100009a8                . = (. + _Min_Stack_Size)
 *fill*         0x00000000100005a8      0x400 
                0x00000000100009a8                . = ALIGN (0x8)

/DISCARD/
 libc.a(*)
 libm.a(*)
 libgcc.a(*)

.ARM.attributes
                0x0000000000000000       0x30
 *(.ARM.attributes)
 .ARM.attributes
                0x0000000000000000       0x1e /app/stm32cubeide/plugins/com.st.stm32cube.ide.mcu.externaltools.gnu-tools-for-stm32.10.3-2021.10.linux64_1.0.200.202301161003/tools/bin/../lib/gcc/arm-none-eabi/10.3.1/thumb/v7e-m+fp/hard/crti.o
 .ARM.attributes
                0x000000000000001e       0x34 /app/stm32cubeide/plugins/com.st.stm32cube.ide.mcu.externaltools.gnu-tools-for-stm32.10.3-2021.10.linux64_1.0.200.202301161003/tools/bin/../lib/gcc/arm-none-eabi/10.3.1/thumb/v7e-m+fp/hard/crtbegin.o
 .ARM.attributes
                0x0000000000000052       0x34 ./Common/Src/system_stm32h7xx_dualcore_boot_cm4_cm7.o
 .ARM.attributes
                0x0000000000000086       0x34 ./Core/Src/Motors_PID_and_manager.o
 .ARM.attributes
                0x00000000000000ba       0x34 ./Core/Src/Servos_PID_and_manager.o
 .ARM.attributes
                0x00000000000000ee       0x34 ./Core/Src/bno055.o
 .ARM.attributes
                0x0000000000000122       0x34 ./Core/Src/bno055_stm32_hal.o
 .ARM.attributes
                0x0000000000000156       0x34 ./Core/Src/main.o
 .ARM.attributes
                0x000000000000018a       0x34 ./Core/Src/stm32h7xx_hal_msp.o
 .ARM.attributes
                0x00000000000001be       0x34 ./Core/Src/stm32h7xx_it.o
 .ARM.attributes
                0x00000000000001f2       0x34 ./Core/Src/sysmem.o
 .ARM.attributes
                0x0000000000000226       0x34 ./Core/Src/vl53l1_api.o
 .ARM.attributes
                0x000000000000025a       0x34 ./Core/Src/vl53l1_api_core.o
 .ARM.attributes
                0x000000000000028e       0x34 ./Core/Src/vl53l1_api_preset_modes.o
 .ARM.attributes
                0x00000000000002c2       0x34 ./Core/Src/vl53l1_core.o
 .ARM.attributes
                0x00000000000002f6       0x34 ./Core/Src/vl53l1_core_support.o
 .ARM.attributes
                0x000000000000032a       0x34 ./Core/Src/vl53l1_platform.o
 .ARM.attributes
                0x000000000000035e       0x34 ./Core/Src/vl53l1_platform_init.o
 .ARM.attributes
                0x0000000000000392       0x34 ./Core/Src/vl53l1_register_funcs.o
 .ARM.attributes
                0x00000000000003c6       0x21 ./Core/Startup/startup_stm32h745zitx.o
 .ARM.attributes
                0x00000000000003e7       0x34 ./Drivers/STM32H7xx_HAL_Driver/stm32h7xx_hal.o
 .ARM.attributes
                0x000000000000041b       0x34 ./Drivers/STM32H7xx_HAL_Driver/stm32h7xx_hal_cortex.o
 .ARM.attributes
                0x000000000000044f       0x34 ./Drivers/STM32H7xx_HAL_Driver/stm32h7xx_hal_gpio.o
 .ARM.attributes
                0x0000000000000483       0x34 ./Drivers/STM32H7xx_HAL_Driver/stm32h7xx_hal_hsem.o
 .ARM.attributes
                0x00000000000004b7       0x34 ./Drivers/STM32H7xx_HAL_Driver/stm32h7xx_hal_i2c.o
 .ARM.attributes
                0x00000000000004eb       0x34 ./Drivers/STM32H7xx_HAL_Driver/stm32h7xx_hal_i2c_ex.o
 .ARM.attributes
                0x000000000000051f       0x34 ./Drivers/STM32H7xx_HAL_Driver/stm32h7xx_hal_pwr_ex.o
 .ARM.attributes
                0x0000000000000553       0x34 ./Drivers/STM32H7xx_HAL_Driver/stm32h7xx_hal_rcc.o
 .ARM.attributes
                0x0000000000000587       0x34 ./Drivers/STM32H7xx_HAL_Driver/stm32h7xx_hal_rcc_ex.o
 .ARM.attributes
                0x00000000000005bb       0x34 ./Drivers/STM32H7xx_HAL_Driver/stm32h7xx_hal_tim.o
 .ARM.attributes
                0x00000000000005ef       0x34 ./Drivers/STM32H7xx_HAL_Driver/stm32h7xx_hal_tim_ex.o
 .ARM.attributes
                0x0000000000000623       0x34 ./Drivers/STM32H7xx_HAL_Driver/stm32h7xx_hal_uart.o
 .ARM.attributes
                0x0000000000000657       0x34 ./Drivers/STM32H7xx_HAL_Driver/stm32h7xx_hal_uart_ex.o
 .ARM.attributes
                0x000000000000068b       0x34 /app/stm32cubeide/plugins/com.st.stm32cube.ide.mcu.externaltools.gnu-tools-for-stm32.10.3-2021.10.linux64_1.0.200.202301161003/tools/bin/../lib/gcc/arm-none-eabi/10.3.1/../../../../arm-none-eabi/lib/thumb/v7e-m+fp/hard/libc_nano.a(lib_a-errno.o)
 .ARM.attributes
                0x00000000000006bf       0x34 /app/stm32cubeide/plugins/com.st.stm32cube.ide.mcu.externaltools.gnu-tools-for-stm32.10.3-2021.10.linux64_1.0.200.202301161003/tools/bin/../lib/gcc/arm-none-eabi/10.3.1/../../../../arm-none-eabi/lib/thumb/v7e-m+fp/hard/libc_nano.a(lib_a-impure.o)
 .ARM.attributes
                0x00000000000006f3       0x34 /app/stm32cubeide/plugins/com.st.stm32cube.ide.mcu.externaltools.gnu-tools-for-stm32.10.3-2021.10.linux64_1.0.200.202301161003/tools/bin/../lib/gcc/arm-none-eabi/10.3.1/../../../../arm-none-eabi/lib/thumb/v7e-m+fp/hard/libc_nano.a(lib_a-init.o)
 .ARM.attributes
                0x0000000000000727       0x34 /app/stm32cubeide/plugins/com.st.stm32cube.ide.mcu.externaltools.gnu-tools-for-stm32.10.3-2021.10.linux64_1.0.200.202301161003/tools/bin/../lib/gcc/arm-none-eabi/10.3.1/../../../../arm-none-eabi/lib/thumb/v7e-m+fp/hard/libc_nano.a(lib_a-memcpy-stub.o)
 .ARM.attributes
                0x000000000000075b       0x34 /app/stm32cubeide/plugins/com.st.stm32cube.ide.mcu.externaltools.gnu-tools-for-stm32.10.3-2021.10.linux64_1.0.200.202301161003/tools/bin/../lib/gcc/arm-none-eabi/10.3.1/../../../../arm-none-eabi/lib/thumb/v7e-m+fp/hard/libc_nano.a(lib_a-memset.o)
 .ARM.attributes
                0x000000000000078f       0x34 /app/stm32cubeide/plugins/com.st.stm32cube.ide.mcu.externaltools.gnu-tools-for-stm32.10.3-2021.10.linux64_1.0.200.202301161003/tools/bin/../lib/gcc/arm-none-eabi/10.3.1/../../../../arm-none-eabi/lib/thumb/v7e-m+fp/hard/libc_nano.a(lib_a-sprintf.o)
 .ARM.attributes
                0x00000000000007c3       0x17 /app/stm32cubeide/plugins/com.st.stm32cube.ide.mcu.externaltools.gnu-tools-for-stm32.10.3-2021.10.linux64_1.0.200.202301161003/tools/bin/../lib/gcc/arm-none-eabi/10.3.1/../../../../arm-none-eabi/lib/thumb/v7e-m+fp/hard/libc_nano.a(lib_a-strlen.o)
 .ARM.attributes