../Core/Src/main.c:96:5:main	1224	static,ignoring_inline_asm
../Core/Src/main.c:290:13:MX_I2C1_Init	8	static
../Core/Src/main.c:338:13:MX_I2C2_Init	8	static
../Core/Src/main.c:386:13:MX_TIM2_Init	48	static
../Core/Src/main.c:439:13:MX_TIM3_Init	40	static
../Core/Src/main.c:484:13:MX_TIM4_Init	48	static
../Core/Src/main.c:537:13:MX_TIM6_Init	24	static
../Core/Src/main.c:575:13:MX_TIM7_Init	24	static
../Core/Src/main.c:613:13:MX_USART3_UART_Init	8	static
../Core/Src/main.c:661:13:MX_GPIO_Init	56	static
../Core/Src/main.c:736:6:Error_Handler	4	static,ignoring_inline_asm
