../Core/Src/main.c:94:5:main	1224	static,ignoring_inline_asm
../Core/Src/main.c:315:13:MX_I2C1_Init	8	static
../Core/Src/main.c:363:13:MX_I2C2_Init	8	static
../Core/Src/main.c:411:13:MX_TIM2_Init	48	static
../Core/Src/main.c:464:13:MX_TIM4_Init	48	static
../Core/Src/main.c:517:13:MX_TIM6_Init	24	static
../Core/Src/main.c:555:13:MX_TIM7_Init	24	static
../Core/Src/main.c:593:13:MX_USART3_UART_Init	8	static
../Core/Src/main.c:641:13:MX_GPIO_Init	56	static
../Core/Src/main.c:722:6:Error_Handler	4	static,ignoring_inline_asm
